Archive member included to satisfy reference by file (symbol)

libapp.a(atoi.c.obj)          (--whole-archive)
libapp.a(strtol.c.obj)        (--whole-archive)
libapp.a(strtoul.c.obj)       (--whole-archive)
libapp.a(strncasecmp.c.obj)   (--whole-archive)
libapp.a(strstr.c.obj)        (--whole-archive)
libapp.a(string.c.obj)        (--whole-archive)
libapp.a(prf.c.obj)           (--whole-archive)
libapp.a(stdout_console.c.obj)
                              (--whole-archive)
libapp.a(sprintf.c.obj)       (--whole-archive)
libapp.a(fprintf.c.obj)       (--whole-archive)
libapp.a(main.c.obj)          (--whole-archive)
zephyr/libzephyr.a(isr_tables.c.obj)
                              (--whole-archive)
zephyr/libzephyr.a(mpu_regions.c.obj)
                              (--whole-archive)
zephyr/libzephyr.a(power.c.obj)
                              (--whole-archive)
zephyr/libzephyr.a(soc.c.obj)
                              (--whole-archive)
zephyr/libzephyr.a(exc_exit.S.obj)
                              (--whole-archive)
zephyr/libzephyr.a(irq_init.c.obj)
                              (--whole-archive)
zephyr/libzephyr.a(swap.c.obj)
                              (--whole-archive)
zephyr/libzephyr.a(swap_helper.S.obj)
                              (--whole-archive)
zephyr/libzephyr.a(fault.c.obj)
                              (--whole-archive)
zephyr/libzephyr.a(irq_manage.c.obj)
                              (--whole-archive)
zephyr/libzephyr.a(thread.c.obj)
                              (--whole-archive)
zephyr/libzephyr.a(cpu_idle.S.obj)
                              (--whole-archive)
zephyr/libzephyr.a(fault_s.S.obj)
                              (--whole-archive)
zephyr/libzephyr.a(fatal.c.obj)
                              (--whole-archive)
zephyr/libzephyr.a(sys_fatal_error_handler.c.obj)
                              (--whole-archive)
zephyr/libzephyr.a(thread_abort.c.obj)
                              (--whole-archive)
zephyr/libzephyr.a(isr_wrapper.S.obj)
                              (--whole-archive)
zephyr/libzephyr.a(vector_table.S.obj)
                              (--whole-archive)
zephyr/libzephyr.a(reset.S.obj)
                              (--whole-archive)
zephyr/libzephyr.a(nmi_on_reset.S.obj)
                              (--whole-archive)
zephyr/libzephyr.a(prep_c.c.obj)
                              (--whole-archive)
zephyr/libzephyr.a(scb.c.obj)
                              (--whole-archive)
zephyr/libzephyr.a(nmi.c.obj)
                              (--whole-archive)
zephyr/libzephyr.a(exc_manage.c.obj)
                              (--whole-archive)
zephyr/libzephyr.a(arm_core_mpu.c.obj)
                              (--whole-archive)
zephyr/libzephyr.a(arm_mpu.c.obj)
                              (--whole-archive)
zephyr/libzephyr.a(crc16_sw.c.obj)
                              (--whole-archive)
zephyr/libzephyr.a(crc8_sw.c.obj)
                              (--whole-archive)
zephyr/libzephyr.a(printk.c.obj)
                              (--whole-archive)
zephyr/libzephyr.a(configs.c.obj)
                              (--whole-archive)
zephyr/libzephyr.a(rand32_entropy_device.c.obj)
                              (--whole-archive)
zephyr/libzephyr.a(uart_console.c.obj)
                              (--whole-archive)
zephyr/libzephyr.a(nrf5_power_clock.c.obj)
                              (--whole-archive)
zephyr/libzephyr.a(gpio_nrf5.c.obj)
                              (--whole-archive)
zephyr/libzephyr.a(uart_nrf5.c.obj)
                              (--whole-archive)
zephyr/libzephyr.a(entropy_nrf5.c.obj)
                              (--whole-archive)
zephyr/libzephyr.a(sys_clock_init.c.obj)
                              (--whole-archive)
zephyr/libzephyr.a(nrf_rtc_timer.c.obj)
                              (--whole-archive)
zephyr/subsys/bluetooth/common/libsubsys__bluetooth__common.a(dummy.c.obj)
                              (--whole-archive)
zephyr/subsys/bluetooth/host/libsubsys__bluetooth__host.a(uuid.c.obj)
                              (--whole-archive)
zephyr/subsys/bluetooth/host/libsubsys__bluetooth__host.a(hci_core.c.obj)
                              (--whole-archive)
zephyr/subsys/bluetooth/controller/libsubsys__bluetooth__controller.a(mem.c.obj)
                              (--whole-archive)
zephyr/subsys/bluetooth/controller/libsubsys__bluetooth__controller.a(memq.c.obj)
                              (--whole-archive)
zephyr/subsys/bluetooth/controller/libsubsys__bluetooth__controller.a(mayfly.c.obj)
                              (--whole-archive)
zephyr/subsys/bluetooth/controller/libsubsys__bluetooth__controller.a(util.c.obj)
                              (--whole-archive)
zephyr/subsys/bluetooth/controller/libsubsys__bluetooth__controller.a(ticker.c.obj)
                              (--whole-archive)
zephyr/subsys/bluetooth/controller/libsubsys__bluetooth__controller.a(ll_addr.c.obj)
                              (--whole-archive)
[...]
Memory Configuration

Name             Origin             Length             Attributes
FLASH            0x0000000000000000 0x0000000000100000 xr
SRAM             0x0000000020000000 0x0000000000040000 xw
IDT_LIST         0x0000000020040000 0x0000000000000800 xw
*default*        0x0000000000000000 0xffffffffffffffff

Linker script and memory map

LOAD zephyr/CMakeFiles/kernel_elf.dir/misc/empty_file.c.obj
LOAD zephyr/CMakeFiles/kernel_elf.dir/isr_tables.c.obj
START GROUP
LOAD libapp.a
LOAD zephyr/libzephyr.a
LOAD zephyr/subsys/bluetooth/common/libsubsys__bluetooth__common.a
LOAD zephyr/subsys/bluetooth/host/libsubsys__bluetooth__host.a
LOAD zephyr/subsys/bluetooth/controller/libsubsys__bluetooth__controller.a
LOAD zephyr/subsys/net/libsubsys__net.a
LOAD zephyr/kernel/libkernel.a
LOAD zephyr/CMakeFiles/offsets.dir/arch/arm/core/offsets/offsets.c.obj
END GROUP
LOAD /home/swap/gcc-arm-none-eabi-7-2017-q4-major/bin/../lib/gcc/arm-none-eabi/7.2.1/thumb/v7e-m/libgcc.a
                0x0000000000000000                _image_rom_start = 0x0

text            0x0000000000000000     0xa2fc
                0x0000000000000000                . = 0x0
                0x0000000000000000                _vector_start = .
 *(.exc_vector_table)
 *(.exc_vector_table.*)
 .exc_vector_table._vector_table_section
                0x0000000000000000       0x40 zephyr/libzephyr.a(vector_table.S.obj)
                0x0000000000000000                _vector_table
 *(.gnu.linkonce.irq_vector_table)
 .gnu.linkonce.irq_vector_table
                0x0000000000000040       0xb8 zephyr/CMakeFiles/kernel_elf.dir/isr_tables.c.obj
                0x0000000000000040                _irq_vector_table
 *(.openocd_dbg)
 *(.openocd_dbg.*)
 *(.kinetis_flash_config)
 *(.kinetis_flash_config.*)
 *(.gnu.linkonce.sw_isr_table)
 .gnu.linkonce.sw_isr_table
                0x00000000000000f8      0x170 zephyr/CMakeFiles/kernel_elf.dir/isr_tables.c.obj
                0x00000000000000f8                _sw_isr_table
                0x0000000000000268                _vector_end = .
                0x0000000000000268                _image_text_start = .
 *(.text)
 .text          0x0000000000000268       0x30 /home/swap/gcc-arm-none-eabi-7-2017-q4-major/bin/../lib/gcc/arm-none-eabi/7.2.1/thumb/v7e-m/libgcc.a(_aeabi_uldivmod.o)
                0x0000000000000268                __aeabi_uldivmod
 .text          0x0000000000000298       0x28 /home/swap/gcc-arm-none-eabi-7-2017-q4-major/bin/../lib/gcc/arm-none-eabi/7.2.1/thumb/v7e-m/libgcc.a(_popcountsi2.o)
                0x0000000000000298                __popcountsi2
 .text          0x00000000000002c0      0x2cc /home/swap/gcc-arm-none-eabi-7-2017-q4-major/bin/../lib/gcc/arm-none-eabi/7.2.1/thumb/v7e-m/libgcc.a(_udivmoddi4.o)
                0x00000000000002c0                __udivmoddi4
 .text          0x000000000000058c        0x4 /home/swap/gcc-arm-none-eabi-7-2017-q4-major/bin/../lib/gcc/arm-none-eabi/7.2.1/thumb/v7e-m/libgcc.a(_dvmd_tls.o)
                0x000000000000058c                __aeabi_ldiv0
                0x000000000000058c                __aeabi_idiv0
 *(.text.*)
 .text.strcpy   0x0000000000000590       0x14 libapp.a(string.c.obj)
                0x0000000000000590                strcpy
 .text.strcmp   0x00000000000005a4       0x1a libapp.a(string.c.obj)
                0x00000000000005a4                strcmp
 .text.memcmp   0x00000000000005be       0x20 libapp.a(string.c.obj)
                0x00000000000005be                memcmp
 .text.memcpy   0x00000000000005de       0x5a libapp.a(string.c.obj)
                0x00000000000005de                memcpy
 .text.memset   0x0000000000000638       0x42 libapp.a(string.c.obj)
                0x0000000000000638                memset
 *fill*         0x000000000000067a        0x2 
 .text.main     0x000000000000067c       0x10 libapp.a(main.c.obj)
                0x000000000000067c                main
 .text.errata_36
                0x000000000000068c       0x20 zephyr/libzephyr.a(soc.c.obj)
 .text.nordicsemi_nrf52_init
                0x00000000000006ac      0x13c zephyr/libzephyr.a(soc.c.obj)
 .text._HandlerModeExit
                0x00000000000007e8       0x2c zephyr/libzephyr.a(exc_exit.S.obj)
                0x00000000000007e8                _ExcExit
                0x00000000000007e8                _IntExit
 .text._IntLibInit
                0x0000000000000814       0x18 zephyr/libzephyr.a(irq_init.c.obj)
                0x0000000000000814                _IntLibInit
 .text.__swap   0x000000000000082c       0x30 zephyr/libzephyr.a(swap.c.obj)
                0x000000000000082c                __swap
 .text.__pendsv
                0x000000000000085c       0x44 zephyr/libzephyr.a(swap_helper.S.obj)
                0x000000000000085c                __pendsv
 .text.__svc    0x00000000000008a0       0x3c zephyr/libzephyr.a(swap_helper.S.obj)
                0x00000000000008a0                __svc
 .text._FaultThreadShow.isra.2
                0x00000000000008dc       0x1c zephyr/libzephyr.a(fault.c.obj)
 .text._UsageFault
                0x00000000000008f8       0x90 zephyr/libzephyr.a(fault.c.obj)
 .text._MpuFault
                0x0000000000000988       0x8c zephyr/libzephyr.a(fault.c.obj)
 .text._BusFault
                0x0000000000000a14       0xa0 zephyr/libzephyr.a(fault.c.obj)
 .text._Fault   0x0000000000000ab4       0xcc zephyr/libzephyr.a(fault.c.obj)
                0x0000000000000ab4                _Fault
 .text._FaultInit
                0x0000000000000b80       0x10 zephyr/libzephyr.a(fault.c.obj)
                0x0000000000000b80                _FaultInit
 .text._arch_irq_enable
                0x0000000000000b90       0x20 zephyr/libzephyr.a(irq_manage.c.obj)
                0x0000000000000b90                _arch_irq_enable
 .text._arch_irq_disable
                0x0000000000000bb0       0x28 zephyr/libzephyr.a(irq_manage.c.obj)
                0x0000000000000bb0                _arch_irq_disable
 .text._arch_irq_is_enabled
                0x0000000000000bd8       0x1c zephyr/libzephyr.a(irq_manage.c.obj)
                0x0000000000000bd8                _arch_irq_is_enabled
 .text._irq_priority_set
                0x0000000000000bf4       0x30 zephyr/libzephyr.a(irq_manage.c.obj)
                0x0000000000000bf4                _irq_priority_set
 .text._irq_spurious
                0x0000000000000c24        0x4 zephyr/libzephyr.a(irq_manage.c.obj)
                0x0000000000000c24                _irq_spurious
 .text._arch_isr_direct_pm
                0x0000000000000c28       0x1c zephyr/libzephyr.a(irq_manage.c.obj)
                0x0000000000000c28                _arch_isr_direct_pm
 .text._new_thread
                0x0000000000000c44       0x50 zephyr/libzephyr.a(thread.c.obj)
                0x0000000000000c44                _new_thread
 .text._CpuIdleInit
                0x0000000000000c94        0xc zephyr/libzephyr.a(cpu_idle.S.obj)
                0x0000000000000c94                _CpuIdleInit
 .text.k_cpu_idle
                0x0000000000000ca0        0xc zephyr/libzephyr.a(cpu_idle.S.obj)
                0x0000000000000ca0                k_cpu_idle
 .text.__fault  0x0000000000000cac       0x28 zephyr/libzephyr.a(fault_s.S.obj)
                0x0000000000000cac                __usage_fault
                0x0000000000000cac                __reserved
                0x0000000000000cac                __bus_fault
                0x0000000000000cac                __debug_monitor
                0x0000000000000cac                __mpu_fault
                0x0000000000000cac                __hard_fault
 .text._NanoFatalErrorHandler
                0x0000000000000cd4       0x58 zephyr/libzephyr.a(fatal.c.obj)
                0x0000000000000cd4                _NanoFatalErrorHandler
 .text._do_kernel_oops
                0x0000000000000d2c        0x8 zephyr/libzephyr.a(fatal.c.obj)
                0x0000000000000d2c                _do_kernel_oops
 .text._SysFatalErrorHandler
                0x0000000000000d34       0x58 zephyr/libzephyr.a(sys_fatal_error_handler.c.obj)
                0x0000000000000d34                _SysFatalErrorHandler
 .text._impl_k_thread_abort
                0x0000000000000d8c       0x4c zephyr/libzephyr.a(thread_abort.c.obj)
                0x0000000000000d8c                _impl_k_thread_abort
 .text._isr_wrapper
                0x0000000000000dd8       0x3c zephyr/libzephyr.a(isr_wrapper.S.obj)
                0x0000000000000dd8                _isr_wrapper
 .text._reset_section
                0x0000000000000e14       0x20 zephyr/libzephyr.a(reset.S.obj)
                0x0000000000000e14                __reset
                0x0000000000000e14                __start
 .text._SysNmiOnReset
                0x0000000000000e34        0x8 zephyr/libzephyr.a(nmi_on_reset.S.obj)
                0x0000000000000e34                _SysNmiOnReset
 .text._PrepC   0x0000000000000e3c       0x28 zephyr/libzephyr.a(prep_c.c.obj)
                0x0000000000000e3c                _PrepC
 .text.__nmi    0x0000000000000e64        0xe zephyr/libzephyr.a(nmi.c.obj)
                0x0000000000000e64                __nmi
 *fill*         0x0000000000000e72        0x2 
 .text.arm_mpu_init
                0x0000000000000e74       0x64 zephyr/libzephyr.a(arm_mpu.c.obj)
 .text._nop_char_out
                0x0000000000000ed8        0x4 zephyr/libzephyr.a(printk.c.obj)
 .text.char_out
                0x0000000000000edc       0x10 zephyr/libzephyr.a(printk.c.obj)
 .text._printk_dec_ulong
                0x0000000000000eec       0xa0 zephyr/libzephyr.a(printk.c.obj)
 .text.str_out  0x0000000000000f8c       0x26 zephyr/libzephyr.a(printk.c.obj)
 *fill*         0x0000000000000fb2        0x2 
 .text.__printk_hook_install
                0x0000000000000fb4        0xc zephyr/libzephyr.a(printk.c.obj)
                0x0000000000000fb4                __printk_hook_install
 .text._vprintk
                0x0000000000000fc0      0x262 zephyr/libzephyr.a(printk.c.obj)
                0x0000000000000fc0                _vprintk
 *fill*         0x0000000000001222        0x2 
 .text.vprintk  0x0000000000001224       0x20 zephyr/libzephyr.a(printk.c.obj)
                0x0000000000001224                vprintk
 .text.printk   0x0000000000001244       0x1a zephyr/libzephyr.a(printk.c.obj)
                0x0000000000001244                printk
 *fill*         0x000000000000125e        0x2 
 .text.snprintk
                0x0000000000001260       0x38 zephyr/libzephyr.a(printk.c.obj)
                0x0000000000001260                snprintk
 .text._ConfigAbsSyms
                0x0000000000001298        0x2 zephyr/libzephyr.a(configs.c.obj)
                0x0000000000001298                _ConfigAbsSyms
 *fill*         0x000000000000129a        0x2 
 .text.sys_rand32_get
                0x000000000000129c       0x50 zephyr/libzephyr.a(rand32_entropy_device.c.obj)
                0x000000000000129c                sys_rand32_get
 .text.console_out
                0x00000000000012ec       0x28 zephyr/libzephyr.a(uart_console.c.obj)
 .text.uart_console_hook_install
                0x0000000000001314        0xc zephyr/libzephyr.a(uart_console.c.obj)
                0x0000000000001314                uart_console_hook_install
 .text.uart_console_init
                0x0000000000001320       0x1c zephyr/libzephyr.a(uart_console.c.obj)
 .text._m16src_stop
                0x000000000000133c       0x5c zephyr/libzephyr.a(nrf5_power_clock.c.obj)
 .text._clock_control_init
                0x0000000000001398       0x16 zephyr/libzephyr.a(nrf5_power_clock.c.obj)
 *fill*         0x00000000000013ae        0x2 
 .text._m16src_start
                0x00000000000013b0       0xb0 zephyr/libzephyr.a(nrf5_power_clock.c.obj)
 .text._power_clock_isr
                0x0000000000001460       0x9c zephyr/libzephyr.a(nrf5_power_clock.c.obj)
 .text._k32src_start
                0x00000000000014fc       0xcc zephyr/libzephyr.a(nrf5_power_clock.c.obj)
 .text.gpiote_find_channel
                0x00000000000015c8       0x32 zephyr/libzephyr.a(gpio_nrf5.c.obj)
 .text.gpio_nrf5_read
                0x00000000000015fa       0x20 zephyr/libzephyr.a(gpio_nrf5.c.obj)
 .text.gpio_nrf5_write
                0x000000000000161a       0x24 zephyr/libzephyr.a(gpio_nrf5.c.obj)
 .text.gpio_nrf5_manage_callback
                0x000000000000163e       0x42 zephyr/libzephyr.a(gpio_nrf5.c.obj)
 .text.gpio_nrf5_enable_callback
                0x0000000000001680       0x40 zephyr/libzephyr.a(gpio_nrf5.c.obj)
 .text.gpio_nrf5_disable_callback
                0x00000000000016c0       0x3a zephyr/libzephyr.a(gpio_nrf5.c.obj)
 .text.gpio_nrf5_P0_init
                0x00000000000016fa       0x16 zephyr/libzephyr.a(gpio_nrf5.c.obj)
 .text.gpio_nrf5_port_isr
                0x0000000000001710       0x66 zephyr/libzephyr.a(gpio_nrf5.c.obj)
 *fill*         0x0000000000001776        0x2 
 .text.gpio_nrf5_config
                0x0000000000001778      0x10c zephyr/libzephyr.a(gpio_nrf5.c.obj)
 .text.uart_nrf5_poll_in
                0x0000000000001884       0x20 zephyr/libzephyr.a(uart_nrf5.c.obj)
 .text.uart_nrf5_poll_out
                0x00000000000018a4       0x1c zephyr/libzephyr.a(uart_nrf5.c.obj)
 .text.uart_nrf5_err_check
                0x00000000000018c0       0x1a zephyr/libzephyr.a(uart_nrf5.c.obj)
 *fill*         0x00000000000018da        0x2 
 .text.uart_nrf5_init
                0x00000000000018dc       0x74 zephyr/libzephyr.a(uart_nrf5.c.obj)
 .text.get      0x0000000000001950       0xc4 zephyr/libzephyr.a(entropy_nrf5.c.obj)
 .text.isr      0x0000000000001a14       0x48 zephyr/libzephyr.a(entropy_nrf5.c.obj)
 .text.entropy_nrf5_init
                0x0000000000001a5c       0x74 zephyr/libzephyr.a(entropy_nrf5.c.obj)
 .text.isr_rand
                0x0000000000001ad0       0x54 zephyr/libzephyr.a(entropy_nrf5.c.obj)
 .text.entropy_nrf5_get_entropy
                0x0000000000001b24       0x54 zephyr/libzephyr.a(entropy_nrf5.c.obj)
 .text.entropy_get_entropy_isr
                0x0000000000001b78       0x10 zephyr/libzephyr.a(entropy_nrf5.c.obj)
                0x0000000000001b78                entropy_get_entropy_isr
 .text.rtc_compare_set
                0x0000000000001b88       0x30 zephyr/libzephyr.a(nrf_rtc_timer.c.obj)
 .text.rtc_announce_set_next
                0x0000000000001bb8       0x5c zephyr/libzephyr.a(nrf_rtc_timer.c.obj)
 .text.rtc1_nrf5_isr
                0x0000000000001c14       0x10 zephyr/libzephyr.a(nrf_rtc_timer.c.obj)
 .text._timer_idle_enter
                0x0000000000001c24       0x28 zephyr/libzephyr.a(nrf_rtc_timer.c.obj)
                0x0000000000001c24                _timer_idle_enter
 .text._timer_idle_exit
                0x0000000000001c4c       0x2c zephyr/libzephyr.a(nrf_rtc_timer.c.obj)
                0x0000000000001c4c                _timer_idle_exit
 .text._sys_clock_driver_init
                0x0000000000001c78       0x78 zephyr/libzephyr.a(nrf_rtc_timer.c.obj)
                0x0000000000001c78                _sys_clock_driver_init
 .text._timer_cycle_get_32
                0x0000000000001cf0       0x3c zephyr/libzephyr.a(nrf_rtc_timer.c.obj)
                0x0000000000001cf0                _timer_cycle_get_32
 .text.atomic_or
                0x0000000000001d2c       0x1e zephyr/subsys/bluetooth/host/libsubsys__bluetooth__host.a(hci_core.c.obj)
 .text.atomic_and
                0x0000000000001d4a       0x1e zephyr/subsys/bluetooth/host/libsubsys__bluetooth__host.a(hci_core.c.obj)
 .text.hci_cmd_done.isra.9
                0x0000000000001d68       0x50 zephyr/subsys/bluetooth/host/libsubsys__bluetooth__host.a(hci_core.c.obj)
 .text.atomic_test_bit.constprop.24
                0x0000000000001db8       0x1c zephyr/subsys/bluetooth/host/libsubsys__bluetooth__host.a(hci_core.c.obj)
 .text.bt_hci_cmd_create
                0x0000000000001dd4       0x60 zephyr/subsys/bluetooth/host/libsubsys__bluetooth__host.a(hci_core.c.obj)
                0x0000000000001dd4                bt_hci_cmd_create
 .text.bt_hci_cmd_send_sync
                0x0000000000001e34       0x7c zephyr/subsys/bluetooth/host/libsubsys__bluetooth__host.a(hci_core.c.obj)
                0x0000000000001e34                bt_hci_cmd_send_sync
 .text.set_random_address
                0x0000000000001eb0       0x5c zephyr/subsys/bluetooth/host/libsubsys__bluetooth__host.a(hci_core.c.obj)
 .text.set_le_scan_enable
                0x0000000000001f0c       0x68 zephyr/subsys/bluetooth/host/libsubsys__bluetooth__host.a(hci_core.c.obj)
 .text.bt_le_scan_update
                0x0000000000001f74       0x22 zephyr/subsys/bluetooth/host/libsubsys__bluetooth__host.a(hci_core.c.obj)
                0x0000000000001f74                bt_le_scan_update
 .text.bt_addr_le_create_static
                0x0000000000001f96       0x1c zephyr/subsys/bluetooth/host/libsubsys__bluetooth__host.a(hci_core.c.obj)
                0x0000000000001f96                bt_addr_le_create_static
 *fill*         0x0000000000001fb2        0x2 
 .text.hci_init
                0x0000000000001fb4      0x390 zephyr/subsys/bluetooth/host/libsubsys__bluetooth__host.a(hci_core.c.obj)
 .text.init_work
                0x0000000000002344       0x30 zephyr/subsys/bluetooth/host/libsubsys__bluetooth__host.a(hci_core.c.obj)
 .text.bt_recv  0x0000000000002374      0x160 zephyr/subsys/bluetooth/host/libsubsys__bluetooth__host.a(hci_core.c.obj)
                0x0000000000002374                bt_recv
 .text.bt_recv_prio
                0x00000000000024d4       0x8c zephyr/subsys/bluetooth/host/libsubsys__bluetooth__host.a(hci_core.c.obj)
                0x00000000000024d4                bt_recv_prio
 .text.bt_hci_driver_register
                0x0000000000002560       0x28 zephyr/subsys/bluetooth/host/libsubsys__bluetooth__host.a(hci_core.c.obj)
                0x0000000000002560                bt_hci_driver_register
 .text.bt_buf_get_rx
                0x0000000000002588       0x20 zephyr/subsys/bluetooth/host/libsubsys__bluetooth__host.a(hci_core.c.obj)
                0x0000000000002588                bt_buf_get_rx
 .text.bt_buf_get_cmd_complete
                0x00000000000025a8       0x44 zephyr/subsys/bluetooth/host/libsubsys__bluetooth__host.a(hci_core.c.obj)
                0x00000000000025a8                bt_buf_get_cmd_complete
 .text.mem_init
                0x00000000000025ec       0x48 zephyr/subsys/bluetooth/controller/libsubsys__bluetooth__controller.a(mem.c.obj)
                0x00000000000025ec                mem_init
 .text.mem_acquire
                0x0000000000002634       0x32 zephyr/subsys/bluetooth/controller/libsubsys__bluetooth__controller.a(mem.c.obj)
                0x0000000000002634                mem_acquire
 .text.mem_release
                0x0000000000002666       0x2a zephyr/subsys/bluetooth/controller/libsubsys__bluetooth__controller.a(mem.c.obj)
                0x0000000000002666                mem_release
 .text.mem_get  0x0000000000002690        0x6 zephyr/subsys/bluetooth/controller/libsubsys__bluetooth__controller.a(mem.c.obj)
                0x0000000000002690                mem_get
 .text.mem_index_get
                0x0000000000002696        0xa zephyr/subsys/bluetooth/controller/libsubsys__bluetooth__controller.a(mem.c.obj)
                0x0000000000002696                mem_index_get
 .text.mem_rcopy
                0x00000000000026a0       0x1e zephyr/subsys/bluetooth/controller/libsubsys__bluetooth__controller.a(mem.c.obj)
                0x00000000000026a0                mem_rcopy
 .text.memq_init
                0x00000000000026be        0x6 zephyr/subsys/bluetooth/controller/libsubsys__bluetooth__controller.a(memq.c.obj)
                0x00000000000026be                memq_init
 .text.memq_enqueue
                0x00000000000026c4        0xe zephyr/subsys/bluetooth/controller/libsubsys__bluetooth__controller.a(memq.c.obj)
                0x00000000000026c4                memq_enqueue
 .text.memq_peek
                0x00000000000026d2       0x10 zephyr/subsys/bluetooth/controller/libsubsys__bluetooth__controller.a(memq.c.obj)
                0x00000000000026d2                memq_peek
 .text.memq_dequeue
                0x00000000000026e2       0x1a zephyr/subsys/bluetooth/controller/libsubsys__bluetooth__controller.a(memq.c.obj)
                0x00000000000026e2                memq_dequeue
 .text.mayfly_init
                0x00000000000026fc       0x54 zephyr/subsys/bluetooth/controller/libsubsys__bluetooth__controller.a(mayfly.c.obj)
                0x00000000000026fc                mayfly_init
 .text.mayfly_enable
                0x0000000000002750       0x50 zephyr/subsys/bluetooth/controller/libsubsys__bluetooth__controller.a(mayfly.c.obj)
                0x0000000000002750                mayfly_enable
 .text.mayfly_enqueue
                0x00000000000027a0       0x9c zephyr/subsys/bluetooth/controller/libsubsys__bluetooth__controller.a(mayfly.c.obj)
                0x00000000000027a0                mayfly_enqueue
 .text.mayfly_run
                0x000000000000283c      0x124 zephyr/subsys/bluetooth/controller/libsubsys__bluetooth__controller.a(mayfly.c.obj)
                0x000000000000283c                mayfly_run
 .text.util_ones_count_get
                0x0000000000002960       0x22 zephyr/subsys/bluetooth/controller/libsubsys__bluetooth__controller.a(util.c.obj)
                0x0000000000002960                util_ones_count_get
 .text.ticker_dequeue
                0x0000000000002982       0x56 zephyr/subsys/bluetooth/controller/libsubsys__bluetooth__controller.a(ticker.c.obj)
 .text.ticks_to_expire_prep
                0x00000000000029d8       0x3c zephyr/subsys/bluetooth/controller/libsubsys__bluetooth__controller.a(ticker.c.obj)
 .text.ticker_job_op_cb
                0x0000000000002a14       0x14 zephyr/subsys/bluetooth/controller/libsubsys__bluetooth__controller.a(ticker.c.obj)
 .text.ticker_worker
                0x0000000000002a28       0xa8 zephyr/subsys/bluetooth/controller/libsubsys__bluetooth__controller.a(ticker.c.obj)
                0x0000000000002a28                ticker_worker
 .text.ticker_job
                0x0000000000002ad0      0x770 zephyr/subsys/bluetooth/controller/libsubsys__bluetooth__controller.a(ticker.c.obj)
                0x0000000000002ad0                ticker_job
 .text.ticker_init
                0x0000000000003240       0x78 zephyr/subsys/bluetooth/controller/libsubsys__bluetooth__controller.a(ticker.c.obj)
                0x0000000000003240                ticker_init
 .text.ticker_trigger
                0x00000000000032b8       0x24 zephyr/subsys/bluetooth/controller/libsubsys__bluetooth__controller.a(ticker.c.obj)
                0x00000000000032b8                ticker_trigger
 .text.ticker_start
                0x00000000000032dc       0x94 zephyr/subsys/bluetooth/controller/libsubsys__bluetooth__controller.a(ticker.c.obj)
                0x00000000000032dc                ticker_start
 .text.ticker_update
                0x0000000000003370       0x94 zephyr/subsys/bluetooth/controller/libsubsys__bluetooth__controller.a(ticker.c.obj)
                0x0000000000003370                ticker_update
 .text.ticker_stop
                0x0000000000003404       0x74 zephyr/subsys/bluetooth/controller/libsubsys__bluetooth__controller.a(ticker.c.obj)
                0x0000000000003404                ticker_stop
 .text.ticker_next_slot_get
                0x0000000000003478       0x7c zephyr/subsys/bluetooth/controller/libsubsys__bluetooth__controller.a(ticker.c.obj)
                0x0000000000003478                ticker_next_slot_get
 .text.ticker_job_idle_get
                0x00000000000034f4       0x74 zephyr/subsys/bluetooth/controller/libsubsys__bluetooth__controller.a(ticker.c.obj)
                0x00000000000034f4                ticker_job_idle_get
 .text.ticker_job_sched
                0x0000000000003568       0x2c zephyr/subsys/bluetooth/controller/libsubsys__bluetooth__controller.a(ticker.c.obj)
                0x0000000000003568                ticker_job_sched
 .text.ticker_ticks_now_get
                0x0000000000003594        0x4 zephyr/subsys/bluetooth/controller/libsubsys__bluetooth__controller.a(ticker.c.obj)
                0x0000000000003594                ticker_ticks_now_get
 .text.ticker_ticks_diff_get
                0x0000000000003598        0x8 zephyr/subsys/bluetooth/controller/libsubsys__bluetooth__controller.a(ticker.c.obj)
                0x0000000000003598                ticker_ticks_diff_get
 .text.ll_addr_get
                0x00000000000035a0       0x34 zephyr/subsys/bluetooth/controller/libsubsys__bluetooth__controller.a(ll_addr.c.obj)
                0x00000000000035a0                ll_addr_get
 .text.ll_addr_set
                0x00000000000035d4       0x38 zephyr/subsys/bluetooth/controller/libsubsys__bluetooth__controller.a(ll_addr.c.obj)
                0x00000000000035d4                ll_addr_set
 .text.ll_tx_pwr_get
                0x000000000000360c        0x8 zephyr/subsys/bluetooth/controller/libsubsys__bluetooth__controller.a(ll_tx_pwr.c.obj)
                0x000000000000360c                ll_tx_pwr_get
 .text.bt_rand  0x0000000000003614       0x34 zephyr/subsys/bluetooth/controller/libsubsys__bluetooth__controller.a(crypto.c.obj)
                0x0000000000003614                bt_rand
 .text._hci_driver_init
                0x0000000000003648       0x10 zephyr/subsys/bluetooth/controller/libsubsys__bluetooth__controller.a(hci_driver.c.obj)
 .text.hci_driver_send
                0x0000000000003658       0x26 zephyr/subsys/bluetooth/controller/libsubsys__bluetooth__controller.a(hci_driver.c.obj)
 *fill*         0x000000000000367e        0x2 
 .text.recv_thread
                0x0000000000003680       0x78 zephyr/subsys/bluetooth/controller/libsubsys__bluetooth__controller.a(hci_driver.c.obj)
 .text.prio_recv_thread
                0x00000000000036f8       0x3c zephyr/subsys/bluetooth/controller/libsubsys__bluetooth__controller.a(hci_driver.c.obj)
 .text.hci_driver_open
                0x0000000000003734       0x70 zephyr/subsys/bluetooth/controller/libsubsys__bluetooth__controller.a(hci_driver.c.obj)
 .text.sys_put_le32
                0x00000000000037a4       0x12 zephyr/subsys/bluetooth/controller/libsubsys__bluetooth__controller.a(hci.c.obj)
 .text.evt_create
                0x00000000000037b6       0x14 zephyr/subsys/bluetooth/controller/libsubsys__bluetooth__controller.a(hci.c.obj)
 *fill*         0x00000000000037ca        0x2 
 .text.cmd_complete
                0x00000000000037cc       0x44 zephyr/subsys/bluetooth/controller/libsubsys__bluetooth__controller.a(hci.c.obj)
 .text.meta_evt
                0x0000000000003810       0x2a zephyr/subsys/bluetooth/controller/libsubsys__bluetooth__controller.a(hci.c.obj)
 *fill*         0x000000000000383a        0x2 
 .text.le_remote_feat_complete
                0x000000000000383c       0x68 zephyr/subsys/bluetooth/controller/libsubsys__bluetooth__controller.a(hci.c.obj)
 .text.bt_addr_le_to_str.constprop.43
                0x00000000000038a4       0x78 zephyr/subsys/bluetooth/controller/libsubsys__bluetooth__controller.a(hci.c.obj)
 .text.le_adv_ext_report.isra.38.part.39
                0x000000000000391c       0x36 zephyr/subsys/bluetooth/controller/libsubsys__bluetooth__controller.a(hci.c.obj)
 .text.sys_get_le64
                0x0000000000003952        0x8 zephyr/subsys/bluetooth/controller/libsubsys__bluetooth__controller.a(hci.c.obj)
 *fill*         0x000000000000395a        0x2 
 .text.hci_cmd_handle
                0x000000000000395c      0x5d0 zephyr/subsys/bluetooth/controller/libsubsys__bluetooth__controller.a(hci.c.obj)
                0x000000000000395c                hci_cmd_handle
 .text.hci_evt_encode
                0x0000000000003f2c      0x1d0 zephyr/subsys/bluetooth/controller/libsubsys__bluetooth__controller.a(hci.c.obj)
                0x0000000000003f2c                hci_evt_encode
 .text.hci_get_class
                0x00000000000040fc       0x40 zephyr/subsys/bluetooth/controller/libsubsys__bluetooth__controller.a(hci.c.obj)
                0x00000000000040fc                hci_get_class
 .text.hci_init
                0x000000000000413c       0x24 zephyr/subsys/bluetooth/controller/libsubsys__bluetooth__controller.a(hci.c.obj)
                0x000000000000413c                hci_init
 .text.cpu_sleep
                0x0000000000004160        0x8 zephyr/subsys/bluetooth/controller/libsubsys__bluetooth__controller.a(ctrl.c.obj)
 .text.pdu_len_cmp
                0x0000000000004168       0x3c zephyr/subsys/bluetooth/controller/libsubsys__bluetooth__controller.a(ctrl.c.obj)
 .text.ticker_if_done
                0x00000000000041a4        0x4 zephyr/subsys/bluetooth/controller/libsubsys__bluetooth__controller.a(ctrl.c.obj)
 .text.prepare_reduced
                0x00000000000041a8        0xc zephyr/subsys/bluetooth/controller/libsubsys__bluetooth__controller.a(ctrl.c.obj)
 .text.prepare_normal
                0x00000000000041b4        0xc zephyr/subsys/bluetooth/controller/libsubsys__bluetooth__controller.a(ctrl.c.obj)
 .text.chan_sel_remap
                0x00000000000041c0       0x36 zephyr/subsys/bluetooth/controller/libsubsys__bluetooth__controller.a(ctrl.c.obj)
 *fill*         0x00000000000041f6        0x2 
 .text.packet_rx_reserve_get
                0x00000000000041f8       0x38 zephyr/subsys/bluetooth/controller/libsubsys__bluetooth__controller.a(ctrl.c.obj)
 .text.conn_update_req
                0x0000000000004230       0x68 zephyr/subsys/bluetooth/controller/libsubsys__bluetooth__controller.a(ctrl.c.obj)
 .text.tx_cmplt_get
                0x0000000000004298       0x94 zephyr/subsys/bluetooth/controller/libsubsys__bluetooth__controller.a(ctrl.c.obj)
 .text.connection_get
                0x000000000000432c       0x2c zephyr/subsys/bluetooth/controller/libsubsys__bluetooth__controller.a(ctrl.c.obj)
 .text.role_disable
                0x0000000000004358      0x1f0 zephyr/subsys/bluetooth/controller/libsubsys__bluetooth__controller.a(ctrl.c.obj)
 .text.sched_after_mstr_free_slot_get
                0x0000000000004548      0x124 zephyr/subsys/bluetooth/controller/libsubsys__bluetooth__controller.a(ctrl.c.obj)
 .text.isr_adv_ci_adva_check
                0x000000000000466c       0x48 zephyr/subsys/bluetooth/controller/libsubsys__bluetooth__controller.a(ctrl.c.obj)
 .text.rx_fc_lock
                0x00000000000046b4       0x34 zephyr/subsys/bluetooth/controller/libsubsys__bluetooth__controller.a(ctrl.c.obj)
 .text.ticker_success_assert.part.5
                0x00000000000046e8        0xc zephyr/subsys/bluetooth/controller/libsubsys__bluetooth__controller.a(ctrl.c.obj)
 .text.ticker_success_assert
                0x00000000000046f4        0xa zephyr/subsys/bluetooth/controller/libsubsys__bluetooth__controller.a(ctrl.c.obj)
 *fill*         0x00000000000046fe        0x2 
 .text.ticker_stop_adv_assert
                0x0000000000004700       0x30 zephyr/subsys/bluetooth/controller/libsubsys__bluetooth__controller.a(ctrl.c.obj)
 .text.ticker_stop_scan_assert
                0x0000000000004730       0x30 zephyr/subsys/bluetooth/controller/libsubsys__bluetooth__controller.a(ctrl.c.obj)
 .text.ticker_update_adv_assert
                0x0000000000004760       0x18 zephyr/subsys/bluetooth/controller/libsubsys__bluetooth__controller.a(ctrl.c.obj)
 .text.ticker_update_slave_assert
                0x0000000000004778       0x18 zephyr/subsys/bluetooth/controller/libsubsys__bluetooth__controller.a(ctrl.c.obj)
 .text.ticker_job_disable
                0x0000000000004790       0x18 zephyr/subsys/bluetooth/controller/libsubsys__bluetooth__controller.a(ctrl.c.obj)
 .text.hdr_conn_get
                0x00000000000047a8       0x3c zephyr/subsys/bluetooth/controller/libsubsys__bluetooth__controller.a(ctrl.c.obj)
 .text.mayfly_xtal_retain.part.16
                0x00000000000047e4       0x34 zephyr/subsys/bluetooth/controller/libsubsys__bluetooth__controller.a(ctrl.c.obj)
 .text.event_active
                0x0000000000004818       0x1c zephyr/subsys/bluetooth/controller/libsubsys__bluetooth__controller.a(ctrl.c.obj)
 .text.event_xtal
                0x0000000000004834       0x1c zephyr/subsys/bluetooth/controller/libsubsys__bluetooth__controller.a(ctrl.c.obj)
 .text.mayfly_radio_active
                0x0000000000004850       0x30 zephyr/subsys/bluetooth/controller/libsubsys__bluetooth__controller.a(ctrl.c.obj)
 .text.mayfly_radio_inactive
                0x0000000000004880        0x6 zephyr/subsys/bluetooth/controller/libsubsys__bluetooth__controller.a(ctrl.c.obj)
 *fill*         0x0000000000004886        0x2 
 .text.mayfly_radio_stop
                0x0000000000004888       0x34 zephyr/subsys/bluetooth/controller/libsubsys__bluetooth__controller.a(ctrl.c.obj)
 .text.rx_packet_set
                0x00000000000048bc       0x42 zephyr/subsys/bluetooth/controller/libsubsys__bluetooth__controller.a(ctrl.c.obj)
 *fill*         0x00000000000048fe        0x2 
 .text.pdu_node_tx_release
                0x0000000000004900       0x48 zephyr/subsys/bluetooth/controller/libsubsys__bluetooth__controller.a(ctrl.c.obj)
 .text.packet_tx_enqueue
                0x0000000000004948       0xa0 zephyr/subsys/bluetooth/controller/libsubsys__bluetooth__controller.a(ctrl.c.obj)
 .text.connection_release
                0x00000000000049e8      0x108 zephyr/subsys/bluetooth/controller/libsubsys__bluetooth__controller.a(ctrl.c.obj)
 .text.tx_packet_set
                0x0000000000004af0       0x40 zephyr/subsys/bluetooth/controller/libsubsys__bluetooth__controller.a(ctrl.c.obj)
 .text.chan_set
                0x0000000000004b30       0x3e zephyr/subsys/bluetooth/controller/libsubsys__bluetooth__controller.a(ctrl.c.obj)
 *fill*         0x0000000000004b6e        0x2 
 .text.adv_setup
                0x0000000000004b70       0xb0 zephyr/subsys/bluetooth/controller/libsubsys__bluetooth__controller.a(ctrl.c.obj)
 .text.sched_after_mstr_free_offset_get
                0x0000000000004c20       0x74 zephyr/subsys/bluetooth/controller/libsubsys__bluetooth__controller.a(ctrl.c.obj)
 .text.mayfly_sched_win_offset_use
                0x0000000000004c94       0x2e zephyr/subsys/bluetooth/controller/libsubsys__bluetooth__controller.a(ctrl.c.obj)
 *fill*         0x0000000000004cc2        0x2 
 .text.ticker_stop_adv_stop
                0x0000000000004cc4      0x114 zephyr/subsys/bluetooth/controller/libsubsys__bluetooth__controller.a(ctrl.c.obj)
 .text.isr_scan_tgta_check.isra.31
                0x0000000000004dd8       0x60 zephyr/subsys/bluetooth/controller/libsubsys__bluetooth__controller.a(ctrl.c.obj)
 .text.packet_rx_enqueue
                0x0000000000004e38       0x60 zephyr/subsys/bluetooth/controller/libsubsys__bluetooth__controller.a(ctrl.c.obj)
 .text.mayfly_adv_stop
                0x0000000000004e98       0x30 zephyr/subsys/bluetooth/controller/libsubsys__bluetooth__controller.a(ctrl.c.obj)
 .text.terminate_ind_rx_enqueue
                0x0000000000004ec8       0x50 zephyr/subsys/bluetooth/controller/libsubsys__bluetooth__controller.a(ctrl.c.obj)
 .text.isr_rx_scan_report.isra.38.part.39
                0x0000000000004f18        0xc zephyr/subsys/bluetooth/controller/libsubsys__bluetooth__controller.a(ctrl.c.obj)
 .text.isr_rx_scan_report.isra.38
                0x0000000000004f24       0x60 zephyr/subsys/bluetooth/controller/libsubsys__bluetooth__controller.a(ctrl.c.obj)
 .text.prepare_normal_set
                0x0000000000004f84       0x48 zephyr/subsys/bluetooth/controller/libsubsys__bluetooth__controller.a(ctrl.c.obj)
 .text.adv_scan_configure.constprop.48
                0x0000000000004fcc       0x54 zephyr/subsys/bluetooth/controller/libsubsys__bluetooth__controller.a(ctrl.c.obj)
 .text.event_stop.constprop.49
                0x0000000000005020       0x1c zephyr/subsys/bluetooth/controller/libsubsys__bluetooth__controller.a(ctrl.c.obj)
 .text.event_common_prepare
                0x000000000000503c      0x174 zephyr/subsys/bluetooth/controller/libsubsys__bluetooth__controller.a(ctrl.c.obj)
 .text.radio_event_adv_prepare
                0x00000000000051b0       0x38 zephyr/subsys/bluetooth/controller/libsubsys__bluetooth__controller.a(ctrl.c.obj)
                0x00000000000051b0                radio_event_adv_prepare
 .text.event_adv_stop
                0x00000000000051e8       0x30 zephyr/subsys/bluetooth/controller/libsubsys__bluetooth__controller.a(ctrl.c.obj)
                0x00000000000051e8                event_adv_stop
 .text.packet_rx_allocate.constprop.50
                0x0000000000005218       0x94 zephyr/subsys/bluetooth/controller/libsubsys__bluetooth__controller.a(ctrl.c.obj)
 .text.common_init
                0x00000000000052ac       0xcc zephyr/subsys/bluetooth/controller/libsubsys__bluetooth__controller.a(ctrl.c.obj)
 .text.mayfly_xtal_start
                0x0000000000005378       0x10 zephyr/subsys/bluetooth/controller/libsubsys__bluetooth__controller.a(ctrl.c.obj)
 .text.mayfly_xtal_stop
                0x0000000000005388       0x10 zephyr/subsys/bluetooth/controller/libsubsys__bluetooth__controller.a(ctrl.c.obj)
 .text.chan_sel_2
                0x0000000000005398       0x86 zephyr/subsys/bluetooth/controller/libsubsys__bluetooth__controller.a(ctrl.c.obj)
 *fill*         0x000000000000541e        0x2 
 .text.preempt_calc
                0x0000000000005420       0x44 zephyr/subsys/bluetooth/controller/libsubsys__bluetooth__controller.a(ctrl.c.obj)
 .text.event_adv
                0x0000000000005464       0xb4 zephyr/subsys/bluetooth/controller/libsubsys__bluetooth__controller.a(ctrl.c.obj)
 .text.connection_configure
                0x0000000000005518       0x3c zephyr/subsys/bluetooth/controller/libsubsys__bluetooth__controller.a(ctrl.c.obj)
 .text.event_slave
                0x0000000000005554      0x170 zephyr/subsys/bluetooth/controller/libsubsys__bluetooth__controller.a(ctrl.c.obj)
 .text.ctrl_tx_enqueue
                0x00000000000056c4       0x5c zephyr/subsys/bluetooth/controller/libsubsys__bluetooth__controller.a(ctrl.c.obj)
 .text.ctrl_tx_sec_enqueue
                0x0000000000005720       0x32 zephyr/subsys/bluetooth/controller/libsubsys__bluetooth__controller.a(ctrl.c.obj)
 *fill*         0x0000000000005752        0x2 
 .text.feature_rsp_send
                0x0000000000005754       0x8c zephyr/subsys/bluetooth/controller/libsubsys__bluetooth__controller.a(ctrl.c.obj)
 .text.event_connection_prepare
                0x00000000000057e0      0x688 zephyr/subsys/bluetooth/controller/libsubsys__bluetooth__controller.a(ctrl.c.obj)
 .text.event_slave_prepare
                0x0000000000005e68        0x4 zephyr/subsys/bluetooth/controller/libsubsys__bluetooth__controller.a(ctrl.c.obj)
 .text.event_master_prepare
                0x0000000000005e6c        0x4 zephyr/subsys/bluetooth/controller/libsubsys__bluetooth__controller.a(ctrl.c.obj)
 .text.prepare_pdu_data_tx
                0x0000000000005e70       0xc4 zephyr/subsys/bluetooth/controller/libsubsys__bluetooth__controller.a(ctrl.c.obj)
 *fill*         0x0000000000005f34        0x4 
 .text.isr      0x0000000000005f38     0x1514 zephyr/subsys/bluetooth/controller/libsubsys__bluetooth__controller.a(ctrl.c.obj)
 *fill*         0x000000000000744c        0x4 
 .text.mayfly_xtal_stop_calc
                0x0000000000007450      0x1f8 zephyr/subsys/bluetooth/controller/libsubsys__bluetooth__controller.a(ctrl.c.obj)
 .text.event_master
                0x0000000000007648      0x134 zephyr/subsys/bluetooth/controller/libsubsys__bluetooth__controller.a(ctrl.c.obj)
 .text.radio_init
                0x000000000000777c       0xfc zephyr/subsys/bluetooth/controller/libsubsys__bluetooth__controller.a(ctrl.c.obj)
                0x000000000000777c                radio_init
 .text.ll_reset
                0x0000000000007878       0x9c zephyr/subsys/bluetooth/controller/libsubsys__bluetooth__controller.a(ctrl.c.obj)
                0x0000000000007878                ll_reset
 .text.radio_adv_data_get
                0x0000000000007914        0x8 zephyr/subsys/bluetooth/controller/libsubsys__bluetooth__controller.a(ctrl.c.obj)
                0x0000000000007914                radio_adv_data_get
 .text.radio_scan_data_get
                0x000000000000791c        0x8 zephyr/subsys/bluetooth/controller/libsubsys__bluetooth__controller.a(ctrl.c.obj)
                0x000000000000791c                radio_scan_data_get
 .text.ll_adv_is_enabled
                0x0000000000007924       0x10 zephyr/subsys/bluetooth/controller/libsubsys__bluetooth__controller.a(ctrl.c.obj)
                0x0000000000007924                ll_adv_is_enabled
 .text.radio_adv_filter_pol_get
                0x0000000000007934       0x18 zephyr/subsys/bluetooth/controller/libsubsys__bluetooth__controller.a(ctrl.c.obj)
                0x0000000000007934                radio_adv_filter_pol_get
 .text.ll_scan_is_enabled
                0x000000000000794c       0x2c zephyr/subsys/bluetooth/controller/libsubsys__bluetooth__controller.a(ctrl.c.obj)
                0x000000000000794c                ll_scan_is_enabled
 .text.radio_scan_filter_pol_get
                0x0000000000007978       0x1c zephyr/subsys/bluetooth/controller/libsubsys__bluetooth__controller.a(ctrl.c.obj)
                0x0000000000007978                radio_scan_filter_pol_get
 .text.ll_tx_pwr_lvl_get
                0x0000000000007994       0x14 zephyr/subsys/bluetooth/controller/libsubsys__bluetooth__controller.a(ctrl.c.obj)
                0x0000000000007994                ll_tx_pwr_lvl_get
 .text.ll_rx_get
                0x00000000000079a8       0x70 zephyr/subsys/bluetooth/controller/libsubsys__bluetooth__controller.a(ctrl.c.obj)
                0x00000000000079a8                ll_rx_get
 .text.ll_rx_mem_release
                0x0000000000007a18       0x64 zephyr/subsys/bluetooth/controller/libsubsys__bluetooth__controller.a(ctrl.c.obj)
                0x0000000000007a18                ll_rx_mem_release
 .text.do_radio_rx_fc_set
                0x0000000000007a7c       0x5c zephyr/subsys/bluetooth/controller/libsubsys__bluetooth__controller.a(ctrl.c.obj)
                0x0000000000007a7c                do_radio_rx_fc_set
 .text.radio_rx_fc_set
                0x0000000000007ad8       0x58 zephyr/subsys/bluetooth/controller/libsubsys__bluetooth__controller.a(ctrl.c.obj)
                0x0000000000007ad8                radio_rx_fc_set
 .text.ll_adv_scan_state_cb
                0x0000000000007b30        0x2 zephyr/subsys/bluetooth/controller/libsubsys__bluetooth__controller.a(ctrl.c.obj)
                0x0000000000007b30                ll_adv_scan_state_cb
 *fill*         0x0000000000007b32        0x6 
 .text.radio_adv_enable
                0x0000000000007b38      0x2ac zephyr/subsys/bluetooth/controller/libsubsys__bluetooth__controller.a(ctrl.c.obj)
                0x0000000000007b38                radio_adv_enable
 .text.radio_adv_disable
                0x0000000000007de4       0x5c zephyr/subsys/bluetooth/controller/libsubsys__bluetooth__controller.a(ctrl.c.obj)
                0x0000000000007de4                radio_adv_disable
 .text.ll_rx_dequeue
                0x0000000000007e40       0xe0 zephyr/subsys/bluetooth/controller/libsubsys__bluetooth__controller.a(ctrl.c.obj)
                0x0000000000007e40                ll_rx_dequeue
 .text.rtc0_nrf5_isr
                0x0000000000007f20       0x34 zephyr/subsys/bluetooth/controller/libsubsys__bluetooth__controller.a(ll.c.obj)
 .text.swi4_nrf5_isr
                0x0000000000007f54        0x6 zephyr/subsys/bluetooth/controller/libsubsys__bluetooth__controller.a(ll.c.obj)
 .text.radio_nrf5_isr
                0x0000000000007f5a       0x1e zephyr/subsys/bluetooth/controller/libsubsys__bluetooth__controller.a(ll.c.obj)
                0x0000000000007f5a                radio_nrf5_isr
 .text.radio_active_callback
                0x0000000000007f78        0x2 zephyr/subsys/bluetooth/controller/libsubsys__bluetooth__controller.a(ll.c.obj)
                0x0000000000007f78                radio_active_callback
 *fill*         0x0000000000007f7a        0x2 
 .text.radio_event_callback
                0x0000000000007f7c        0xc zephyr/subsys/bluetooth/controller/libsubsys__bluetooth__controller.a(ll.c.obj)
                0x0000000000007f7c                radio_event_callback
 .text.ll_init  0x0000000000007f88      0x110 zephyr/subsys/bluetooth/controller/libsubsys__bluetooth__controller.a(ll.c.obj)
                0x0000000000007f88                ll_init
 .text.ll_adv_params_set
                0x0000000000008098      0x1e4 zephyr/subsys/bluetooth/controller/libsubsys__bluetooth__controller.a(ll_adv.c.obj)
                0x0000000000008098                ll_adv_params_set
 .text.ll_adv_data_set
                0x000000000000827c       0xb0 zephyr/subsys/bluetooth/controller/libsubsys__bluetooth__controller.a(ll_adv.c.obj)
                0x000000000000827c                ll_adv_data_set
 .text.ll_scan_data_set
                0x000000000000832c       0x8c zephyr/subsys/bluetooth/controller/libsubsys__bluetooth__controller.a(ll_adv.c.obj)
                0x000000000000832c                ll_scan_data_set
 .text.ll_adv_enable
                0x00000000000083b8       0xc0 zephyr/subsys/bluetooth/controller/libsubsys__bluetooth__controller.a(ll_adv.c.obj)
                0x00000000000083b8                ll_adv_enable
 .text.ctrl_filter_get
                0x0000000000008478       0x18 zephyr/subsys/bluetooth/controller/libsubsys__bluetooth__controller.a(ll_filter.c.obj)
                0x0000000000008478                ctrl_filter_get
 .text.ll_wl_size_get
                0x0000000000008490        0x4 zephyr/subsys/bluetooth/controller/libsubsys__bluetooth__controller.a(ll_filter.c.obj)
                0x0000000000008490                ll_wl_size_get
 .text.ll_wl_clear
                0x0000000000008494       0x2c zephyr/subsys/bluetooth/controller/libsubsys__bluetooth__controller.a(ll_filter.c.obj)
                0x0000000000008494                ll_wl_clear
 .text.ll_wl_add
                0x00000000000084c0       0x70 zephyr/subsys/bluetooth/controller/libsubsys__bluetooth__controller.a(ll_filter.c.obj)
                0x00000000000084c0                ll_wl_add
 .text.ll_wl_remove
                0x0000000000008530       0x8c zephyr/subsys/bluetooth/controller/libsubsys__bluetooth__controller.a(ll_filter.c.obj)
                0x0000000000008530                ll_wl_remove
 .text.ll_filter_reset
                0x00000000000085bc       0x18 zephyr/subsys/bluetooth/controller/libsubsys__bluetooth__controller.a(ll_filter.c.obj)
                0x00000000000085bc                ll_filter_reset
 .text.cntr_init
                0x00000000000085d4       0x1c zephyr/subsys/bluetooth/controller/libsubsys__bluetooth__controller.a(cntr.c.obj)
                0x00000000000085d4                cntr_init
 .text.cntr_start
                0x00000000000085f0       0x1c zephyr/subsys/bluetooth/controller/libsubsys__bluetooth__controller.a(cntr.c.obj)
                0x00000000000085f0                cntr_start
 .text.cntr_stop
                0x000000000000860c       0x30 zephyr/subsys/bluetooth/controller/libsubsys__bluetooth__controller.a(cntr.c.obj)
                0x000000000000860c                cntr_stop
 .text.cntr_cnt_get
                0x000000000000863c        0xc zephyr/subsys/bluetooth/controller/libsubsys__bluetooth__controller.a(cntr.c.obj)
                0x000000000000863c                cntr_cnt_get
 .text.cntr_cmp_set
                0x0000000000008648       0x10 zephyr/subsys/bluetooth/controller/libsubsys__bluetooth__controller.a(cntr.c.obj)
                0x0000000000008648                cntr_cmp_set
 .text.do_ecb   0x0000000000008658       0x4c zephyr/subsys/bluetooth/controller/libsubsys__bluetooth__controller.a(ecb.c.obj)
 .text.ecb_encrypt
                0x00000000000086a4       0x42 zephyr/subsys/bluetooth/controller/libsubsys__bluetooth__controller.a(ecb.c.obj)
                0x00000000000086a4                ecb_encrypt
 *fill*         0x00000000000086e6        0x2 
 .text.hal_radio_enable_on_tick_ppi_config_and_enable
                0x00000000000086e8       0x30 zephyr/subsys/bluetooth/controller/libsubsys__bluetooth__controller.a(radio.c.obj)
 .text.sw_switch.isra.10
                0x0000000000008718       0xc8 zephyr/subsys/bluetooth/controller/libsubsys__bluetooth__controller.a(radio.c.obj)
 .text.isr_radio
                0x00000000000087e0       0x10 zephyr/subsys/bluetooth/controller/libsubsys__bluetooth__controller.a(radio.c.obj)
                0x00000000000087e0                isr_radio
 .text.radio_isr_set
                0x00000000000087f0       0x28 zephyr/subsys/bluetooth/controller/libsubsys__bluetooth__controller.a(radio.c.obj)
                0x00000000000087f0                radio_isr_set
 .text.radio_setup
                0x0000000000008818       0x44 zephyr/subsys/bluetooth/controller/libsubsys__bluetooth__controller.a(radio.c.obj)
                0x0000000000008818                radio_setup
 .text.radio_reset
                0x000000000000885c       0x34 zephyr/subsys/bluetooth/controller/libsubsys__bluetooth__controller.a(radio.c.obj)
                0x000000000000885c                radio_reset
 .text.radio_phy_set
                0x0000000000008890       0x20 zephyr/subsys/bluetooth/controller/libsubsys__bluetooth__controller.a(radio.c.obj)
                0x0000000000008890                radio_phy_set
 .text.radio_tx_power_set
                0x00000000000088b0        0xc zephyr/subsys/bluetooth/controller/libsubsys__bluetooth__controller.a(radio.c.obj)
                0x00000000000088b0                radio_tx_power_set
 .text.radio_freq_chan_set
                0x00000000000088bc        0xc zephyr/subsys/bluetooth/controller/libsubsys__bluetooth__controller.a(radio.c.obj)
                0x00000000000088bc                radio_freq_chan_set
 .text.radio_whiten_iv_set
                0x00000000000088c8       0x24 zephyr/subsys/bluetooth/controller/libsubsys__bluetooth__controller.a(radio.c.obj)
                0x00000000000088c8                radio_whiten_iv_set
 .text.radio_aa_set
                0x00000000000088ec       0x30 zephyr/subsys/bluetooth/controller/libsubsys__bluetooth__controller.a(radio.c.obj)
                0x00000000000088ec                radio_aa_set
 .text.radio_pkt_configure
                0x000000000000891c       0x5c zephyr/subsys/bluetooth/controller/libsubsys__bluetooth__controller.a(radio.c.obj)
                0x000000000000891c                radio_pkt_configure
 .text.radio_pkt_rx_set
                0x0000000000008978        0xc zephyr/subsys/bluetooth/controller/libsubsys__bluetooth__controller.a(radio.c.obj)
                0x0000000000008978                radio_pkt_rx_set
 .text.radio_pkt_tx_set
                0x0000000000008984        0xc zephyr/subsys/bluetooth/controller/libsubsys__bluetooth__controller.a(radio.c.obj)
                0x0000000000008984                radio_pkt_tx_set
 .text.radio_tx_ready_delay_get
                0x0000000000008990        0xa zephyr/subsys/bluetooth/controller/libsubsys__bluetooth__controller.a(radio.c.obj)
                0x0000000000008990                radio_tx_ready_delay_get
 .text.radio_tx_chain_delay_get
                0x000000000000899a        0x4 zephyr/subsys/bluetooth/controller/libsubsys__bluetooth__controller.a(radio.c.obj)
                0x000000000000899a                radio_tx_chain_delay_get
 .text.radio_rx_ready_delay_get
                0x000000000000899e        0x4 zephyr/subsys/bluetooth/controller/libsubsys__bluetooth__controller.a(radio.c.obj)
                0x000000000000899e                radio_rx_ready_delay_get
 .text.radio_rx_chain_delay_get
                0x00000000000089a2        0xa zephyr/subsys/bluetooth/controller/libsubsys__bluetooth__controller.a(radio.c.obj)
                0x00000000000089a2                radio_rx_chain_delay_get
 .text.radio_rx_enable
                0x00000000000089ac        0xc zephyr/subsys/bluetooth/controller/libsubsys__bluetooth__controller.a(radio.c.obj)
                0x00000000000089ac                radio_rx_enable
 .text.radio_tx_enable
                0x00000000000089b8        0xc zephyr/subsys/bluetooth/controller/libsubsys__bluetooth__controller.a(radio.c.obj)
                0x00000000000089b8                radio_tx_enable
 .text.radio_disable
                0x00000000000089c4       0x24 zephyr/subsys/bluetooth/controller/libsubsys__bluetooth__controller.a(radio.c.obj)
                0x00000000000089c4                radio_disable
 .text.radio_status_reset
                0x00000000000089e8       0x18 zephyr/subsys/bluetooth/controller/libsubsys__bluetooth__controller.a(radio.c.obj)
                0x00000000000089e8                radio_status_reset
 .text.radio_is_ready
                0x0000000000008a00       0x14 zephyr/subsys/bluetooth/controller/libsubsys__bluetooth__controller.a(radio.c.obj)
                0x0000000000008a00                radio_is_ready
 .text.radio_is_done
                0x0000000000008a14       0x14 zephyr/subsys/bluetooth/controller/libsubsys__bluetooth__controller.a(radio.c.obj)
                0x0000000000008a14                radio_is_done
 .text.radio_is_idle
                0x0000000000008a28       0x14 zephyr/subsys/bluetooth/controller/libsubsys__bluetooth__controller.a(radio.c.obj)
                0x0000000000008a28                radio_is_idle
 .text.radio_crc_configure
                0x0000000000008a3c       0x18 zephyr/subsys/bluetooth/controller/libsubsys__bluetooth__controller.a(radio.c.obj)
                0x0000000000008a3c                radio_crc_configure
 .text.radio_crc_is_valid
                0x0000000000008a54       0x14 zephyr/subsys/bluetooth/controller/libsubsys__bluetooth__controller.a(radio.c.obj)
                0x0000000000008a54                radio_crc_is_valid
 .text.radio_pkt_empty_get
                0x0000000000008a68        0x8 zephyr/subsys/bluetooth/controller/libsubsys__bluetooth__controller.a(radio.c.obj)
                0x0000000000008a68                radio_pkt_empty_get
 .text.radio_pkt_scratch_get
                0x0000000000008a70        0x8 zephyr/subsys/bluetooth/controller/libsubsys__bluetooth__controller.a(radio.c.obj)
                0x0000000000008a70                radio_pkt_scratch_get
 .text.radio_switch_complete_and_rx
                0x0000000000008a78       0x18 zephyr/subsys/bluetooth/controller/libsubsys__bluetooth__controller.a(radio.c.obj)
                0x0000000000008a78                radio_switch_complete_and_rx
 .text.radio_switch_complete_and_tx
                0x0000000000008a90       0x14 zephyr/subsys/bluetooth/controller/libsubsys__bluetooth__controller.a(radio.c.obj)
                0x0000000000008a90                radio_switch_complete_and_tx
 .text.radio_switch_complete_and_disable
                0x0000000000008aa4       0x1c zephyr/subsys/bluetooth/controller/libsubsys__bluetooth__controller.a(radio.c.obj)
                0x0000000000008aa4                radio_switch_complete_and_disable
 .text.radio_rssi_measure
                0x0000000000008ac0       0x14 zephyr/subsys/bluetooth/controller/libsubsys__bluetooth__controller.a(radio.c.obj)
                0x0000000000008ac0                radio_rssi_measure
 .text.radio_rssi_get
                0x0000000000008ad4        0xc zephyr/subsys/bluetooth/controller/libsubsys__bluetooth__controller.a(radio.c.obj)
                0x0000000000008ad4                radio_rssi_get
 .text.radio_rssi_status_reset
                0x0000000000008ae0       0x10 zephyr/subsys/bluetooth/controller/libsubsys__bluetooth__controller.a(radio.c.obj)
                0x0000000000008ae0                radio_rssi_status_reset
 .text.radio_rssi_is_ready
                0x0000000000008af0       0x14 zephyr/subsys/bluetooth/controller/libsubsys__bluetooth__controller.a(radio.c.obj)
                0x0000000000008af0                radio_rssi_is_ready
 .text.radio_filter_configure
                0x0000000000008b04       0x34 zephyr/subsys/bluetooth/controller/libsubsys__bluetooth__controller.a(radio.c.obj)
                0x0000000000008b04                radio_filter_configure
 .text.radio_filter_disable
                0x0000000000008b38       0x14 zephyr/subsys/bluetooth/controller/libsubsys__bluetooth__controller.a(radio.c.obj)
                0x0000000000008b38                radio_filter_disable
 .text.radio_filter_status_reset
                0x0000000000008b4c       0x10 zephyr/subsys/bluetooth/controller/libsubsys__bluetooth__controller.a(radio.c.obj)
                0x0000000000008b4c                radio_filter_status_reset
 .text.radio_filter_has_match
                0x0000000000008b5c       0x14 zephyr/subsys/bluetooth/controller/libsubsys__bluetooth__controller.a(radio.c.obj)
                0x0000000000008b5c                radio_filter_has_match
 .text.radio_filter_match_get
                0x0000000000008b70        0xc zephyr/subsys/bluetooth/controller/libsubsys__bluetooth__controller.a(radio.c.obj)
                0x0000000000008b70                radio_filter_match_get
 .text.radio_tmr_status_reset
                0x0000000000008b7c       0x1c zephyr/subsys/bluetooth/controller/libsubsys__bluetooth__controller.a(radio.c.obj)
                0x0000000000008b7c                radio_tmr_status_reset
 .text.radio_tmr_tifs_set
                0x0000000000008b98       0x18 zephyr/subsys/bluetooth/controller/libsubsys__bluetooth__controller.a(radio.c.obj)
                0x0000000000008b98                radio_tmr_tifs_set
 .text.radio_tmr_start
                0x0000000000008bb0       0xe4 zephyr/subsys/bluetooth/controller/libsubsys__bluetooth__controller.a(radio.c.obj)
                0x0000000000008bb0                radio_tmr_start
 .text.radio_tmr_stop
                0x0000000000008c94       0x18 zephyr/subsys/bluetooth/controller/libsubsys__bluetooth__controller.a(radio.c.obj)
                0x0000000000008c94                radio_tmr_stop
 .text.radio_tmr_hcto_configure
                0x0000000000008cac       0x3c zephyr/subsys/bluetooth/controller/libsubsys__bluetooth__controller.a(radio.c.obj)
                0x0000000000008cac                radio_tmr_hcto_configure
 .text.radio_tmr_aa_capture
                0x0000000000008ce8       0x38 zephyr/subsys/bluetooth/controller/libsubsys__bluetooth__controller.a(radio.c.obj)
                0x0000000000008ce8                radio_tmr_aa_capture
 .text.radio_tmr_aa_get
                0x0000000000008d20        0xc zephyr/subsys/bluetooth/controller/libsubsys__bluetooth__controller.a(radio.c.obj)
                0x0000000000008d20                radio_tmr_aa_get
 .text.radio_tmr_aa_save
                0x0000000000008d2c        0xc zephyr/subsys/bluetooth/controller/libsubsys__bluetooth__controller.a(radio.c.obj)
                0x0000000000008d2c                radio_tmr_aa_save
 .text.radio_tmr_aa_restore
                0x0000000000008d38        0xc zephyr/subsys/bluetooth/controller/libsubsys__bluetooth__controller.a(radio.c.obj)
                0x0000000000008d38                radio_tmr_aa_restore
 .text.radio_tmr_ready_get
                0x0000000000008d44        0xc zephyr/subsys/bluetooth/controller/libsubsys__bluetooth__controller.a(radio.c.obj)
                0x0000000000008d44                radio_tmr_ready_get
 .text.radio_tmr_end_capture
                0x0000000000008d50       0x24 zephyr/subsys/bluetooth/controller/libsubsys__bluetooth__controller.a(radio.c.obj)
                0x0000000000008d50                radio_tmr_end_capture
 .text.radio_tmr_end_get
                0x0000000000008d74        0xc zephyr/subsys/bluetooth/controller/libsubsys__bluetooth__controller.a(radio.c.obj)
                0x0000000000008d74                radio_tmr_end_get
 .text.radio_tmr_tifs_base_get
                0x0000000000008d80        0xc zephyr/subsys/bluetooth/controller/libsubsys__bluetooth__controller.a(radio.c.obj)
                0x0000000000008d80                radio_tmr_tifs_base_get
 .text.radio_ccm_rx_pkt_set
                0x0000000000008d8c       0x78 zephyr/subsys/bluetooth/controller/libsubsys__bluetooth__controller.a(radio.c.obj)
                0x0000000000008d8c                radio_ccm_rx_pkt_set
 .text.radio_ccm_tx_pkt_set
                0x0000000000008e04       0x4c zephyr/subsys/bluetooth/controller/libsubsys__bluetooth__controller.a(radio.c.obj)
                0x0000000000008e04                radio_ccm_tx_pkt_set
 .text.radio_ccm_is_done
                0x0000000000008e50       0x3c zephyr/subsys/bluetooth/controller/libsubsys__bluetooth__controller.a(radio.c.obj)
                0x0000000000008e50                radio_ccm_is_done
 .text.radio_ccm_mic_is_valid
                0x0000000000008e8c       0x14 zephyr/subsys/bluetooth/controller/libsubsys__bluetooth__controller.a(radio.c.obj)
                0x0000000000008e8c                radio_ccm_mic_is_valid
 .text.radio_ar_match_get
                0x0000000000008ea0        0xc zephyr/subsys/bluetooth/controller/libsubsys__bluetooth__controller.a(radio.c.obj)
                0x0000000000008ea0                radio_ar_match_get
 .text.radio_ar_status_reset
                0x0000000000008eac       0x18 zephyr/subsys/bluetooth/controller/libsubsys__bluetooth__controller.a(radio.c.obj)
                0x0000000000008eac                radio_ar_status_reset
 .text.radio_ar_has_match
                0x0000000000008ec4       0x28 zephyr/subsys/bluetooth/controller/libsubsys__bluetooth__controller.a(radio.c.obj)
                0x0000000000008ec4                radio_ar_has_match
 .text.mayfly_enable_cb
                0x0000000000008eec       0x1c zephyr/subsys/bluetooth/controller/libsubsys__bluetooth__controller.a(mayfly.c.obj)
                0x0000000000008eec                mayfly_enable_cb
 .text.mayfly_is_enabled
                0x0000000000008f08       0x1c zephyr/subsys/bluetooth/controller/libsubsys__bluetooth__controller.a(mayfly.c.obj)
                0x0000000000008f08                mayfly_is_enabled
 .text.mayfly_prio_is_equal
                0x0000000000008f24       0x22 zephyr/subsys/bluetooth/controller/libsubsys__bluetooth__controller.a(mayfly.c.obj)
                0x0000000000008f24                mayfly_prio_is_equal
 *fill*         0x0000000000008f46        0x2 
 .text.mayfly_pend
                0x0000000000008f48       0x28 zephyr/subsys/bluetooth/controller/libsubsys__bluetooth__controller.a(mayfly.c.obj)
                0x0000000000008f48                mayfly_pend
 .text.hal_ticker_instance0_caller_id_get
                0x0000000000008f70       0x20 zephyr/subsys/bluetooth/controller/libsubsys__bluetooth__controller.a(ticker.c.obj)
                0x0000000000008f70                hal_ticker_instance0_caller_id_get
 .text.hal_ticker_instance0_sched
                0x0000000000008f90       0x78 zephyr/subsys/bluetooth/controller/libsubsys__bluetooth__controller.a(ticker.c.obj)
                0x0000000000008f90                hal_ticker_instance0_sched
 .text.hal_ticker_instance0_trigger_set
                0x0000000000009008        0x8 zephyr/subsys/bluetooth/controller/libsubsys__bluetooth__controller.a(ticker.c.obj)
                0x0000000000009008                hal_ticker_instance0_trigger_set
 .text.fixed_data_unref
                0x0000000000009010        0x2 zephyr/subsys/net/libsubsys__net.a(buf.c.obj)
 *fill*         0x0000000000009012        0x2 
 .text.net_buf_pool_get
                0x0000000000009014        0xc zephyr/subsys/net/libsubsys__net.a(buf.c.obj)
                0x0000000000009014                net_buf_pool_get
 .text.net_buf_id
                0x0000000000009020       0x1c zephyr/subsys/net/libsubsys__net.a(buf.c.obj)
                0x0000000000009020                net_buf_id
 .text.fixed_data_alloc
                0x000000000000903c       0x2c zephyr/subsys/net/libsubsys__net.a(buf.c.obj)
 .text.net_buf_alloc_len
                0x0000000000009068       0xd4 zephyr/subsys/net/libsubsys__net.a(buf.c.obj)
                0x0000000000009068                net_buf_alloc_len
 .text.net_buf_alloc_fixed
                0x000000000000913c        0xc zephyr/subsys/net/libsubsys__net.a(buf.c.obj)
                0x000000000000913c                net_buf_alloc_fixed
 .text.net_buf_simple_reserve
                0x0000000000009148        0x8 zephyr/subsys/net/libsubsys__net.a(buf.c.obj)
                0x0000000000009148                net_buf_simple_reserve
 .text.net_buf_put
                0x0000000000009150       0x1a zephyr/subsys/net/libsubsys__net.a(buf.c.obj)
                0x0000000000009150                net_buf_put
 *fill*         0x000000000000916a        0x2 
 .text.net_buf_unref
                0x000000000000916c       0x5c zephyr/subsys/net/libsubsys__net.a(buf.c.obj)
                0x000000000000916c                net_buf_unref
 .text.net_buf_ref
                0x00000000000091c8        0x8 zephyr/subsys/net/libsubsys__net.a(buf.c.obj)
                0x00000000000091c8                net_buf_ref
 .text.net_buf_simple_add
                0x00000000000091d0        0xc zephyr/subsys/net/libsubsys__net.a(buf.c.obj)
                0x00000000000091d0                net_buf_simple_add
 .text.net_buf_simple_add_mem
                0x00000000000091dc       0x12 zephyr/subsys/net/libsubsys__net.a(buf.c.obj)
                0x00000000000091dc                net_buf_simple_add_mem
 .text.net_buf_simple_pull
                0x00000000000091ee       0x10 zephyr/subsys/net/libsubsys__net.a(buf.c.obj)
                0x00000000000091ee                net_buf_simple_pull
 .text.net_buf_simple_pull_u8
                0x00000000000091fe       0x10 zephyr/subsys/net/libsubsys__net.a(buf.c.obj)
                0x00000000000091fe                net_buf_simple_pull_u8
 .text.net_buf_simple_headroom
                0x000000000000920e        0x8 zephyr/subsys/net/libsubsys__net.a(buf.c.obj)
                0x000000000000920e                net_buf_simple_headroom
 *fill*         0x0000000000009216        0x2 
 .text._sys_device_do_config_level
                0x0000000000009218       0x28 zephyr/kernel/libkernel.a(device.c.obj)
                0x0000000000009218                _sys_device_do_config_level
 .text.device_get_binding
                0x0000000000009240       0x4c zephyr/kernel/libkernel.a(device.c.obj)
                0x0000000000009240                device_get_binding
 .text._sys_power_save_idle_exit
                0x000000000000928c       0x18 zephyr/kernel/libkernel.a(idle.c.obj)
                0x000000000000928c                _sys_power_save_idle_exit
 .text.idle     0x00000000000092a4       0x48 zephyr/kernel/libkernel.a(idle.c.obj)
                0x00000000000092a4                idle
 .text._bss_zero
                0x00000000000092ec       0x14 zephyr/kernel/libkernel.a(init.c.obj)
                0x00000000000092ec                _bss_zero
 .text._data_copy
                0x0000000000009300       0x18 zephyr/kernel/libkernel.a(init.c.obj)
                0x0000000000009300                _data_copy
 .text.bg_thread_main
                0x0000000000009318       0x38 zephyr/kernel/libkernel.a(init.c.obj)
 .text._Cstart  0x0000000000009350       0xf8 zephyr/kernel/libkernel.a(init.c.obj)
                0x0000000000009350                _Cstart
 .text.get_bit_ptr
                0x0000000000009448       0x28 zephyr/kernel/libkernel.a(mempool.c.obj)
 .text.set_free_bit
                0x0000000000009470       0x1c zephyr/kernel/libkernel.a(mempool.c.obj)
 .text.init_static_pools
                0x000000000000948c       0xcc zephyr/kernel/libkernel.a(mempool.c.obj)
                0x000000000000948c                init_static_pools
 .text.k_queue_init
                0x0000000000009558       0x10 zephyr/kernel/libkernel.a(queue.c.obj)
                0x0000000000009558                k_queue_init
 .text.k_queue_insert
                0x0000000000009568       0x52 zephyr/kernel/libkernel.a(queue.c.obj)
                0x0000000000009568                k_queue_insert
 .text.k_queue_append
                0x00000000000095ba        0x8 zephyr/kernel/libkernel.a(queue.c.obj)
                0x00000000000095ba                k_queue_append
 .text.k_queue_prepend
                0x00000000000095c2        0x8 zephyr/kernel/libkernel.a(queue.c.obj)
                0x00000000000095c2                k_queue_prepend
 .text.k_queue_append_list
                0x00000000000095ca       0x38 zephyr/kernel/libkernel.a(queue.c.obj)
                0x00000000000095ca                k_queue_append_list
 .text.k_queue_get
                0x0000000000009602       0x7a zephyr/kernel/libkernel.a(queue.c.obj)
                0x0000000000009602                k_queue_get
 .text._add_thread_to_ready_q
                0x000000000000967c       0x50 zephyr/kernel/libkernel.a(sched.c.obj)
                0x000000000000967c                _add_thread_to_ready_q
 .text._ready_thread
                0x00000000000096cc       0x1a zephyr/kernel/libkernel.a(sched.c.obj)
 *fill*         0x00000000000096e6        0x2 
 .text._add_timeout
                0x00000000000096e8       0x9c zephyr/kernel/libkernel.a(sched.c.obj)
 .text._remove_thread_from_ready_q
                0x0000000000009784       0x68 zephyr/kernel/libkernel.a(sched.c.obj)
                0x0000000000009784                _remove_thread_from_ready_q
 .text._pend_thread
                0x00000000000097ec       0x62 zephyr/kernel/libkernel.a(sched.c.obj)
                0x00000000000097ec                _pend_thread
 *fill*         0x000000000000984e        0x2 
 .text._pend_current_thread
                0x0000000000009850       0x20 zephyr/kernel/libkernel.a(sched.c.obj)
                0x0000000000009850                _pend_current_thread
 .text.__must_switch_threads
                0x0000000000009870       0x2c zephyr/kernel/libkernel.a(sched.c.obj)
                0x0000000000009870                __must_switch_threads
 .text._reschedule_threads
                0x000000000000989c       0x34 zephyr/kernel/libkernel.a(sched.c.obj)
                0x000000000000989c                _reschedule_threads
 .text.k_sched_unlock
                0x00000000000098d0       0x20 zephyr/kernel/libkernel.a(sched.c.obj)
                0x00000000000098d0                k_sched_unlock
 .text._move_thread_to_end_of_prio_q
                0x00000000000098f0       0x54 zephyr/kernel/libkernel.a(sched.c.obj)
                0x00000000000098f0                _move_thread_to_end_of_prio_q
 .text._impl_k_yield
                0x0000000000009944       0x3c zephyr/kernel/libkernel.a(sched.c.obj)
                0x0000000000009944                _impl_k_yield
 .text._impl_k_current_get
                0x0000000000009980        0xc zephyr/kernel/libkernel.a(sched.c.obj)
                0x0000000000009980                _impl_k_current_get
 .text._is_thread_time_slicing
                0x000000000000998c       0x48 zephyr/kernel/libkernel.a(sched.c.obj)
                0x000000000000998c                _is_thread_time_slicing
 .text._update_time_slice_before_swap
                0x00000000000099d4        0xc zephyr/kernel/libkernel.a(sched.c.obj)
                0x00000000000099d4                _update_time_slice_before_swap
 .text._find_first_thread_to_unpend.constprop.8
                0x00000000000099e0       0x34 zephyr/kernel/libkernel.a(sem.c.obj)
 .text._impl_k_sem_init
                0x0000000000009a14       0x12 zephyr/kernel/libkernel.a(sem.c.obj)
                0x0000000000009a14                _impl_k_sem_init
 *fill*         0x0000000000009a26        0x2 
 .text._impl_k_sem_give
                0x0000000000009a28       0xc8 zephyr/kernel/libkernel.a(sem.c.obj)
                0x0000000000009a28                _impl_k_sem_give
 .text._impl_k_sem_take
                0x0000000000009af0       0x3c zephyr/kernel/libkernel.a(sem.c.obj)
                0x0000000000009af0                _impl_k_sem_take
 .text._impl_k_uptime_get_32
                0x0000000000009b2c       0x14 zephyr/kernel/libkernel.a(sys_clock.c.obj)
                0x0000000000009b2c                _impl_k_uptime_get_32
 .text._nano_sys_clock_tick_announce
                0x0000000000009b40      0x1ac zephyr/kernel/libkernel.a(sys_clock.c.obj)
                0x0000000000009b40                _nano_sys_clock_tick_announce
 .text.k_sys_work_q_init
                0x0000000000009cec       0x20 zephyr/kernel/libkernel.a(system_work_q.c.obj)
 .text._is_thread_ready
                0x0000000000009d0c       0x14 zephyr/kernel/libkernel.a(thread.c.obj)
 .text._abort_timeout
                0x0000000000009d20       0x30 zephyr/kernel/libkernel.a(thread.c.obj)
 .text.schedule_new_thread.part.13
                0x0000000000009d50       0x74 zephyr/kernel/libkernel.a(thread.c.obj)
 .text.k_is_in_isr
                0x0000000000009dc4       0x20 zephyr/kernel/libkernel.a(thread.c.obj)
                0x0000000000009dc4                k_is_in_isr
 .text._is_thread_essential
                0x0000000000009de4       0x10 zephyr/kernel/libkernel.a(thread.c.obj)
                0x0000000000009de4                _is_thread_essential
 .text._thread_entry
                0x0000000000009df4       0x14 zephyr/kernel/libkernel.a(thread.c.obj)
                0x0000000000009df4                _thread_entry
 .text._impl_k_thread_start
                0x0000000000009e08       0x54 zephyr/kernel/libkernel.a(thread.c.obj)
                0x0000000000009e08                _impl_k_thread_start
 .text._setup_new_thread
                0x0000000000009e5c        0x4 zephyr/kernel/libkernel.a(thread.c.obj)
                0x0000000000009e5c                _setup_new_thread
 .text._impl_k_thread_create
                0x0000000000009e60       0x3c zephyr/kernel/libkernel.a(thread.c.obj)
                0x0000000000009e60                _impl_k_thread_create
 .text._k_thread_single_abort
                0x0000000000009e9c       0x4a zephyr/kernel/libkernel.a(thread.c.obj)
                0x0000000000009e9c                _k_thread_single_abort
 *fill*         0x0000000000009ee6        0x2 
 .text._init_static_threads
                0x0000000000009ee8       0x94 zephyr/kernel/libkernel.a(thread.c.obj)
                0x0000000000009ee8                _init_static_threads
 .text._init_thread_base
                0x0000000000009f7c       0x18 zephyr/kernel/libkernel.a(thread.c.obj)
                0x0000000000009f7c                _init_thread_base
 .text.work_q_main
                0x0000000000009f94       0x3e zephyr/kernel/libkernel.a(work_q.c.obj)
 *fill*         0x0000000000009fd2        0x2 
 .text.k_work_q_start
                0x0000000000009fd4       0x34 zephyr/kernel/libkernel.a(work_q.c.obj)
                0x0000000000009fd4                k_work_q_start
 .text.sys_dlist_remove
                0x000000000000a008        0xc zephyr/kernel/libkernel.a(poll.c.obj)
 .text.clear_event_registrations
                0x000000000000a014       0x40 zephyr/kernel/libkernel.a(poll.c.obj)
 .text.signal_poll_event
                0x000000000000a054       0xc8 zephyr/kernel/libkernel.a(poll.c.obj)
 .text.add_event
                0x000000000000a11c       0x4e zephyr/kernel/libkernel.a(poll.c.obj)
 .text.k_poll_event_init
                0x000000000000a16a       0x26 zephyr/kernel/libkernel.a(poll.c.obj)
                0x000000000000a16a                k_poll_event_init
 .text.k_poll   0x000000000000a190      0x148 zephyr/kernel/libkernel.a(poll.c.obj)
                0x000000000000a190                k_poll
 .text._handle_obj_poll_events
                0x000000000000a2d8       0x22 zephyr/kernel/libkernel.a(poll.c.obj)
                0x000000000000a2d8                _handle_obj_poll_events
 .text._OffsetAbsSyms
                0x000000000000a2fa        0x2 zephyr/CMakeFiles/offsets.dir/arch/arm/core/offsets/offsets.c.obj
                0x000000000000a2fa                _OffsetAbsSyms
 *(.gnu.linkonce.t.*)
                0x000000000000a2fc                _image_text_end = .

.glue_7         0x000000000000a2fc        0x0
 .glue_7        0x000000000000a2fc        0x0 linker stubs

.glue_7t        0x000000000000a2fc        0x0
 .glue_7t       0x000000000000a2fc        0x0 linker stubs

.vfp11_veneer   0x000000000000a2fc        0x0
 .vfp11_veneer  0x000000000000a2fc        0x0 linker stubs

.v4_bx          0x000000000000a2fc        0x0
 .v4_bx         0x000000000000a2fc        0x0 linker stubs

.iplt           0x000000000000a2fc        0x0
 .iplt          0x000000000000a2fc        0x0 zephyr/CMakeFiles/kernel_elf.dir/isr_tables.c.obj

.igot.plt       0x000000000000a2fc        0x0
 .igot.plt      0x000000000000a2fc        0x0 zephyr/CMakeFiles/kernel_elf.dir/isr_tables.c.obj

.ARM.exidx      0x000000000000a2fc        0x8
                0x000000000000a2fc                __exidx_start = .
 *(.ARM.exidx* gnu.linkonce.armexidx.*)
 .ARM.exidx     0x000000000000a2fc        0x8 /home/swap/gcc-arm-none-eabi-7-2017-q4-major/bin/../lib/gcc/arm-none-eabi/7.2.1/thumb/v7e-m/libgcc.a(_udivmoddi4.o)
                0x000000000000a304                __exidx_end = .
                0x000000000000a304                _image_rodata_start = .

devconfig       0x000000000000a304       0x90
                0x000000000000a304                __devconfig_start = .
 *(.devconfig.*)
 .devconfig.init
                0x000000000000a304        0xc zephyr/libzephyr.a(soc.c.obj)
 .devconfig.init
                0x000000000000a310        0xc zephyr/libzephyr.a(arm_mpu.c.obj)
 .devconfig.init
                0x000000000000a31c        0xc zephyr/libzephyr.a(uart_console.c.obj)
 .devconfig.init
                0x000000000000a328       0x18 zephyr/libzephyr.a(nrf5_power_clock.c.obj)
 .devconfig.init
                0x000000000000a340        0xc zephyr/libzephyr.a(gpio_nrf5.c.obj)
 .devconfig.init
                0x000000000000a34c        0xc zephyr/libzephyr.a(uart_nrf5.c.obj)
 .devconfig.init
                0x000000000000a358        0xc zephyr/libzephyr.a(entropy_nrf5.c.obj)
 .devconfig.init
                0x000000000000a364        0xc zephyr/libzephyr.a(sys_clock_init.c.obj)
 .devconfig.init
                0x000000000000a370        0xc zephyr/subsys/bluetooth/controller/libsubsys__bluetooth__controller.a(hci_driver.c.obj)
 .devconfig.init
                0x000000000000a37c        0xc zephyr/kernel/libkernel.a(mempool.c.obj)
 .devconfig.init
                0x000000000000a388        0xc zephyr/kernel/libkernel.a(system_work_q.c.obj)
 *(SORT_BY_NAME(.devconfig*))
                0x000000000000a394                __devconfig_end = .

net_l2          0x000000000000a394        0x0
                0x000000000000a394                __net_l2_start = .
 *(.net_l2.init)
 *(SORT_BY_NAME(.net_l2.init*))
                0x000000000000a394                __net_l2_end = .

rodata          0x000000000000a394      0x694
 *(.rodata)
 .rodata        0x000000000000a394        0x7 zephyr/subsys/bluetooth/host/libsubsys__bluetooth__host.a(hci_core.c.obj)
 .rodata        0x000000000000a39b       0x1a zephyr/subsys/bluetooth/controller/libsubsys__bluetooth__controller.a(ctrl.c.obj)
 *(.rodata.*)
 .rodata.main.str1.1
                0x000000000000a3b5       0x15 libapp.a(main.c.obj)
 .rodata.str1.1
                0x000000000000a3ca       0x2c zephyr/libzephyr.a(mpu_regions.c.obj)
 .rodata.str1.1
                0x000000000000a3f6       0x2c zephyr/libzephyr.a(soc.c.obj)
                                          0x1 (size before relaxing)
 .rodata._BusFault.str1.1
                0x000000000000a3f6       0x66 zephyr/libzephyr.a(fault.c.obj)
 .rodata._Fault.str1.1
                0x000000000000a45c       0xd3 zephyr/libzephyr.a(fault.c.obj)
 .rodata._FaultThreadShow.isra.2.str1.1
                0x000000000000a52f       0x4a zephyr/libzephyr.a(fault.c.obj)
 .rodata._MpuFault.str1.1
                0x000000000000a579       0xb7 zephyr/libzephyr.a(fault.c.obj)
 .rodata._UsageFault.str1.1
                0x000000000000a630       0xd4 zephyr/libzephyr.a(fault.c.obj)
 .rodata._NanoFatalErrorHandler.str1.1
                0x000000000000a704       0xba zephyr/libzephyr.a(fatal.c.obj)
 .rodata._SysFatalErrorHandler.str1.1
                0x000000000000a7be       0x5a zephyr/libzephyr.a(sys_fatal_error_handler.c.obj)
 .rodata.str1.1
                0x000000000000a818        0x1 zephyr/libzephyr.a(arm_mpu.c.obj)
 .rodata.sys_rand32_get.str1.1
                0x000000000000a818        0xa zephyr/libzephyr.a(rand32_entropy_device.c.obj)
 .rodata.str1.1
                0x000000000000a822        0x1 zephyr/libzephyr.a(uart_console.c.obj)
 .rodata.uart_console_init.str1.1
                0x000000000000a822        0x7 zephyr/libzephyr.a(uart_console.c.obj)
 *fill*         0x000000000000a829        0x3 
 .rodata._k32src_clock_control_api
                0x000000000000a82c        0xc zephyr/libzephyr.a(nrf5_power_clock.c.obj)
 .rodata._m16src_clock_control_api
                0x000000000000a838        0xc zephyr/libzephyr.a(nrf5_power_clock.c.obj)
 .rodata.str1.1
                0x000000000000a844       0x16 zephyr/libzephyr.a(nrf5_power_clock.c.obj)
 *fill*         0x000000000000a85a        0x2 
 .rodata.drive_strength.8967
                0x000000000000a85c       0x40 zephyr/libzephyr.a(gpio_nrf5.c.obj)
 .rodata.gpio_nrf5_P0_cfg
                0x000000000000a89c        0xc zephyr/libzephyr.a(gpio_nrf5.c.obj)
 .rodata.gpio_nrf5_drv_api_funcs
                0x000000000000a8a8       0x1c zephyr/libzephyr.a(gpio_nrf5.c.obj)
 .rodata.str1.1
                0x000000000000a8c4        0x7 zephyr/libzephyr.a(gpio_nrf5.c.obj)
 .rodata.str1.1
                0x000000000000a8cb        0x7 zephyr/libzephyr.a(uart_nrf5.c.obj)
 *fill*         0x000000000000a8cb        0x1 
 .rodata.uart_nrf5_dev_cfg_0
                0x000000000000a8cc        0x8 zephyr/libzephyr.a(uart_nrf5.c.obj)
 .rodata.uart_nrf5_driver_api
                0x000000000000a8d4        0xc zephyr/libzephyr.a(uart_nrf5.c.obj)
 .rodata.uart_nrf5_init.str1.1
                0x000000000000a8e0        0x7 zephyr/libzephyr.a(uart_nrf5.c.obj)
 .rodata.entropy_nrf5_api_funcs
                0x000000000000a8e0        0x4 zephyr/libzephyr.a(entropy_nrf5.c.obj)
 .rodata.str1.1
                0x000000000000a8e4        0xa zephyr/libzephyr.a(entropy_nrf5.c.obj)
 .rodata.str1.1
                0x000000000000a8e4        0xa zephyr/libzephyr.a(sys_clock_init.c.obj)
 .rodata._sys_clock_driver_init.str1.1
                0x000000000000a8ee        0xb zephyr/libzephyr.a(nrf_rtc_timer.c.obj)
 *fill*         0x000000000000a8ee        0x2 
 .rodata.net_buf_fixed_alloc_hci_cmd_pool
                0x000000000000a8f0        0x8 zephyr/subsys/bluetooth/host/libsubsys__bluetooth__host.a(hci_core.c.obj)
 .rodata.net_buf_fixed_alloc_hci_rx_pool
                0x000000000000a8f8        0x8 zephyr/subsys/bluetooth/host/libsubsys__bluetooth__host.a(hci_core.c.obj)
 .rodata.net_buf_fixed_hci_cmd_pool
                0x000000000000a900        0x8 zephyr/subsys/bluetooth/host/libsubsys__bluetooth__host.a(hci_core.c.obj)
 .rodata.net_buf_fixed_hci_rx_pool
                0x000000000000a908        0x8 zephyr/subsys/bluetooth/host/libsubsys__bluetooth__host.a(hci_core.c.obj)
 .rodata.drv    0x000000000000a910       0x10 zephyr/subsys/bluetooth/controller/libsubsys__bluetooth__controller.a(hci_driver.c.obj)
 .rodata.str1.1
                0x000000000000a920        0xb zephyr/subsys/bluetooth/controller/libsubsys__bluetooth__controller.a(hci_driver.c.obj)
                                          0xc (size before relaxing)
 .rodata.bt_addr_le_to_str.constprop.43.str1.1
                0x000000000000a92b       0x4c zephyr/subsys/bluetooth/controller/libsubsys__bluetooth__controller.a(hci.c.obj)
 .rodata.hci_cmd_handle.str1.1
                0x000000000000a977       0x28 zephyr/subsys/bluetooth/controller/libsubsys__bluetooth__controller.a(hci.c.obj)
 *fill*         0x000000000000a99f        0x1 
 .rodata.gc_lookup_ppm
                0x000000000000a9a0       0x10 zephyr/subsys/bluetooth/controller/libsubsys__bluetooth__controller.a(ctrl.c.obj)
 .rodata.ll_init.str1.1
                0x000000000000a9b0       0x20 zephyr/subsys/bluetooth/controller/libsubsys__bluetooth__controller.a(ll.c.obj)
 .rodata.caller_id_lut
                0x000000000000a9b0        0x4 zephyr/subsys/bluetooth/controller/libsubsys__bluetooth__controller.a(ticker.c.obj)
 .rodata.net_buf_fixed_cb
                0x000000000000a9b4        0xc zephyr/subsys/net/libsubsys__net.a(buf.c.obj)
                0x000000000000a9b4                net_buf_fixed_cb
 .rodata.config_levels
                0x000000000000a9c0       0x14 zephyr/kernel/libkernel.a(device.c.obj)
 .rodata._k_neg_eagain
                0x000000000000a9d4        0x4 zephyr/kernel/libkernel.a(errno.c.obj)
                0x000000000000a9d4                _k_neg_eagain
 .rodata._idle_thread
                0x000000000000a9d8        0x4 zephyr/kernel/libkernel.a(init.c.obj)
                0x000000000000a9d8                _idle_thread
 .rodata.bg_thread_main.str1.1
                0x000000000000a9dc       0x49 zephyr/kernel/libkernel.a(init.c.obj)
 .rodata.str1.1
                0x000000000000aa25        0x1 zephyr/kernel/libkernel.a(mempool.c.obj)
 .rodata.str1.1
                0x000000000000aa25        0x1 zephyr/kernel/libkernel.a(system_work_q.c.obj)
 *(.gnu.linkonce.r.*)
                0x000000000000aa28                . = ALIGN (0x4)
 *fill*         0x000000000000aa25        0x3 
                0x000000000000aa28                _image_rodata_end = .
                0x000000000000aa28                _image_rom_end = .

.rel.dyn        0x000000000000aa28        0x0
 .rel.iplt      0x000000000000aa28        0x0 zephyr/CMakeFiles/kernel_elf.dir/isr_tables.c.obj

bss             0x0000000020000000     0x1008
                0x0000000020000000                . = ALIGN (0x4)
                0x0000000020000000                __bss_start = .
                0x0000000020000000                _image_ram_start = .
                0x0000000020000000                __kernel_ram_start = .
 *(.bss)
 *(.bss.*)
 .bss.arm_mpu_enabled
                0x0000000020000000        0x1 zephyr/libzephyr.a(arm_mpu.c.obj)
 *fill*         0x0000000020000001        0x3 
 .bss.entropy_driver
                0x0000000020000004        0x4 zephyr/libzephyr.a(rand32_entropy_device.c.obj)
 .bss.uart_console_dev
                0x0000000020000008        0x4 zephyr/libzephyr.a(uart_console.c.obj)
 .bss.k32src_initialized
                0x000000002000000c        0x1 zephyr/libzephyr.a(nrf5_power_clock.c.obj)
 .bss.m16src_grd
                0x000000002000000d        0x1 zephyr/libzephyr.a(nrf5_power_clock.c.obj)
 .bss.m16src_ref
                0x000000002000000e        0x1 zephyr/libzephyr.a(nrf5_power_clock.c.obj)
 *fill*         0x000000002000000f        0x1 
 .bss.gpio_data_P0
                0x0000000020000010       0x10 zephyr/libzephyr.a(gpio_nrf5.c.obj)
 .bss.entropy_nrf5_data
                0x0000000020000020       0x50 zephyr/libzephyr.a(entropy_nrf5.c.obj)
 .bss.expected_sys_ticks
                0x0000000020000070        0x4 zephyr/libzephyr.a(nrf_rtc_timer.c.obj)
 .bss.rtc_past  0x0000000020000074        0x4 zephyr/libzephyr.a(nrf_rtc_timer.c.obj)
 .bss.cmd_data  0x0000000020000078       0x10 zephyr/subsys/bluetooth/host/libsubsys__bluetooth__host.a(hci_core.c.obj)
 .bss.dh_key_cb
                0x0000000020000088        0x4 zephyr/subsys/bluetooth/host/libsubsys__bluetooth__host.a(hci_core.c.obj)
 .bss.pub_key   0x000000002000008c       0x40 zephyr/subsys/bluetooth/host/libsubsys__bluetooth__host.a(hci_core.c.obj)
 .bss.pub_key_cb
                0x00000000200000cc        0x4 zephyr/subsys/bluetooth/host/libsubsys__bluetooth__host.a(hci_core.c.obj)
 .bss.ready_cb  0x00000000200000d0        0x4 zephyr/subsys/bluetooth/host/libsubsys__bluetooth__host.a(hci_core.c.obj)
 .bss.scan_dev_found_cb
                0x00000000200000d4        0x4 zephyr/subsys/bluetooth/host/libsubsys__bluetooth__host.a(hci_core.c.obj)
 .bss.mfl       0x00000000200000d8       0x80 zephyr/subsys/bluetooth/controller/libsubsys__bluetooth__controller.a(mayfly.c.obj)
 .bss.mft       0x0000000020000158       0xc0 zephyr/subsys/bluetooth/controller/libsubsys__bluetooth__controller.a(mayfly.c.obj)
 .bss._instance
                0x0000000020000218       0x58 zephyr/subsys/bluetooth/controller/libsubsys__bluetooth__controller.a(ticker.c.obj)
 .bss.pub_addr  0x0000000020000270        0x6 zephyr/subsys/bluetooth/controller/libsubsys__bluetooth__controller.a(ll_addr.c.obj)
 .bss.rnd_addr  0x0000000020000276        0x6 zephyr/subsys/bluetooth/controller/libsubsys__bluetooth__controller.a(ll_addr.c.obj)
 .bss._opcode   0x000000002000027c        0x2 zephyr/subsys/bluetooth/controller/libsubsys__bluetooth__controller.a(hci.c.obj)
 *fill*         0x000000002000027e        0x2 
 .bss._radio    0x0000000020000280      0x184 zephyr/subsys/bluetooth/controller/libsubsys__bluetooth__controller.a(ctrl.c.obj)
 .bss.link_inact.11669
                0x0000000020000404        0x8 zephyr/subsys/bluetooth/controller/libsubsys__bluetooth__controller.a(ctrl.c.obj)
 .bss.link_inact.11984
                0x000000002000040c        0x8 zephyr/subsys/bluetooth/controller/libsubsys__bluetooth__controller.a(ctrl.c.obj)
 .bss.link_radio.11683
                0x0000000020000414        0x8 zephyr/subsys/bluetooth/controller/libsubsys__bluetooth__controller.a(ctrl.c.obj)
 .bss.link_radio.11992
                0x000000002000041c        0x8 zephyr/subsys/bluetooth/controller/libsubsys__bluetooth__controller.a(ctrl.c.obj)
 .bss.link_xtal.11676
                0x0000000020000424        0x8 zephyr/subsys/bluetooth/controller/libsubsys__bluetooth__controller.a(ctrl.c.obj)
 .bss.link_xtal.11988
                0x000000002000042c        0x8 zephyr/subsys/bluetooth/controller/libsubsys__bluetooth__controller.a(ctrl.c.obj)
 .bss.s_active.11360
                0x0000000020000434        0x1 zephyr/subsys/bluetooth/controller/libsubsys__bluetooth__controller.a(ctrl.c.obj)
 *fill*         0x0000000020000435        0x3 
 .bss.s_link.11367
                0x0000000020000438        0x8 zephyr/subsys/bluetooth/controller/libsubsys__bluetooth__controller.a(ctrl.c.obj)
 .bss.s_link.11379
                0x0000000020000440        0x8 zephyr/subsys/bluetooth/controller/libsubsys__bluetooth__controller.a(ctrl.c.obj)
 .bss.s_link.11391
                0x0000000020000448        0x8 zephyr/subsys/bluetooth/controller/libsubsys__bluetooth__controller.a(ctrl.c.obj)
 .bss.s_link.11402
                0x0000000020000450        0x8 zephyr/subsys/bluetooth/controller/libsubsys__bluetooth__controller.a(ctrl.c.obj)
 .bss.s_link.11405
                0x0000000020000458       0x10 zephyr/subsys/bluetooth/controller/libsubsys__bluetooth__controller.a(ctrl.c.obj)
 .bss.s_link.11523
                0x0000000020000468        0x8 zephyr/subsys/bluetooth/controller/libsubsys__bluetooth__controller.a(ctrl.c.obj)
 .bss.s_link.11543
                0x0000000020000470        0x8 zephyr/subsys/bluetooth/controller/libsubsys__bluetooth__controller.a(ctrl.c.obj)
 .bss.s_link.11689
                0x0000000020000478        0x8 zephyr/subsys/bluetooth/controller/libsubsys__bluetooth__controller.a(ctrl.c.obj)
 .bss.s_link.11737
                0x0000000020000480        0x8 zephyr/subsys/bluetooth/controller/libsubsys__bluetooth__controller.a(ctrl.c.obj)
 .bss.s_xtal_retained.11401
                0x0000000020000488        0x1 zephyr/subsys/bluetooth/controller/libsubsys__bluetooth__controller.a(ctrl.c.obj)
 *fill*         0x0000000020000489        0x3 
 .bss._radio    0x000000002000048c      0x1f0 zephyr/subsys/bluetooth/controller/libsubsys__bluetooth__controller.a(ll.c.obj)
 .bss._ticker_nodes
                0x000000002000067c      0x118 zephyr/subsys/bluetooth/controller/libsubsys__bluetooth__controller.a(ll.c.obj)
 .bss._ticker_user_ops
                0x0000000020000794      0x270 zephyr/subsys/bluetooth/controller/libsubsys__bluetooth__controller.a(ll.c.obj)
 .bss._ticker_users
                0x0000000020000a04       0x20 zephyr/subsys/bluetooth/controller/libsubsys__bluetooth__controller.a(ll.c.obj)
 .bss.sem_recv  0x0000000020000a24        0x4 zephyr/subsys/bluetooth/controller/libsubsys__bluetooth__controller.a(ll.c.obj)
 .bss.ll_adv    0x0000000020000a28        0x8 zephyr/subsys/bluetooth/controller/libsubsys__bluetooth__controller.a(ll_adv.c.obj)
 .bss.wl_filter
                0x0000000020000a30       0x32 zephyr/subsys/bluetooth/controller/libsubsys__bluetooth__controller.a(ll_filter.c.obj)
 .bss._refcount
                0x0000000020000a62        0x1 zephyr/subsys/bluetooth/controller/libsubsys__bluetooth__controller.a(cntr.c.obj)
 *fill*         0x0000000020000a63        0x1 
 .bss._ccm_scratch
                0x0000000020000a64      0x10b zephyr/subsys/bluetooth/controller/libsubsys__bluetooth__controller.a(radio.c.obj)
 *fill*         0x0000000020000b6f        0x1 
 .bss._pkt_empty
                0x0000000020000b70        0x3 zephyr/subsys/bluetooth/controller/libsubsys__bluetooth__controller.a(radio.c.obj)
 *fill*         0x0000000020000b73        0x1 
 .bss._pkt_scratch
                0x0000000020000b74      0x102 zephyr/subsys/bluetooth/controller/libsubsys__bluetooth__controller.a(radio.c.obj)
 *fill*         0x0000000020000c76        0x2 
 .bss.radio_tmr_aa
                0x0000000020000c78        0x4 zephyr/subsys/bluetooth/controller/libsubsys__bluetooth__controller.a(radio.c.obj)
 .bss.sfp_radio_isr
                0x0000000020000c7c        0x4 zephyr/subsys/bluetooth/controller/libsubsys__bluetooth__controller.a(radio.c.obj)
 .bss.sw_tifs_toggle
                0x0000000020000c80        0x1 zephyr/subsys/bluetooth/controller/libsubsys__bluetooth__controller.a(radio.c.obj)
 *fill*         0x0000000020000c81        0x3 
 .bss.link.7417
                0x0000000020000c84        0x8 zephyr/subsys/bluetooth/controller/libsubsys__bluetooth__controller.a(ticker.c.obj)
 .bss.link.7424
                0x0000000020000c8c        0x8 zephyr/subsys/bluetooth/controller/libsubsys__bluetooth__controller.a(ticker.c.obj)
 .bss.link.7430
                0x0000000020000c94        0x8 zephyr/subsys/bluetooth/controller/libsubsys__bluetooth__controller.a(ticker.c.obj)
 .bss.link.7434
                0x0000000020000c9c        0x8 zephyr/subsys/bluetooth/controller/libsubsys__bluetooth__controller.a(ticker.c.obj)
 .bss.link.7439
                0x0000000020000ca4        0x8 zephyr/subsys/bluetooth/controller/libsubsys__bluetooth__controller.a(ticker.c.obj)