Archive member included to satisfy reference by file (symbol)

libapp.a(atoi.c.obj)          (--whole-archive)
libapp.a(strtol.c.obj)        (--whole-archive)
libapp.a(strtoul.c.obj)       (--whole-archive)
libapp.a(strncasecmp.c.obj)   (--whole-archive)
libapp.a(strstr.c.obj)        (--whole-archive)
libapp.a(string.c.obj)        (--whole-archive)
libapp.a(prf.c.obj)           (--whole-archive)
libapp.a(stdout_console.c.obj)
                              (--whole-archive)
libapp.a(sprintf.c.obj)       (--whole-archive)
libapp.a(fprintf.c.obj)       (--whole-archive)
libapp.a(main.c.obj)          (--whole-archive)
zephyr/libzephyr.a(isr_tables.c.obj)
                              (--whole-archive)
zephyr/libzephyr.a(soc.c.obj)
                              (--whole-archive)
zephyr/libzephyr.a(soc_pmc.c.obj)
                              (--whole-archive)
zephyr/libzephyr.a(soc_gpio.c.obj)
                              (--whole-archive)
zephyr/libzephyr.a(exc_exit.S.obj)
                              (--whole-archive)
zephyr/libzephyr.a(irq_init.c.obj)
                              (--whole-archive)
zephyr/libzephyr.a(swap.c.obj)
                              (--whole-archive)
zephyr/libzephyr.a(swap_helper.S.obj)
                              (--whole-archive)
zephyr/libzephyr.a(fault.c.obj)
                              (--whole-archive)
zephyr/libzephyr.a(irq_manage.c.obj)
                              (--whole-archive)
zephyr/libzephyr.a(thread.c.obj)
                              (--whole-archive)
zephyr/libzephyr.a(cpu_idle.S.obj)
                              (--whole-archive)
zephyr/libzephyr.a(fault_s.S.obj)
                              (--whole-archive)
zephyr/libzephyr.a(fatal.c.obj)
                              (--whole-archive)
zephyr/libzephyr.a(sys_fatal_error_handler.c.obj)
                              (--whole-archive)
zephyr/libzephyr.a(thread_abort.c.obj)
                              (--whole-archive)
zephyr/libzephyr.a(isr_wrapper.S.obj)
                              (--whole-archive)
zephyr/libzephyr.a(vector_table.S.obj)
                              (--whole-archive)
zephyr/libzephyr.a(reset.S.obj)
                              (--whole-archive)
zephyr/libzephyr.a(nmi_on_reset.S.obj)
                              (--whole-archive)
zephyr/libzephyr.a(prep_c.c.obj)
                              (--whole-archive)
zephyr/libzephyr.a(scb.c.obj)
                              (--whole-archive)
zephyr/libzephyr.a(nmi.c.obj)
                              (--whole-archive)
zephyr/libzephyr.a(exc_manage.c.obj)
                              (--whole-archive)
zephyr/libzephyr.a(crc16_sw.c.obj)
                              (--whole-archive)
zephyr/libzephyr.a(crc8_sw.c.obj)
                              (--whole-archive)
zephyr/libzephyr.a(printk.c.obj)
                              (--whole-archive)
zephyr/libzephyr.a(configs.c.obj)
                              (--whole-archive)
zephyr/libzephyr.a(uart_console.c.obj)
                              (--whole-archive)
zephyr/libzephyr.a(uart_sam.c.obj)
                              (--whole-archive)
zephyr/libzephyr.a(wdt_sam.c.obj)
                              (--whole-archive)
zephyr/libzephyr.a(sys_clock_init.c.obj)
                              (--whole-archive)
zephyr/libzephyr.a(cortex_m_systick.c.obj)
                              (--whole-archive)
zephyr/boards/boards/arm/arduino_due/libboards__arm__arduino_due.a(pinmux.c.obj)
                              (--whole-archive)
zephyr/kernel/libkernel.a(device.c.obj)
                              zephyr/libzephyr.a(uart_console.c.obj) (device_get_binding)
zephyr/kernel/libkernel.a(errno.c.obj)
                              libapp.a(strtol.c.obj) (__errno)
zephyr/kernel/libkernel.a(init.c.obj)
                              zephyr/libzephyr.a(prep_c.c.obj) (_bss_zero)
zephyr/kernel/libkernel.a(sched.c.obj)
                              zephyr/kernel/libkernel.a(init.c.obj) (_add_thread_to_ready_q)
zephyr/kernel/libkernel.a(sys_clock.c.obj)
                              zephyr/libzephyr.a(cortex_m_systick.c.obj) (_nano_sys_clock_tick_announce)
zephyr/kernel/libkernel.a(thread.c.obj)
                              zephyr/libzephyr.a(sys_fatal_error_handler.c.obj) (k_is_in_isr)
zephyr/kernel/libkernel.a(idle.c.obj)
                              zephyr/kernel/libkernel.a(init.c.obj) (idle)
/home/swap/gcc-arm-none-eabi-7-2017-q4-major/bin/../lib/gcc/arm-none-eabi/7.2.1/thumb/v7-m/libgcc.a(_aeabi_ldivmod.o)
                              zephyr/kernel/libkernel.a(thread.c.obj) (__aeabi_ldivmod)
/home/swap/gcc-arm-none-eabi-7-2017-q4-major/bin/../lib/gcc/arm-none-eabi/7.2.1/thumb/v7-m/libgcc.a(_aeabi_uldivmod.o)
                              zephyr/kernel/libkernel.a(thread.c.obj) (__aeabi_uldivmod)
/home/swap/gcc-arm-none-eabi-7-2017-q4-major/bin/../lib/gcc/arm-none-eabi/7.2.1/thumb/v7-m/libgcc.a(_udivmoddi4.o)
[...]
Memory Configuration

Name             Origin             Length             Attributes
FLASH            0x0000000000080000 0x0000000000080000 xr
SRAM             0x0000000020070000 0x0000000000018000 xw
IDT_LIST         0x0000000020088000 0x0000000000000800 xw
*default*        0x0000000000000000 0xffffffffffffffff

Linker script and memory map

LOAD zephyr/CMakeFiles/kernel_elf.dir/misc/empty_file.c.obj
LOAD zephyr/CMakeFiles/kernel_elf.dir/isr_tables.c.obj
START GROUP
LOAD libapp.a
LOAD zephyr/libzephyr.a
LOAD zephyr/boards/boards/arm/arduino_due/libboards__arm__arduino_due.a
LOAD zephyr/kernel/libkernel.a
LOAD zephyr/CMakeFiles/offsets.dir/arch/arm/core/offsets/offsets.c.obj
END GROUP
LOAD /home/swap/gcc-arm-none-eabi-7-2017-q4-major/bin/../lib/gcc/arm-none-eabi/7.2.1/thumb/v7-m/libgcc.a
                0x0000000000080000                _image_rom_start = 0x80000

text            0x0000000000080000     0x17f2
                0x0000000000000000                . = 0x0
                0x0000000000000000                _vector_start = .
 *(.exc_vector_table)
 *(.exc_vector_table.*)
 .exc_vector_table._vector_table_section
                0x0000000000080000       0x40 zephyr/libzephyr.a(vector_table.S.obj)
                0x0000000000080000                _vector_table
 *(.gnu.linkonce.irq_vector_table)
 .gnu.linkonce.irq_vector_table
                0x0000000000080040       0xb4 zephyr/CMakeFiles/kernel_elf.dir/isr_tables.c.obj
                0x0000000000080040                _irq_vector_table
 *(.openocd_dbg)
 *(.openocd_dbg.*)
 *(.kinetis_flash_config)
 *(.kinetis_flash_config.*)
 *(.gnu.linkonce.sw_isr_table)
 .gnu.linkonce.sw_isr_table
                0x00000000000800f4      0x168 zephyr/CMakeFiles/kernel_elf.dir/isr_tables.c.obj
                0x00000000000800f4                _sw_isr_table
                0x000000000008025c                _vector_end = .
                0x000000000008025c                _image_text_start = .
 *(.text)
 *(.text.*)
 .text.strcmp   0x000000000008025c       0x1a libapp.a(string.c.obj)
                0x000000000008025c                strcmp
 .text.memcpy   0x0000000000080276       0x5a libapp.a(string.c.obj)
                0x0000000000080276                memcpy
 .text.memset   0x00000000000802d0       0x42 libapp.a(string.c.obj)
                0x00000000000802d0                memset
 *fill*         0x0000000000080312        0x2 
 .text.main     0x0000000000080314       0x10 libapp.a(main.c.obj)
                0x0000000000080314                main
 .text.atmel_sam3x_init
                0x0000000000080324       0xa4 zephyr/libzephyr.a(soc.c.obj)
 .text.soc_pmc_peripheral_enable
                0x00000000000803c8       0x20 zephyr/libzephyr.a(soc_pmc.c.obj)
                0x00000000000803c8                soc_pmc_peripheral_enable
 .text.soc_gpio_configure
                0x00000000000803e8       0xb2 zephyr/libzephyr.a(soc_gpio.c.obj)
                0x00000000000803e8                soc_gpio_configure
 *fill*         0x000000000008049a        0x2 
 .text._HandlerModeExit
                0x000000000008049c       0x2c zephyr/libzephyr.a(exc_exit.S.obj)
                0x000000000008049c                _ExcExit
                0x000000000008049c                _IntExit
 .text._IntLibInit
                0x00000000000804c8       0x18 zephyr/libzephyr.a(irq_init.c.obj)
                0x00000000000804c8                _IntLibInit
 .text.__swap   0x00000000000804e0       0x30 zephyr/libzephyr.a(swap.c.obj)
                0x00000000000804e0                __swap
 .text.__pendsv
                0x0000000000080510       0x44 zephyr/libzephyr.a(swap_helper.S.obj)
                0x0000000000080510                __pendsv
 .text.__svc    0x0000000000080554       0x3c zephyr/libzephyr.a(swap_helper.S.obj)
                0x0000000000080554                __svc
 .text._FaultThreadShow.isra.2
                0x0000000000080590       0x1c zephyr/libzephyr.a(fault.c.obj)
 .text._UsageFault
                0x00000000000805ac       0x90 zephyr/libzephyr.a(fault.c.obj)
 .text._MpuFault
                0x000000000008063c       0x7c zephyr/libzephyr.a(fault.c.obj)
 .text._BusFault
                0x00000000000806b8       0x94 zephyr/libzephyr.a(fault.c.obj)
 .text._Fault   0x000000000008074c       0xcc zephyr/libzephyr.a(fault.c.obj)
                0x000000000008074c                _Fault
 .text._FaultInit
                0x0000000000080818       0x10 zephyr/libzephyr.a(fault.c.obj)
                0x0000000000080818                _FaultInit
 .text._irq_spurious
                0x0000000000080828        0x4 zephyr/libzephyr.a(irq_manage.c.obj)
                0x0000000000080828                _irq_spurious
 .text._new_thread
                0x000000000008082c       0x4c zephyr/libzephyr.a(thread.c.obj)
                0x000000000008082c                _new_thread
 .text._CpuIdleInit
                0x0000000000080878        0xc zephyr/libzephyr.a(cpu_idle.S.obj)
                0x0000000000080878                _CpuIdleInit
 .text.k_cpu_idle
                0x0000000000080884        0xc zephyr/libzephyr.a(cpu_idle.S.obj)
                0x0000000000080884                k_cpu_idle
 .text.__fault  0x0000000000080890       0x28 zephyr/libzephyr.a(fault_s.S.obj)
                0x0000000000080890                __usage_fault
                0x0000000000080890                __reserved
                0x0000000000080890                __bus_fault
                0x0000000000080890                __debug_monitor
                0x0000000000080890                __mpu_fault
                0x0000000000080890                __hard_fault
 .text._NanoFatalErrorHandler
                0x00000000000808b8       0x58 zephyr/libzephyr.a(fatal.c.obj)
                0x00000000000808b8                _NanoFatalErrorHandler
 .text._do_kernel_oops
                0x0000000000080910        0x8 zephyr/libzephyr.a(fatal.c.obj)
                0x0000000000080910                _do_kernel_oops
 .text._SysFatalErrorHandler
                0x0000000000080918       0x58 zephyr/libzephyr.a(sys_fatal_error_handler.c.obj)
                0x0000000000080918                _SysFatalErrorHandler
 .text._impl_k_thread_abort
                0x0000000000080970       0x4c zephyr/libzephyr.a(thread_abort.c.obj)
                0x0000000000080970                _impl_k_thread_abort
 .text._isr_wrapper
                0x00000000000809bc       0x24 zephyr/libzephyr.a(isr_wrapper.S.obj)
                0x00000000000809bc                _isr_wrapper
 .text._reset_section
                0x00000000000809e0       0x20 zephyr/libzephyr.a(reset.S.obj)
                0x00000000000809e0                __reset
                0x00000000000809e0                __start
 .text._SysNmiOnReset
                0x0000000000080a00        0x8 zephyr/libzephyr.a(nmi_on_reset.S.obj)
                0x0000000000080a00                _SysNmiOnReset
 .text._PrepC   0x0000000000080a08       0x2c zephyr/libzephyr.a(prep_c.c.obj)
                0x0000000000080a08                _PrepC
 .text.__nmi    0x0000000000080a34        0xe zephyr/libzephyr.a(nmi.c.obj)
                0x0000000000080a34                __nmi
 .text._nop_char_out
                0x0000000000080a42        0x4 zephyr/libzephyr.a(printk.c.obj)
 *fill*         0x0000000000080a46        0x2 
 .text.char_out
                0x0000000000080a48       0x10 zephyr/libzephyr.a(printk.c.obj)
 .text._printk_dec_ulong
                0x0000000000080a58       0x9c zephyr/libzephyr.a(printk.c.obj)
 .text.__printk_hook_install
                0x0000000000080af4        0xc zephyr/libzephyr.a(printk.c.obj)
                0x0000000000080af4                __printk_hook_install
 .text._vprintk
                0x0000000000080b00      0x260 zephyr/libzephyr.a(printk.c.obj)
                0x0000000000080b00                _vprintk
 .text.vprintk  0x0000000000080d60       0x20 zephyr/libzephyr.a(printk.c.obj)
                0x0000000000080d60                vprintk
 .text.printk   0x0000000000080d80       0x1a zephyr/libzephyr.a(printk.c.obj)
                0x0000000000080d80                printk
 .text._ConfigAbsSyms
                0x0000000000080d9a        0x2 zephyr/libzephyr.a(configs.c.obj)
                0x0000000000080d9a                _ConfigAbsSyms
 .text.console_out
                0x0000000000080d9c       0x28 zephyr/libzephyr.a(uart_console.c.obj)
 .text.uart_console_hook_install
                0x0000000000080dc4        0xc zephyr/libzephyr.a(uart_console.c.obj)
                0x0000000000080dc4                uart_console_hook_install
 .text.uart_console_init
                0x0000000000080dd0       0x1c zephyr/libzephyr.a(uart_console.c.obj)
 .text.uart_sam_poll_in
                0x0000000000080dec       0x18 zephyr/libzephyr.a(uart_sam.c.obj)
 .text.uart_sam_poll_out
                0x0000000000080e04       0x12 zephyr/libzephyr.a(uart_sam.c.obj)
 .text.uart_sam_err_check
                0x0000000000080e16       0x22 zephyr/libzephyr.a(uart_sam.c.obj)
 .text.uart_sam_init
                0x0000000000080e38       0x54 zephyr/libzephyr.a(uart_sam.c.obj)
 .text.wdt_sam_enable
                0x0000000000080e8c        0x2 zephyr/libzephyr.a(wdt_sam.c.obj)
 .text.wdt_sam_disable
                0x0000000000080e8e       0x10 zephyr/libzephyr.a(wdt_sam.c.obj)
 .text.wdt_sam_set_config
                0x0000000000080e9e        0x6 zephyr/libzephyr.a(wdt_sam.c.obj)
 .text.wdt_sam_get_config
                0x0000000000080ea4        0x2 zephyr/libzephyr.a(wdt_sam.c.obj)
 .text.wdt_sam_init
                0x0000000000080ea6        0xa zephyr/libzephyr.a(wdt_sam.c.obj)
 .text.wdt_sam_reload
                0x0000000000080eb0        0x2 zephyr/libzephyr.a(wdt_sam.c.obj)
 *fill*         0x0000000000080eb2        0x2 
 .text._timer_int_handler
                0x0000000000080eb4       0x2c zephyr/libzephyr.a(cortex_m_systick.c.obj)
                0x0000000000080eb4                _timer_int_handler
 .text._sys_clock_driver_init
                0x0000000000080ee0       0x2c zephyr/libzephyr.a(cortex_m_systick.c.obj)
                0x0000000000080ee0                _sys_clock_driver_init
 .text.pinmux_init
                0x0000000000080f0c      0x128 zephyr/boards/boards/arm/arduino_due/libboards__arm__arduino_due.a(pinmux.c.obj)
 .text._sys_device_do_config_level
                0x0000000000081034       0x28 zephyr/kernel/libkernel.a(device.c.obj)
                0x0000000000081034                _sys_device_do_config_level
 .text.device_get_binding
                0x000000000008105c       0x4c zephyr/kernel/libkernel.a(device.c.obj)
                0x000000000008105c                device_get_binding
 .text._bss_zero
                0x00000000000810a8       0x14 zephyr/kernel/libkernel.a(init.c.obj)
                0x00000000000810a8                _bss_zero
 .text._data_copy
                0x00000000000810bc       0x18 zephyr/kernel/libkernel.a(init.c.obj)
                0x00000000000810bc                _data_copy
 .text.bg_thread_main
                0x00000000000810d4       0x38 zephyr/kernel/libkernel.a(init.c.obj)
 .text._Cstart  0x000000000008110c       0xf8 zephyr/kernel/libkernel.a(init.c.obj)
                0x000000000008110c                _Cstart
 .text._add_thread_to_ready_q
                0x0000000000081204       0x4c zephyr/kernel/libkernel.a(sched.c.obj)
                0x0000000000081204                _add_thread_to_ready_q
 .text._remove_thread_from_ready_q
                0x0000000000081250       0x64 zephyr/kernel/libkernel.a(sched.c.obj)
                0x0000000000081250                _remove_thread_from_ready_q
 .text.__must_switch_threads
                0x00000000000812b4       0x2c zephyr/kernel/libkernel.a(sched.c.obj)
                0x00000000000812b4                __must_switch_threads
 .text._reschedule_threads
                0x00000000000812e0       0x34 zephyr/kernel/libkernel.a(sched.c.obj)
                0x00000000000812e0                _reschedule_threads
 .text.k_sched_unlock
                0x0000000000081314       0x20 zephyr/kernel/libkernel.a(sched.c.obj)
                0x0000000000081314                k_sched_unlock
 .text._move_thread_to_end_of_prio_q
                0x0000000000081334       0x50 zephyr/kernel/libkernel.a(sched.c.obj)
                0x0000000000081334                _move_thread_to_end_of_prio_q
 .text._impl_k_current_get
                0x0000000000081384        0xc zephyr/kernel/libkernel.a(sched.c.obj)
                0x0000000000081384                _impl_k_current_get
 .text._is_thread_time_slicing
                0x0000000000081390       0x48 zephyr/kernel/libkernel.a(sched.c.obj)
                0x0000000000081390                _is_thread_time_slicing
 .text._update_time_slice_before_swap
                0x00000000000813d8        0xc zephyr/kernel/libkernel.a(sched.c.obj)
                0x00000000000813d8                _update_time_slice_before_swap
 .text._nano_sys_clock_tick_announce
                0x00000000000813e4      0x1ac zephyr/kernel/libkernel.a(sys_clock.c.obj)
                0x00000000000813e4                _nano_sys_clock_tick_announce
 .text._is_thread_ready
                0x0000000000081590       0x14 zephyr/kernel/libkernel.a(thread.c.obj)
 .text._abort_timeout
                0x00000000000815a4       0x30 zephyr/kernel/libkernel.a(thread.c.obj)
 .text.schedule_new_thread.part.13
                0x00000000000815d4       0x74 zephyr/kernel/libkernel.a(thread.c.obj)
 .text.k_is_in_isr
                0x0000000000081648       0x20 zephyr/kernel/libkernel.a(thread.c.obj)
                0x0000000000081648                k_is_in_isr
 .text._is_thread_essential
                0x0000000000081668       0x10 zephyr/kernel/libkernel.a(thread.c.obj)
                0x0000000000081668                _is_thread_essential
 .text._thread_entry
                0x0000000000081678       0x14 zephyr/kernel/libkernel.a(thread.c.obj)
                0x0000000000081678                _thread_entry
 .text._impl_k_thread_start
                0x000000000008168c       0x54 zephyr/kernel/libkernel.a(thread.c.obj)
                0x000000000008168c                _impl_k_thread_start
 .text._setup_new_thread
                0x00000000000816e0        0x4 zephyr/kernel/libkernel.a(thread.c.obj)
                0x00000000000816e0                _setup_new_thread
 .text._k_thread_single_abort
                0x00000000000816e4       0x4a zephyr/kernel/libkernel.a(thread.c.obj)
                0x00000000000816e4                _k_thread_single_abort
 *fill*         0x000000000008172e        0x2 
 .text._init_static_threads
                0x0000000000081730       0x94 zephyr/kernel/libkernel.a(thread.c.obj)
                0x0000000000081730                _init_static_threads
 .text._init_thread_base
                0x00000000000817c4       0x18 zephyr/kernel/libkernel.a(thread.c.obj)
                0x00000000000817c4                _init_thread_base
 .text.idle     0x00000000000817dc       0x14 zephyr/kernel/libkernel.a(idle.c.obj)
                0x00000000000817dc                idle
 .text._OffsetAbsSyms
                0x00000000000817f0        0x2 zephyr/CMakeFiles/offsets.dir/arch/arm/core/offsets/offsets.c.obj
                0x00000000000817f0                _OffsetAbsSyms
 *(.gnu.linkonce.t.*)
                0x00000000000817f2                _image_text_end = .

.glue_7         0x00000000000817f4        0x0
 .glue_7        0x00000000000817f4        0x0 linker stubs

.glue_7t        0x00000000000817f4        0x0
 .glue_7t       0x00000000000817f4        0x0 linker stubs

.vfp11_veneer   0x00000000000817f4        0x0
 .vfp11_veneer  0x00000000000817f4        0x0 linker stubs

.v4_bx          0x00000000000817f4        0x0
 .v4_bx         0x00000000000817f4        0x0 linker stubs

.iplt           0x00000000000817f4        0x0
 .iplt          0x00000000000817f4        0x0 zephyr/CMakeFiles/kernel_elf.dir/isr_tables.c.obj

.igot.plt       0x00000000000817f4        0x0
 .igot.plt      0x00000000000817f4        0x0 zephyr/CMakeFiles/kernel_elf.dir/isr_tables.c.obj

.ARM.exidx      0x00000000000817f2        0x0
                0x00000000000817f2                __exidx_start = .
 *(.ARM.exidx* gnu.linkonce.armexidx.*)
                0x00000000000817f2                __exidx_end = .
                0x00000000000817f2                _image_rodata_start = .

devconfig       0x00000000000817f4       0x48
                0x00000000000817f4                __devconfig_start = .
 *(.devconfig.*)
 .devconfig.init
                0x00000000000817f4        0xc zephyr/libzephyr.a(soc.c.obj)
 .devconfig.init
                0x0000000000081800        0xc zephyr/libzephyr.a(uart_console.c.obj)
 .devconfig.init
                0x000000000008180c        0xc zephyr/libzephyr.a(uart_sam.c.obj)
 .devconfig.init
                0x0000000000081818        0xc zephyr/libzephyr.a(wdt_sam.c.obj)
 .devconfig.init
                0x0000000000081824        0xc zephyr/libzephyr.a(sys_clock_init.c.obj)
 .devconfig.init
                0x0000000000081830        0xc zephyr/boards/boards/arm/arduino_due/libboards__arm__arduino_due.a(pinmux.c.obj)
 *(SORT_BY_NAME(.devconfig*))
                0x000000000008183c                __devconfig_end = .

net_l2          0x000000000008183c        0x0
                0x000000000008183c                __net_l2_start = .
 *(.net_l2.init)
 *(SORT_BY_NAME(.net_l2.init*))
                0x000000000008183c                __net_l2_end = .

rodata          0x000000000008183c      0x4d4
 *(.rodata)
 *(.rodata.*)
 .rodata.main.str1.1
                0x000000000008183c       0x15 libapp.a(main.c.obj)
 .rodata.str1.1
                0x0000000000081851       0x15 zephyr/libzephyr.a(soc.c.obj)
                                          0x1 (size before relaxing)
 .rodata._BusFault.str1.1
                0x0000000000081851       0x66 zephyr/libzephyr.a(fault.c.obj)
 .rodata._Fault.str1.1
                0x00000000000818b7       0xd3 zephyr/libzephyr.a(fault.c.obj)
 .rodata._FaultThreadShow.isra.2.str1.1
                0x000000000008198a       0x4a zephyr/libzephyr.a(fault.c.obj)
 .rodata._MpuFault.str1.1
                0x00000000000819d4       0x87 zephyr/libzephyr.a(fault.c.obj)
 .rodata._UsageFault.str1.1
                0x0000000000081a5b       0xd4 zephyr/libzephyr.a(fault.c.obj)
 .rodata._NanoFatalErrorHandler.str1.1
                0x0000000000081b2f       0xba zephyr/libzephyr.a(fatal.c.obj)
 .rodata._SysFatalErrorHandler.str1.1
                0x0000000000081be9       0x5a zephyr/libzephyr.a(sys_fatal_error_handler.c.obj)
 .rodata.str1.1
                0x0000000000081c43        0x1 zephyr/libzephyr.a(uart_console.c.obj)
 .rodata.uart_console_init.str1.1
                0x0000000000081c43        0x7 zephyr/libzephyr.a(uart_console.c.obj)
 .rodata.str1.1
                0x0000000000081c4a        0x7 zephyr/libzephyr.a(uart_sam.c.obj)
 *fill*         0x0000000000081c4a        0x2 
 .rodata.uart0_sam_config
                0x0000000000081c4c       0x28 zephyr/libzephyr.a(uart_sam.c.obj)
 .rodata.uart_sam_driver_api
                0x0000000000081c74        0xc zephyr/libzephyr.a(uart_sam.c.obj)
 .rodata.str1.1
                0x0000000000081c80        0x4 zephyr/libzephyr.a(wdt_sam.c.obj)
 .rodata.wdt_sam_api
                0x0000000000081c84       0x14 zephyr/libzephyr.a(wdt_sam.c.obj)
 .rodata.wdt_sam_config
                0x0000000000081c98        0x4 zephyr/libzephyr.a(wdt_sam.c.obj)
 .rodata.str1.1
                0x0000000000081c9c        0xa zephyr/libzephyr.a(sys_clock_init.c.obj)
 .rodata.str1.1
                0x0000000000081ca6        0x1 zephyr/boards/boards/arm/arduino_due/libboards__arm__arduino_due.a(pinmux.c.obj)
 *fill*         0x0000000000081ca6        0x2 
 .rodata.config_levels
                0x0000000000081ca8       0x14 zephyr/kernel/libkernel.a(device.c.obj)
 .rodata._k_neg_eagain
                0x0000000000081cbc        0x4 zephyr/kernel/libkernel.a(errno.c.obj)
                0x0000000000081cbc                _k_neg_eagain
 .rodata._idle_thread
                0x0000000000081cc0        0x4 zephyr/kernel/libkernel.a(init.c.obj)
                0x0000000000081cc0                _idle_thread
 .rodata.bg_thread_main.str1.1
                0x0000000000081cc4       0x49 zephyr/kernel/libkernel.a(init.c.obj)
 *(.gnu.linkonce.r.*)
                0x0000000000081d10                . = ALIGN (0x4)
 *fill*         0x0000000000081d0d        0x3 
                0x0000000000081d10                _image_rodata_end = .
                0x0000000000081d10                _image_rom_end = .

.rel.dyn        0x0000000000081d10        0x0
 .rel.iplt      0x0000000000081d10        0x0 zephyr/CMakeFiles/kernel_elf.dir/isr_tables.c.obj

bss             0x0000000020070000      0x200
                0x0000000020070000                . = ALIGN (0x4)
                0x0000000020070000                __bss_start = .
                0x0000000020070000                _image_ram_start = .
                0x0000000020070000                __kernel_ram_start = .
 *(.bss)
 *(.bss.*)
 .bss.uart_console_dev
                0x0000000020070000        0x4 zephyr/libzephyr.a(uart_console.c.obj)
 .bss.clock_accumulated_count
                0x0000000020070004        0x4 zephyr/libzephyr.a(cortex_m_systick.c.obj)
 .bss._idle_thread_s
                0x0000000020070008       0x60 zephyr/kernel/libkernel.a(init.c.obj)
 .bss._main_thread_s
                0x0000000020070068       0x60 zephyr/kernel/libkernel.a(init.c.obj)
 .bss._kernel   0x00000000200700c8      0x120 zephyr/kernel/libkernel.a(sched.c.obj)
                0x00000000200700c8                _kernel
 .bss._time_slice_duration
                0x00000000200701e8        0x4 zephyr/kernel/libkernel.a(sys_clock.c.obj)
                0x00000000200701e8                _time_slice_duration
 .bss._time_slice_prio_ceiling
                0x00000000200701ec        0x4 zephyr/kernel/libkernel.a(sys_clock.c.obj)
                0x00000000200701ec                _time_slice_prio_ceiling
 *(COMMON)
 COMMON         0x00000000200701f0       0x10 zephyr/kernel/libkernel.a(sys_clock.c.obj)
                0x00000000200701f0                _handling_timeouts
                0x00000000200701f4                _time_slice_elapsed
                0x00000000200701f8                _sys_clock_tick_count
 *(.kernel_bss.*)
                0x0000000020070200                __bss_end = ALIGN (0x4)

noinit          0x0000000020070200      0xd00
 *(.noinit)
 *(.noinit.*)
 .noinit."/home/swap/zephyr/kernel/init.c".1
                0x0000000020070200      0x400 zephyr/kernel/libkernel.a(init.c.obj)
                0x0000000020070200                _main_stack
 .noinit."/home/swap/zephyr/kernel/init.c".2
                0x0000000020070600      0x100 zephyr/kernel/libkernel.a(init.c.obj)
                0x0000000020070600                _idle_stack
 .noinit."/home/swap/zephyr/kernel/init.c".3
                0x0000000020070700      0x800 zephyr/kernel/libkernel.a(init.c.obj)
                0x0000000020070700                _interrupt_stack
 *(.kernel_noinit.*)

datas           0x0000000020070f00       0x10 load address 0x0000000000081d10
                0x0000000020070f00                __data_ram_start = .
 *(.data)
 *(.data.*)
 .data._char_out
                0x0000000020070f00        0x4 zephyr/libzephyr.a(printk.c.obj)
 .data.uart0_sam_data
                0x0000000020070f04        0x4 zephyr/libzephyr.a(uart_sam.c.obj)
 .data._sys_idle_elapsed_ticks
                0x0000000020070f08        0x4 zephyr/kernel/libkernel.a(sys_clock.c.obj)
                0x0000000020070f08                _sys_idle_elapsed_ticks
 .data.sys_clock_hw_cycles_per_tick
                0x0000000020070f0c        0x4 zephyr/kernel/libkernel.a(sys_clock.c.obj)
                0x0000000020070f0c                sys_clock_hw_cycles_per_tick
 *(.kernel.*)
                0x0000000000081d10                __data_rom_start = LOADADDR (datas)

initlevel       0x0000000020070f10       0x48 load address 0x0000000000081d20
                0x0000000020070f10                __device_init_start = .
                0x0000000020070f10                __device_PRE_KERNEL_1_start = .
 *(SORT_BY_NAME(.init_PRE_KERNEL_1[0-9]))
 .init_PRE_KERNEL_10
                0x0000000020070f10        0xc zephyr/libzephyr.a(soc.c.obj)
 *(SORT_BY_NAME(.init_PRE_KERNEL_1[1-9][0-9]))
 .init_PRE_KERNEL_140
                0x0000000020070f1c        0xc zephyr/boards/boards/arm/arduino_due/libboards__arm__arduino_due.a(pinmux.c.obj)
 .init_PRE_KERNEL_150
                0x0000000020070f28        0xc zephyr/libzephyr.a(uart_sam.c.obj)
 .init_PRE_KERNEL_150
                0x0000000020070f34        0xc zephyr/libzephyr.a(wdt_sam.c.obj)
 .init_PRE_KERNEL_160
                0x0000000020070f40        0xc zephyr/libzephyr.a(uart_console.c.obj)
                0x0000000020070f4c                __device_PRE_KERNEL_2_start = .
 *(SORT_BY_NAME(.init_PRE_KERNEL_2[0-9]))
 .init_PRE_KERNEL_20
                0x0000000020070f4c        0xc zephyr/libzephyr.a(sys_clock_init.c.obj)
 *(SORT_BY_NAME(.init_PRE_KERNEL_2[1-9][0-9]))
                0x0000000020070f58                __device_POST_KERNEL_start = .
 *(SORT_BY_NAME(.init_POST_KERNEL[0-9]))
 *(SORT_BY_NAME(.init_POST_KERNEL[1-9][0-9]))
                0x0000000020070f58                __device_APPLICATION_start = .
 *(SORT_BY_NAME(.init_APPLICATION[0-9]))
 *(SORT_BY_NAME(.init_APPLICATION[1-9][0-9]))
                0x0000000020070f58                __device_init_end = .

initlevel_error
                0x0000000020070f10        0x0
 *(SORT_BY_NAME(.init_[_A-Z0-9]*))
                0x0000000000000001                ASSERT ((SIZEOF (initlevel_error) == 0x0), Undefined initialization levels used.)

initshell       0x0000000020070f58        0x0 load address 0x0000000000081d68
                0x0000000020070f58                __shell_module_start = .
 *(.shell_module_*)
                0x0000000020070f58                __shell_module_end = .
                0x0000000020070f58                __shell_cmd_start = .
 *(.shell_cmd_*)
                0x0000000020070f58                __shell_cmd_end = .

_static_thread_area
                0x0000000020070f58        0x0 load address 0x0000000000081d68
                0x0000000020070f58                _static_thread_data_list_start = .
 *(SORT_BY_NAME(._static_thread_data.static.*))
                0x0000000020070f58                _static_thread_data_list_end = .

_k_timer_area   0x0000000020070f58        0x0 load address 0x0000000000081d68
                0x0000000020070f58                _k_timer_list_start = .
 *(SORT_BY_NAME(._k_timer.static.*))
                0x0000000020070f58                _k_timer_list_end = .

_k_mem_slab_area
                0x0000000020070f58        0x0 load address 0x0000000000081d68
                0x0000000020070f58                _k_mem_slab_list_start = .
 *(SORT_BY_NAME(._k_mem_slab.static.*))
                0x0000000020070f58                _k_mem_slab_list_end = .

_k_mem_pool_area
                0x0000000020070f58        0x0 load address 0x0000000000081d68
 *(SORT_BY_NAME(._k_memory_pool.struct*))
                0x0000000020070f58                _k_mem_pool_list_start = .
 *(SORT_BY_NAME(._k_mem_pool.static.*))
                0x0000000020070f58                _k_mem_pool_list_end = .

_k_sem_area     0x0000000020070f58        0x0 load address 0x0000000000081d68
                0x0000000020070f58                _k_sem_list_start = .
 *(SORT_BY_NAME(._k_sem.static.*))
                0x0000000020070f58                _k_sem_list_end = .

_k_mutex_area   0x0000000020070f58        0x0 load address 0x0000000000081d68
                0x0000000020070f58                _k_mutex_list_start = .
 *(SORT_BY_NAME(._k_mutex.static.*))
                0x0000000020070f58                _k_mutex_list_end = .

_k_alert_area   0x0000000020070f58        0x0 load address 0x0000000000081d68
                0x0000000020070f58                _k_alert_list_start = .
 *(SORT_BY_NAME(._k_alert.static.*))
                0x0000000020070f58                _k_alert_list_end = .

_k_queue_area   0x0000000020070f58        0x0 load address 0x0000000000081d68
                0x0000000020070f58                _k_queue_list_start = .
 *(SORT_BY_NAME(._k_queue.static.*))
                0x0000000020070f58                _k_queue_list_end = .

_k_stack_area   0x0000000020070f58        0x0 load address 0x0000000000081d68
                0x0000000020070f58                _k_stack_list_start = .
 *(SORT_BY_NAME(._k_stack.static.*))
                0x0000000020070f58                _k_stack_list_end = .

_k_msgq_area    0x0000000020070f58        0x0 load address 0x0000000000081d68
                0x0000000020070f58                _k_msgq_list_start = .
 *(SORT_BY_NAME(._k_msgq.static.*))
                0x0000000020070f58                _k_msgq_list_end = .

_k_mbox_area    0x0000000020070f58        0x0 load address 0x0000000000081d68
                0x0000000020070f58                _k_mbox_list_start = .
 *(SORT_BY_NAME(._k_mbox.static.*))
                0x0000000020070f58                _k_mbox_list_end = .

_k_pipe_area    0x0000000020070f58        0x0 load address 0x0000000000081d68
                0x0000000020070f58                _k_pipe_list_start = .
 *(SORT_BY_NAME(._k_pipe.static.*))
                0x0000000020070f58                _k_pipe_list_end = .

_k_work_area    0x0000000020070f58        0x0 load address 0x0000000000081d68
                0x0000000020070f58                _k_work_list_start = .
 *(SORT_BY_NAME(._k_work.static.*))
                0x0000000020070f58                _k_work_list_end = .

_k_task_list    0x0000000020070f58        0x0 load address 0x0000000000081d68
                0x0000000020070f58                _k_task_list_start = .
 *(._k_task_list.public.*)
 *(._k_task_list.private.*)
                0x0000000020070f58                _k_task_list_idle_start = .
 *(._k_task_list.idle.*)
 *(SORT_BY_NAME(._k_task_list*))
                0x0000000020070f58                _k_task_list_end = .

_k_event_list   0x0000000020070f58        0x0 load address 0x0000000000081d68
                0x0000000020070f58                _k_event_list_start = .
 *(._k_event_list.event.*)
 *(SORT_BY_NAME(._k_event_list*))
                0x0000000020070f58                _k_event_list_end = .

_k_memory_pool  0x0000000020070f58        0x0 load address 0x0000000000081d68
 *(._k_memory_pool.struct*)
 *(SORT_BY_NAME(._k_memory_pool.struct*))
                0x0000000020070f58                _k_mem_pool_start = .
 *(._k_memory_pool.*)
 *(SORT_BY_NAME(._k_memory_pool*))
                0x0000000020070f58                _k_mem_pool_end = .

_net_buf_pool_area
                0x0000000020070f58        0x0 load address 0x0000000000081d68
                0x0000000020070f58                _net_buf_pool_list = .
 *(SORT_BY_NAME(._net_buf_pool.static.*))

net_if          0x0000000020070f58        0x0 load address 0x0000000000081d68
                0x0000000020070f58                __net_if_start = .
 *(.net_if.*)
 *(SORT_BY_NAME(.net_if.*))
                0x0000000020070f58                __net_if_end = .

net_if_event    0x0000000020070f58        0x0 load address 0x0000000000081d68
                0x0000000020070f58                __net_if_event_start = .
 *(.net_if_event.*)
 *(SORT_BY_NAME(.net_if_event.*))
                0x0000000020070f58                __net_if_event_end = .

net_l2_data     0x0000000020070f58        0x0 load address 0x0000000000081d68
                0x0000000020070f58                __net_l2_data_start = .
 *(.net_l2.data)
 *(SORT_BY_NAME(.net_l2.data*))
                0x0000000020070f58                __net_l2_data_end = .
                0x0000000020070f58                __data_ram_end = .
                0x0000000020070f58                _image_ram_end = .
                0x0000000020070f58                _end = .
                0x0000000020088000                __kernel_ram_end = 0x20088000
                0x0000000000018000                __kernel_ram_size = (__kernel_ram_end - __kernel_ram_start)

/DISCARD/
 *(.irq_info)
 *(.intList)
OUTPUT(zephyr/zephyr.elf elf32-littlearm)

.debug_info     0x0000000000000000    0x14c10
 .debug_info    0x0000000000000000       0xdd zephyr/CMakeFiles/kernel_elf.dir/isr_tables.c.obj
 .debug_info    0x00000000000000dd      0x54d libapp.a(string.c.obj)
 .debug_info    0x000000000000062a      0x4c1 libapp.a(main.c.obj)
 .debug_info    0x0000000000000aeb      0x144 zephyr/libzephyr.a(isr_tables.c.obj)
 .debug_info    0x0000000000000c2f      0xa9a zephyr/libzephyr.a(soc.c.obj)
 .debug_info    0x00000000000016c9      0x779 zephyr/libzephyr.a(soc_pmc.c.obj)
 .debug_info    0x0000000000001e42      0xa40 zephyr/libzephyr.a(soc_gpio.c.obj)
 .debug_info    0x0000000000002882       0x26 zephyr/libzephyr.a(exc_exit.S.obj)
 .debug_info    0x00000000000028a8      0x970 zephyr/libzephyr.a(irq_init.c.obj)
 .debug_info    0x0000000000003218      0x868 zephyr/libzephyr.a(swap.c.obj)
 .debug_info    0x0000000000003a80       0x22 zephyr/libzephyr.a(swap_helper.S.obj)
 .debug_info    0x0000000000003aa2      0xe89 zephyr/libzephyr.a(fault.c.obj)
 .debug_info    0x000000000000492b      0xd0b zephyr/libzephyr.a(irq_manage.c.obj)
 .debug_info    0x0000000000005636      0x962 zephyr/libzephyr.a(thread.c.obj)
 .debug_info    0x0000000000005f98       0x22 zephyr/libzephyr.a(cpu_idle.S.obj)
 .debug_info    0x0000000000005fba       0x26 zephyr/libzephyr.a(fault_s.S.obj)
 .debug_info    0x0000000000005fe0      0x90a zephyr/libzephyr.a(fatal.c.obj)
 .debug_info    0x00000000000068ea      0x878 zephyr/libzephyr.a(sys_fatal_error_handler.c.obj)
 .debug_info    0x0000000000007162      0x953 zephyr/libzephyr.a(thread_abort.c.obj)
 .debug_info    0x0000000000007ab5       0x26 zephyr/libzephyr.a(isr_wrapper.S.obj)
 .debug_info    0x0000000000007adb       0x26 zephyr/libzephyr.a(reset.S.obj)
 .debug_info    0x0000000000007b01       0x26 zephyr/libzephyr.a(nmi_on_reset.S.obj)
 .debug_info    0x0000000000007b27      0x833 zephyr/libzephyr.a(prep_c.c.obj)
 .debug_info    0x000000000000835a      0x4c2 zephyr/libzephyr.a(nmi.c.obj)
 .debug_info    0x000000000000881c      0xd24 zephyr/libzephyr.a(printk.c.obj)
 .debug_info    0x0000000000009540       0x37 zephyr/libzephyr.a(configs.c.obj)
 .debug_info    0x0000000000009577      0x7ec zephyr/libzephyr.a(uart_console.c.obj)
 .debug_info    0x0000000000009d63      0xd3d zephyr/libzephyr.a(uart_sam.c.obj)
 .debug_info    0x000000000000aaa0      0x856 zephyr/libzephyr.a(wdt_sam.c.obj)
 .debug_info    0x000000000000b2f6      0x56e zephyr/libzephyr.a(sys_clock_init.c.obj)
 .debug_info    0x000000000000b864      0xcb0 zephyr/libzephyr.a(cortex_m_systick.c.obj)
 .debug_info    0x000000000000c514      0x966 zephyr/boards/boards/arm/arduino_due/libboards__arm__arduino_due.a(pinmux.c.obj)
 .debug_info    0x000000000000ce7a      0x6c4 zephyr/kernel/libkernel.a(device.c.obj)
 .debug_info    0x000000000000d53e      0x674 zephyr/kernel/libkernel.a(errno.c.obj)
 .debug_info    0x000000000000dbb2     0x12c8 zephyr/kernel/libkernel.a(init.c.obj)
 .debug_info    0x000000000000ee7a     0x1eb4 zephyr/kernel/libkernel.a(sched.c.obj)
 .debug_info    0x0000000000010d2e     0x110b zephyr/kernel/libkernel.a(sys_clock.c.obj)
 .debug_info    0x0000000000011e39     0x1cf8 zephyr/kernel/libkernel.a(thread.c.obj)
 .debug_info    0x0000000000013b31      0x7cc zephyr/kernel/libkernel.a(idle.c.obj)
 .debug_info    0x00000000000142fd      0x913 zephyr/CMakeFiles/offsets.dir/arch/arm/core/offsets/offsets.c.obj

.debug_abbrev   0x0000000000000000     0x5622
 .debug_abbrev  0x0000000000000000       0xb7 zephyr/CMakeFiles/kernel_elf.dir/isr_tables.c.obj
 .debug_abbrev  0x00000000000000b7      0x18d libapp.a(string.c.obj)
 .debug_abbrev  0x0000000000000244      0x190 libapp.a(main.c.obj)
 .debug_abbrev  0x00000000000003d4       0xe2 zephyr/libzephyr.a(isr_tables.c.obj)
 .debug_abbrev  0x00000000000004b6      0x29e zephyr/libzephyr.a(soc.c.obj)
 .debug_abbrev  0x0000000000000754      0x1f0 zephyr/libzephyr.a(soc_pmc.c.obj)
 .debug_abbrev  0x0000000000000944      0x291 zephyr/libzephyr.a(soc_gpio.c.obj)
 .debug_abbrev  0x0000000000000bd5       0x14 zephyr/libzephyr.a(exc_exit.S.obj)
 .debug_abbrev  0x0000000000000be9      0x22f zephyr/libzephyr.a(irq_init.c.obj)
 .debug_abbrev  0x0000000000000e18      0x220 zephyr/libzephyr.a(swap.c.obj)
 .debug_abbrev  0x0000000000001038       0x12 zephyr/libzephyr.a(swap_helper.S.obj)
 .debug_abbrev  0x000000000000104a      0x38d zephyr/libzephyr.a(fault.c.obj)
 .debug_abbrev  0x00000000000013d7      0x2f6 zephyr/libzephyr.a(irq_manage.c.obj)
 .debug_abbrev  0x00000000000016cd      0x298 zephyr/libzephyr.a(thread.c.obj)
 .debug_abbrev  0x0000000000001965       0x12 zephyr/libzephyr.a(cpu_idle.S.obj)
 .debug_abbrev  0x0000000000001977       0x14 zephyr/libzephyr.a(fault_s.S.obj)
 .debug_abbrev  0x000000000000198b      0x2c5 zephyr/libzephyr.a(fatal.c.obj)
 .debug_abbrev  0x0000000000001c50      0x288 zephyr/libzephyr.a(sys_fatal_error_handler.c.obj)
 .debug_abbrev  0x0000000000001ed8      0x28f zephyr/libzephyr.a(thread_abort.c.obj)
 .debug_abbrev  0x0000000000002167       0x14 zephyr/libzephyr.a(isr_wrapper.S.obj)
 .debug_abbrev  0x000000000000217b       0x14 zephyr/libzephyr.a(reset.S.obj)
 .debug_abbrev  0x000000000000218f       0x14 zephyr/libzephyr.a(nmi_on_reset.S.obj)
 .debug_abbrev  0x00000000000021a3      0x1ed zephyr/libzephyr.a(prep_c.c.obj)
 .debug_abbrev  0x0000000000002390      0x18f zephyr/libzephyr.a(nmi.c.obj)
 .debug_abbrev  0x000000000000251f      0x409 zephyr/libzephyr.a(printk.c.obj)
 .debug_abbrev  0x0000000000002928       0x2c zephyr/libzephyr.a(configs.c.obj)
 .debug_abbrev  0x0000000000002954      0x2cd zephyr/libzephyr.a(uart_console.c.obj)
 .debug_abbrev  0x0000000000002c21      0x2bb zephyr/libzephyr.a(uart_sam.c.obj)
 .debug_abbrev  0x0000000000002edc      0x281 zephyr/libzephyr.a(wdt_sam.c.obj)
 .debug_abbrev  0x000000000000315d      0x17c zephyr/libzephyr.a(sys_clock_init.c.obj)
 .debug_abbrev  0x00000000000032d9      0x362 zephyr/libzephyr.a(cortex_m_systick.c.obj)
 .debug_abbrev  0x000000000000363b      0x224 zephyr/boards/boards/arm/arduino_due/libboards__arm__arduino_due.a(pinmux.c.obj)
 .debug_abbrev  0x000000000000385f      0x278 zephyr/kernel/libkernel.a(device.c.obj)
 .debug_abbrev  0x0000000000003ad7      0x1dd zephyr/kernel/libkernel.a(errno.c.obj)
 .debug_abbrev  0x0000000000003cb4      0x4bf zephyr/kernel/libkernel.a(init.c.obj)
 .debug_abbrev  0x0000000000004173      0x5e1 zephyr/kernel/libkernel.a(sched.c.obj)
 .debug_abbrev  0x0000000000004754      0x433 zephyr/kernel/libkernel.a(sys_clock.c.obj)
 .debug_abbrev  0x0000000000004b87      0x5fe zephyr/kernel/libkernel.a(thread.c.obj)
 .debug_abbrev  0x0000000000005185      0x2b9 zephyr/kernel/libkernel.a(idle.c.obj)
 .debug_abbrev  0x000000000000543e      0x1e4 zephyr/CMakeFiles/offsets.dir/arch/arm/core/offsets/offsets.c.obj

.debug_aranges  0x0000000000000000      0x848
 .debug_aranges
                0x0000000000000000       0x18 zephyr/CMakeFiles/kernel_elf.dir/isr_tables.c.obj
 .debug_aranges
                0x0000000000000018       0x88 libapp.a(string.c.obj)
 .debug_aranges
                0x00000000000000a0       0x20 libapp.a(main.c.obj)
 .debug_aranges
                0x00000000000000c0       0x20 zephyr/libzephyr.a(isr_tables.c.obj)
 .debug_aranges
                0x00000000000000e0       0x20 zephyr/libzephyr.a(soc.c.obj)
 .debug_aranges
                0x0000000000000100       0x30 zephyr/libzephyr.a(soc_pmc.c.obj)
 .debug_aranges
                0x0000000000000130       0x28 zephyr/libzephyr.a(soc_gpio.c.obj)
 .debug_aranges
                0x0000000000000158       0x20 zephyr/libzephyr.a(exc_exit.S.obj)
 .debug_aranges
                0x0000000000000178       0x20 zephyr/libzephyr.a(irq_init.c.obj)
 .debug_aranges
                0x0000000000000198       0x20 zephyr/libzephyr.a(swap.c.obj)
 .debug_aranges
                0x00000000000001b8       0x28 zephyr/libzephyr.a(swap_helper.S.obj)
 .debug_aranges
                0x00000000000001e0       0x48 zephyr/libzephyr.a(fault.c.obj)
 .debug_aranges
                0x0000000000000228       0x40 zephyr/libzephyr.a(irq_manage.c.obj)
 .debug_aranges
                0x0000000000000268       0x20 zephyr/libzephyr.a(thread.c.obj)
 .debug_aranges
                0x0000000000000288       0x30 zephyr/libzephyr.a(cpu_idle.S.obj)
 .debug_aranges
                0x00000000000002b8       0x20 zephyr/libzephyr.a(fault_s.S.obj)
 .debug_aranges
                0x00000000000002d8       0x30 zephyr/libzephyr.a(fatal.c.obj)
 .debug_aranges
                0x0000000000000308       0x20 zephyr/libzephyr.a(sys_fatal_error_handler.c.obj)
 .debug_aranges
                0x0000000000000328       0x20 zephyr/libzephyr.a(thread_abort.c.obj)
 .debug_aranges
                0x0000000000000348       0x20 zephyr/libzephyr.a(isr_wrapper.S.obj)
 .debug_aranges
                0x0000000000000368       0x20 zephyr/libzephyr.a(reset.S.obj)
 .debug_aranges
                0x0000000000000388       0x20 zephyr/libzephyr.a(nmi_on_reset.S.obj)
 .debug_aranges
                0x00000000000003a8       0x20 zephyr/libzephyr.a(prep_c.c.obj)
 .debug_aranges
                0x00000000000003c8       0x20 zephyr/libzephyr.a(nmi.c.obj)
 .debug_aranges
                0x00000000000003e8       0x78 zephyr/libzephyr.a(printk.c.obj)
 .debug_aranges
                0x0000000000000460       0x20 zephyr/libzephyr.a(configs.c.obj)
 .debug_aranges
                0x0000000000000480       0x30 zephyr/libzephyr.a(uart_console.c.obj)
 .debug_aranges
                0x00000000000004b0       0x38 zephyr/libzephyr.a(uart_sam.c.obj)
 .debug_aranges
                0x00000000000004e8       0x40 zephyr/libzephyr.a(wdt_sam.c.obj)
 .debug_aranges
                0x0000000000000528       0x18 zephyr/libzephyr.a(sys_clock_init.c.obj)
 .debug_aranges
                0x0000000000000540       0x30 zephyr/libzephyr.a(cortex_m_systick.c.obj)
 .debug_aranges
                0x0000000000000570       0x20 zephyr/boards/boards/arm/arduino_due/libboards__arm__arduino_due.a(pinmux.c.obj)
 .debug_aranges
                0x0000000000000590       0x30 zephyr/kernel/libkernel.a(device.c.obj)
 .debug_aranges
                0x00000000000005c0       0x20 zephyr/kernel/libkernel.a(errno.c.obj)
 .debug_aranges
                0x00000000000005e0       0x48 zephyr/kernel/libkernel.a(init.c.obj)
 .debug_aranges
                0x0000000000000628       0xc0 zephyr/kernel/libkernel.a(sched.c.obj)
 .debug_aranges
                0x00000000000006e8       0x50 zephyr/kernel/libkernel.a(sys_clock.c.obj)
 .debug_aranges
                0x0000000000000738       0xc8 zephyr/kernel/libkernel.a(thread.c.obj)
 .debug_aranges
                0x0000000000000800       0x28 zephyr/kernel/libkernel.a(idle.c.obj)
 .debug_aranges
                0x0000000000000828       0x20 zephyr/CMakeFiles/offsets.dir/arch/arm/core/offsets/offsets.c.obj

.debug_line     0x0000000000000000     0x5815
 .debug_line    0x0000000000000000       0x7a zephyr/CMakeFiles/kernel_elf.dir/isr_tables.c.obj
 .debug_line    0x000000000000007a      0x236 libapp.a(string.c.obj)
 .debug_line    0x00000000000002b0      0x12d libapp.a(main.c.obj)
 .debug_line    0x00000000000003dd       0xa2 zephyr/libzephyr.a(isr_tables.c.obj)
 .debug_line    0x000000000000047f      0x26d zephyr/libzephyr.a(soc.c.obj)
 .debug_line    0x00000000000006ec      0x1ff zephyr/libzephyr.a(soc_pmc.c.obj)
 .debug_line    0x00000000000008eb      0x2a0 zephyr/libzephyr.a(soc_gpio.c.obj)
 .debug_line    0x0000000000000b8b       0x71 zephyr/libzephyr.a(exc_exit.S.obj)
 .debug_line    0x0000000000000bfc      0x1e7 zephyr/libzephyr.a(irq_init.c.obj)
 .debug_line    0x0000000000000de3      0x239 zephyr/libzephyr.a(swap.c.obj)
 .debug_line    0x000000000000101c       0xaf zephyr/libzephyr.a(swap_helper.S.obj)
 .debug_line    0x00000000000010cb      0x34e zephyr/libzephyr.a(fault.c.obj)
 .debug_line    0x0000000000001419      0x317 zephyr/libzephyr.a(irq_manage.c.obj)
 .debug_line    0x0000000000001730      0x2e8 zephyr/libzephyr.a(thread.c.obj)
 .debug_line    0x0000000000001a18       0x89 zephyr/libzephyr.a(cpu_idle.S.obj)
 .debug_line    0x0000000000001aa1       0x67 zephyr/libzephyr.a(fault_s.S.obj)
 .debug_line    0x0000000000001b08      0x2ae zephyr/libzephyr.a(fatal.c.obj)
 .debug_line    0x0000000000001db6      0x28f zephyr/libzephyr.a(sys_fatal_error_handler.c.obj)
 .debug_line    0x0000000000002045      0x28a zephyr/libzephyr.a(thread_abort.c.obj)
 .debug_line    0x00000000000022cf       0x6d zephyr/libzephyr.a(isr_wrapper.S.obj)
 .debug_line    0x000000000000233c       0x6d zephyr/libzephyr.a(reset.S.obj)
 .debug_line    0x00000000000023a9       0x68 zephyr/libzephyr.a(nmi_on_reset.S.obj)
 .debug_line    0x0000000000002411      0x202 zephyr/libzephyr.a(prep_c.c.obj)
 .debug_line    0x0000000000002613      0x14d zephyr/libzephyr.a(nmi.c.obj)
 .debug_line    0x0000000000002760      0x369 zephyr/libzephyr.a(printk.c.obj)
 .debug_line    0x0000000000002ac9       0xbd zephyr/libzephyr.a(configs.c.obj)
 .debug_line    0x0000000000002b86      0x205 zephyr/libzephyr.a(uart_console.c.obj)
 .debug_line    0x0000000000002d8b      0x293 zephyr/libzephyr.a(uart_sam.c.obj)
 .debug_line    0x000000000000301e      0x215 zephyr/libzephyr.a(wdt_sam.c.obj)
 .debug_line    0x0000000000003233      0x147 zephyr/libzephyr.a(sys_clock_init.c.obj)
 .debug_line    0x000000000000337a      0x2de zephyr/libzephyr.a(cortex_m_systick.c.obj)
 .debug_line    0x0000000000003658      0x259 zephyr/boards/boards/arm/arduino_due/libboards__arm__arduino_due.a(pinmux.c.obj)
 .debug_line    0x00000000000038b1      0x19d zephyr/kernel/libkernel.a(device.c.obj)
 .debug_line    0x0000000000003a4e      0x1e8 zephyr/kernel/libkernel.a(errno.c.obj)
 .debug_line    0x0000000000003c36      0x3f3 zephyr/kernel/libkernel.a(init.c.obj)
 .debug_line    0x0000000000004029      0x753 zephyr/kernel/libkernel.a(sched.c.obj)
 .debug_line    0x000000000000477c      0x48e zephyr/kernel/libkernel.a(sys_clock.c.obj)
 .debug_line    0x0000000000004c0a      0x712 zephyr/kernel/libkernel.a(thread.c.obj)
 .debug_line    0x000000000000531c      0x288 zephyr/kernel/libkernel.a(idle.c.obj)
 .debug_line    0x00000000000055a4      0x271 zephyr/CMakeFiles/offsets.dir/arch/arm/core/offsets/offsets.c.obj

.debug_str      0x0000000000000000     0x3908
 .debug_str     0x0000000000000000      0x1de zephyr/CMakeFiles/kernel_elf.dir/isr_tables.c.obj
                                        0x1f7 (size before relaxing)
 .debug_str     0x00000000000001de       0xdb libapp.a(string.c.obj)
                                        0x24a (size before relaxing)
 .debug_str     0x00000000000002b9      0x1a6 libapp.a(main.c.obj)
                                        0x413 (size before relaxing)
 .debug_str     0x000000000000045f       0x7f zephyr/libzephyr.a(isr_tables.c.obj)
                                        0x262 (size before relaxing)
 .debug_str     0x00000000000004de      0x33a zephyr/libzephyr.a(soc.c.obj)
                                        0x752 (size before relaxing)
 .debug_str     0x0000000000000818       0x8d zephyr/libzephyr.a(soc_pmc.c.obj)
                                        0x63e (size before relaxing)
 .debug_str     0x00000000000008a5      0x27f zephyr/libzephyr.a(soc_gpio.c.obj)
                                        0x76d (size before relaxing)
 .debug_str     0x0000000000000b24       0x3a zephyr/libzephyr.a(exc_exit.S.obj)
                                         0x69 (size before relaxing)
 .debug_str     0x0000000000000b5e      0x2db zephyr/libzephyr.a(irq_init.c.obj)
                                        0x7c5 (size before relaxing)
 .debug_str     0x0000000000000e39       0xad zephyr/libzephyr.a(swap.c.obj)
                                        0x5c3 (size before relaxing)
 .debug_str     0x0000000000000ee6       0x2e zephyr/libzephyr.a(swap_helper.S.obj)
                                         0x6c (size before relaxing)
 .debug_str     0x0000000000000f14      0x107 zephyr/libzephyr.a(fault.c.obj)
                                        0x692 (size before relaxing)
 .debug_str     0x000000000000101b      0x123 zephyr/libzephyr.a(irq_manage.c.obj)
                                        0x965 (size before relaxing)
 .debug_str     0x000000000000113e       0xf1 zephyr/libzephyr.a(thread.c.obj)
                                        0x64f (size before relaxing)
 .debug_str     0x000000000000122f       0x2b zephyr/libzephyr.a(cpu_idle.S.obj)
                                         0x69 (size before relaxing)
 .debug_str     0x000000000000125a       0x2a zephyr/libzephyr.a(fault_s.S.obj)
                                         0x68 (size before relaxing)
 .debug_str     0x0000000000001284       0x9d zephyr/libzephyr.a(fatal.c.obj)
                                        0x606 (size before relaxing)
 .debug_str     0x0000000000001321       0x87 zephyr/libzephyr.a(sys_fatal_error_handler.c.obj)
                                        0x5e2 (size before relaxing)
 .debug_str     0x00000000000013a8       0x7f zephyr/libzephyr.a(thread_abort.c.obj)
                                        0x65a (size before relaxing)
 .debug_str     0x0000000000001427       0x2e zephyr/libzephyr.a(isr_wrapper.S.obj)
                                         0x6c (size before relaxing)
 .debug_str     0x0000000000001455       0x31 zephyr/libzephyr.a(reset.S.obj)
                                         0x6f (size before relaxing)
 .debug_str     0x0000000000001486       0x38 zephyr/libzephyr.a(nmi_on_reset.S.obj)
                                         0x76 (size before relaxing)
 .debug_str     0x00000000000014be      0x1bb zephyr/libzephyr.a(prep_c.c.obj)
                                        0x6b1 (size before relaxing)
 .debug_str     0x0000000000001679       0x4d zephyr/libzephyr.a(nmi.c.obj)
                                        0x446 (size before relaxing)
 .debug_str     0x00000000000016c6      0x27b zephyr/libzephyr.a(printk.c.obj)
                                        0x6fa (size before relaxing)
 .debug_str     0x0000000000001941       0x2f zephyr/libzephyr.a(configs.c.obj)
                                        0x172 (size before relaxing)
 .debug_str     0x0000000000001970      0x104 zephyr/libzephyr.a(uart_console.c.obj)
                                        0x602 (size before relaxing)
 .debug_str     0x0000000000001a74      0x1f6 zephyr/libzephyr.a(uart_sam.c.obj)
                                        0x93d (size before relaxing)
 .debug_str     0x0000000000001c6a      0x19c zephyr/libzephyr.a(wdt_sam.c.obj)
                                        0x69a (size before relaxing)
 .debug_str     0x0000000000001e06       0x85 zephyr/libzephyr.a(sys_clock_init.c.obj)
                                        0x541 (size before relaxing)
 .debug_str     0x0000000000001e8b       0xd5 zephyr/libzephyr.a(cortex_m_systick.c.obj)
                                        0x970 (size before relaxing)
 .debug_str     0x0000000000001f60       0xb8 zephyr/boards/boards/arm/arduino_due/libboards__arm__arduino_due.a(pinmux.c.obj)
                                        0x777 (size before relaxing)
 .debug_str     0x0000000000002018      0x11a zephyr/kernel/libkernel.a(device.c.obj)
                                        0x5e3 (size before relaxing)
 .debug_str     0x0000000000002132       0x29 zephyr/kernel/libkernel.a(errno.c.obj)
                                        0x53e (size before relaxing)
 .debug_str     0x000000000000215b      0x1d2 zephyr/kernel/libkernel.a(init.c.obj)
                                        0xc3a (size before relaxing)
 .debug_str     0x000000000000232d      0x5a3 zephyr/kernel/libkernel.a(sched.c.obj)
                                        0xc88 (size before relaxing)
 .debug_str     0x00000000000028d0      0x132 zephyr/kernel/libkernel.a(sys_clock.c.obj)
                                        0x8bc (size before relaxing)
 .debug_str     0x0000000000002a02      0x2c8 zephyr/kernel/libkernel.a(thread.c.obj)
                                        0xd3e (size before relaxing)
 .debug_str     0x0000000000002cca       0x67 zephyr/kernel/libkernel.a(idle.c.obj)
                                        0x611 (size before relaxing)
 .debug_str     0x0000000000002d31      0xbd7 zephyr/CMakeFiles/offsets.dir/arch/arm/core/offsets/offsets.c.obj
                                       0x10de (size before relaxing)

.comment        0x0000000000000000       0x7e
 .comment       0x0000000000000000       0x7e zephyr/CMakeFiles/kernel_elf.dir/isr_tables.c.obj
                                         0x7f (size before relaxing)
 .comment       0x000000000000007e       0x7f libapp.a(string.c.obj)
 .comment       0x000000000000007e       0x7f libapp.a(main.c.obj)
 .comment       0x000000000000007e       0x7f zephyr/libzephyr.a(isr_tables.c.obj)
 .comment       0x000000000000007e       0x7f zephyr/libzephyr.a(soc.c.obj)
 .comment       0x000000000000007e       0x7f zephyr/libzephyr.a(soc_pmc.c.obj)
 .comment       0x000000000000007e       0x7f zephyr/libzephyr.a(soc_gpio.c.obj)
 .comment       0x000000000000007e       0x7f zephyr/libzephyr.a(irq_init.c.obj)
 .comment       0x000000000000007e       0x7f zephyr/libzephyr.a(swap.c.obj)
 .comment       0x000000000000007e       0x7f zephyr/libzephyr.a(fault.c.obj)
 .comment       0x000000000000007e       0x7f zephyr/libzephyr.a(irq_manage.c.obj)
 .comment       0x000000000000007e       0x7f zephyr/libzephyr.a(thread.c.obj)
 .comment       0x000000000000007e       0x7f zephyr/libzephyr.a(fatal.c.obj)
 .comment       0x000000000000007e       0x7f zephyr/libzephyr.a(sys_fatal_error_handler.c.obj)
 .comment       0x000000000000007e       0x7f zephyr/libzephyr.a(thread_abort.c.obj)
 .comment       0x000000000000007e       0x7f zephyr/libzephyr.a(prep_c.c.obj)
 .comment       0x000000000000007e       0x7f zephyr/libzephyr.a(nmi.c.obj)
 .comment       0x000000000000007e       0x7f zephyr/libzephyr.a(printk.c.obj)
 .comment       0x000000000000007e       0x7f zephyr/libzephyr.a(configs.c.obj)
 .comment       0x000000000000007e       0x7f zephyr/libzephyr.a(uart_console.c.obj)
 .comment       0x000000000000007e       0x7f zephyr/libzephyr.a(uart_sam.c.obj)
 .comment       0x000000000000007e       0x7f zephyr/libzephyr.a(wdt_sam.c.obj)
 .comment       0x000000000000007e       0x7f zephyr/libzephyr.a(sys_clock_init.c.obj)
 .comment       0x000000000000007e       0x7f zephyr/libzephyr.a(cortex_m_systick.c.obj)
 .comment       0x000000000000007e       0x7f zephyr/boards/boards/arm/arduino_due/libboards__arm__arduino_due.a(pinmux.c.obj)
 .comment       0x000000000000007e       0x7f zephyr/kernel/libkernel.a(device.c.obj)
 .comment       0x000000000000007e       0x7f zephyr/kernel/libkernel.a(errno.c.obj)
 .comment       0x000000000000007e       0x7f zephyr/kernel/libkernel.a(init.c.obj)
 .comment       0x000000000000007e       0x7f zephyr/kernel/libkernel.a(sched.c.obj)
 .comment       0x000000000000007e       0x7f zephyr/kernel/libkernel.a(sys_clock.c.obj)
 .comment       0x000000000000007e       0x7f zephyr/kernel/libkernel.a(thread.c.obj)
 .comment       0x000000000000007e       0x7f zephyr/kernel/libkernel.a(idle.c.obj)
 .comment       0x000000000000007e       0x7f zephyr/CMakeFiles/offsets.dir/arch/arm/core/offsets/offsets.c.obj

.ARM.attributes
                0x0000000000000000       0x31
 .ARM.attributes
                0x0000000000000000       0x33 zephyr/CMakeFiles/kernel_elf.dir/isr_tables.c.obj
 .ARM.attributes
                0x0000000000000033       0x33 libapp.a(string.c.obj)
 .ARM.attributes
                0x0000000000000066       0x33 libapp.a(main.c.obj)
 .ARM.attributes
                0x0000000000000099       0x33 zephyr/libzephyr.a(isr_tables.c.obj)
 .ARM.attributes
                0x00000000000000cc       0x33 zephyr/libzephyr.a(soc.c.obj)
 .ARM.attributes
                0x00000000000000ff       0x33 zephyr/libzephyr.a(soc_pmc.c.obj)
 .ARM.attributes
                0x0000000000000132       0x33 zephyr/libzephyr.a(soc_gpio.c.obj)
 .ARM.attributes
                0x0000000000000165       0x21 zephyr/libzephyr.a(exc_exit.S.obj)
 .ARM.attributes
                0x0000000000000186       0x33 zephyr/libzephyr.a(irq_init.c.obj)
 .ARM.attributes
                0x00000000000001b9       0x33 zephyr/libzephyr.a(swap.c.obj)
 .ARM.attributes
                0x00000000000001ec       0x21 zephyr/libzephyr.a(swap_helper.S.obj)
 .ARM.attributes
                0x000000000000020d       0x33 zephyr/libzephyr.a(fault.c.obj)
 .ARM.attributes
                0x0000000000000240       0x33 zephyr/libzephyr.a(irq_manage.c.obj)
 .ARM.attributes
                0x0000000000000273       0x33 zephyr/libzephyr.a(thread.c.obj)
 .ARM.attributes
                0x00000000000002a6       0x21 zephyr/libzephyr.a(cpu_idle.S.obj)
 .ARM.attributes
                0x00000000000002c7       0x21 zephyr/libzephyr.a(fault_s.S.obj)
 .ARM.attributes
                0x00000000000002e8       0x33 zephyr/libzephyr.a(fatal.c.obj)
 .ARM.attributes
                0x000000000000031b       0x33 zephyr/libzephyr.a(sys_fatal_error_handler.c.obj)
 .ARM.attributes
                0x000000000000034e       0x33 zephyr/libzephyr.a(thread_abort.c.obj)
 .ARM.attributes
                0x0000000000000381       0x21 zephyr/libzephyr.a(isr_wrapper.S.obj)
 .ARM.attributes
                0x00000000000003a2       0x21 zephyr/libzephyr.a(vector_table.S.obj)
 .ARM.attributes
                0x00000000000003c3       0x21 zephyr/libzephyr.a(reset.S.obj)
 .ARM.attributes
                0x00000000000003e4       0x21 zephyr/libzephyr.a(nmi_on_reset.S.obj)
 .ARM.attributes
                0x0000000000000405       0x33 zephyr/libzephyr.a(prep_c.c.obj)
 .ARM.attributes
                0x0000000000000438       0x33 zephyr/libzephyr.a(nmi.c.obj)
 .ARM.attributes
                0x000000000000046b       0x33 zephyr/libzephyr.a(printk.c.obj)
 .ARM.attributes
                0x000000000000049e       0x33 zephyr/libzephyr.a(configs.c.obj)
 .ARM.attributes
                0x00000000000004d1       0x33 zephyr/libzephyr.a(uart_console.c.obj)
 .ARM.attributes
                0x0000000000000504       0x33 zephyr/libzephyr.a(uart_sam.c.obj)
 .ARM.attributes
                0x0000000000000537       0x33 zephyr/libzephyr.a(wdt_sam.c.obj)
 .ARM.attributes
                0x000000000000056a       0x33 zephyr/libzephyr.a(sys_clock_init.c.obj)
 .ARM.attributes
                0x000000000000059d       0x33 zephyr/libzephyr.a(cortex_m_systick.c.obj)
 .ARM.attributes
                0x00000000000005d0       0x33 zephyr/boards/boards/arm/arduino_due/libboards__arm__arduino_due.a(pinmux.c.obj)
 .ARM.attributes
                0x0000000000000603       0x33 zephyr/kernel/libkernel.a(device.c.obj)
 .ARM.attributes
                0x0000000000000636       0x33 zephyr/kernel/libkernel.a(errno.c.obj)
 .ARM.attributes
                0x0000000000000669       0x33 zephyr/kernel/libkernel.a(init.c.obj)
 .ARM.attributes
                0x000000000000069c       0x33 zephyr/kernel/libkernel.a(sched.c.obj)
 .ARM.attributes
                0x00000000000006cf       0x33 zephyr/kernel/libkernel.a(sys_clock.c.obj)
 .ARM.attributes
                0x0000000000000702       0x33 zephyr/kernel/libkernel.a(thread.c.obj)
 .ARM.attributes
                0x0000000000000735       0x33 zephyr/kernel/libkernel.a(idle.c.obj)
 .ARM.attributes
                0x0000000000000768       0x33 zephyr/CMakeFiles/offsets.dir/arch/arm/core/offsets/offsets.c.obj

.debug_loc      0x0000000000000000     0x459d
 .debug_loc     0x0000000000000000      0x8d5 libapp.a(string.c.obj)
 .debug_loc     0x00000000000008d5       0x76 zephyr/libzephyr.a(soc.c.obj)
 .debug_loc     0x000000000000094b       0x63 zephyr/libzephyr.a(soc_pmc.c.obj)
 .debug_loc     0x00000000000009ae      0x1ec zephyr/libzephyr.a(soc_gpio.c.obj)
 .debug_loc     0x0000000000000b9a       0x5e zephyr/libzephyr.a(irq_init.c.obj)
 .debug_loc     0x0000000000000bf8       0x35 zephyr/libzephyr.a(swap.c.obj)
 .debug_loc     0x0000000000000c2d      0x30e zephyr/libzephyr.a(fault.c.obj)
 .debug_loc     0x0000000000000f3b      0x17e zephyr/libzephyr.a(irq_manage.c.obj)
 .debug_loc     0x00000000000010b9      0x207 zephyr/libzephyr.a(thread.c.obj)
 .debug_loc     0x00000000000012c0      0x12e zephyr/libzephyr.a(fatal.c.obj)
 .debug_loc     0x00000000000013ee       0x42 zephyr/libzephyr.a(sys_fatal_error_handler.c.obj)
 .debug_loc     0x0000000000001430       0x3f zephyr/libzephyr.a(thread_abort.c.obj)
 .debug_loc     0x000000000000146f      0xad3 zephyr/libzephyr.a(printk.c.obj)
 .debug_loc     0x0000000000001f42       0xbf zephyr/libzephyr.a(uart_console.c.obj)
 .debug_loc     0x0000000000002001      0x173 zephyr/libzephyr.a(uart_sam.c.obj)
 .debug_loc     0x0000000000002174       0x42 zephyr/libzephyr.a(wdt_sam.c.obj)
 .debug_loc     0x00000000000021b6       0xb5 zephyr/libzephyr.a(cortex_m_systick.c.obj)
 .debug_loc     0x000000000000226b       0x47 zephyr/boards/boards/arm/arduino_due/libboards__arm__arduino_due.a(pinmux.c.obj)
 .debug_loc     0x00000000000022b2       0xf5 zephyr/kernel/libkernel.a(device.c.obj)
 .debug_loc     0x00000000000023a7      0x1db zephyr/kernel/libkernel.a(init.c.obj)
 .debug_loc     0x0000000000002582      0xfee zephyr/kernel/libkernel.a(sched.c.obj)
 .debug_loc     0x0000000000003570      0x44c zephyr/kernel/libkernel.a(sys_clock.c.obj)
 .debug_loc     0x00000000000039bc      0xb7e zephyr/kernel/libkernel.a(thread.c.obj)
 .debug_loc     0x000000000000453a       0x63 zephyr/kernel/libkernel.a(idle.c.obj)

.debug_ranges   0x0000000000000000      0xd98
 .debug_ranges  0x0000000000000000       0x78 libapp.a(string.c.obj)
 .debug_ranges  0x0000000000000078       0x10 libapp.a(main.c.obj)
 .debug_ranges  0x0000000000000088       0x10 zephyr/libzephyr.a(isr_tables.c.obj)
 .debug_ranges  0x0000000000000098       0x10 zephyr/libzephyr.a(soc.c.obj)
 .debug_ranges  0x00000000000000a8       0x20 zephyr/libzephyr.a(soc_pmc.c.obj)
 .debug_ranges  0x00000000000000c8       0x60 zephyr/libzephyr.a(soc_gpio.c.obj)
 .debug_ranges  0x0000000000000128       0x28 zephyr/libzephyr.a(irq_init.c.obj)
 .debug_ranges  0x0000000000000150       0x10 zephyr/libzephyr.a(swap.c.obj)
 .debug_ranges  0x0000000000000160       0x20 zephyr/libzephyr.a(swap_helper.S.obj)
 .debug_ranges  0x0000000000000180       0x90 zephyr/libzephyr.a(fault.c.obj)
 .debug_ranges  0x0000000000000210       0x48 zephyr/libzephyr.a(irq_manage.c.obj)
 .debug_ranges  0x0000000000000258       0x30 zephyr/libzephyr.a(thread.c.obj)
 .debug_ranges  0x0000000000000288       0x28 zephyr/libzephyr.a(cpu_idle.S.obj)
 .debug_ranges  0x00000000000002b0       0x20 zephyr/libzephyr.a(fatal.c.obj)
 .debug_ranges  0x00000000000002d0       0x28 zephyr/libzephyr.a(sys_fatal_error_handler.c.obj)
 .debug_ranges  0x00000000000002f8       0x10 zephyr/libzephyr.a(thread_abort.c.obj)
 .debug_ranges  0x0000000000000308       0x10 zephyr/libzephyr.a(prep_c.c.obj)
 .debug_ranges  0x0000000000000318       0x10 zephyr/libzephyr.a(nmi.c.obj)
 .debug_ranges  0x0000000000000328       0xf8 zephyr/libzephyr.a(printk.c.obj)
 .debug_ranges  0x0000000000000420       0x10 zephyr/libzephyr.a(configs.c.obj)
 .debug_ranges  0x0000000000000430       0x20 zephyr/libzephyr.a(uart_console.c.obj)
 .debug_ranges  0x0000000000000450       0x48 zephyr/libzephyr.a(uart_sam.c.obj)
 .debug_ranges  0x0000000000000498       0x30 zephyr/libzephyr.a(wdt_sam.c.obj)
 .debug_ranges  0x00000000000004c8       0x68 zephyr/libzephyr.a(cortex_m_systick.c.obj)
 .debug_ranges  0x0000000000000530       0x30 zephyr/boards/boards/arm/arduino_due/libboards__arm__arduino_due.a(pinmux.c.obj)
 .debug_ranges  0x0000000000000560       0x20 zephyr/kernel/libkernel.a(device.c.obj)
 .debug_ranges  0x0000000000000580       0x10 zephyr/kernel/libkernel.a(errno.c.obj)
 .debug_ranges  0x0000000000000590       0x80 zephyr/kernel/libkernel.a(init.c.obj)
 .debug_ranges  0x0000000000000610      0x2e0 zephyr/kernel/libkernel.a(sched.c.obj)
 .debug_ranges  0x00000000000008f0      0x208 zephyr/kernel/libkernel.a(sys_clock.c.obj)
 .debug_ranges  0x0000000000000af8      0x278 zephyr/kernel/libkernel.a(thread.c.obj)
 .debug_ranges  0x0000000000000d70       0x18 zephyr/kernel/libkernel.a(idle.c.obj)
 .debug_ranges  0x0000000000000d88       0x10 zephyr/CMakeFiles/offsets.dir/arch/arm/core/offsets/offsets.c.obj

.debug_frame    0x0000000000000000      0xee4
 .debug_frame   0x0000000000000000      0x160 libapp.a(string.c.obj)
 .debug_frame   0x0000000000000160       0x20 libapp.a(main.c.obj)
 .debug_frame   0x0000000000000180       0x20 zephyr/libzephyr.a(isr_tables.c.obj)
 .debug_frame   0x00000000000001a0       0x20 zephyr/libzephyr.a(soc.c.obj)
 .debug_frame   0x00000000000001c0       0x40 zephyr/libzephyr.a(soc_pmc.c.obj)
 .debug_frame   0x0000000000000200       0x48 zephyr/libzephyr.a(soc_gpio.c.obj)
 .debug_frame   0x0000000000000248       0x20 zephyr/libzephyr.a(irq_init.c.obj)
 .debug_frame   0x0000000000000268       0x20 zephyr/libzephyr.a(swap.c.obj)
 .debug_frame   0x0000000000000288       0xcc zephyr/libzephyr.a(fault.c.obj)
 .debug_frame   0x0000000000000354       0x60 zephyr/libzephyr.a(irq_manage.c.obj)
 .debug_frame   0x00000000000003b4       0x30 zephyr/libzephyr.a(thread.c.obj)
 .debug_frame   0x00000000000003e4       0x60 zephyr/libzephyr.a(fatal.c.obj)
 .debug_frame   0x0000000000000444       0x2c zephyr/libzephyr.a(sys_fatal_error_handler.c.obj)
 .debug_frame   0x0000000000000470       0x34 zephyr/libzephyr.a(thread_abort.c.obj)
 .debug_frame   0x00000000000004a4       0x28 zephyr/libzephyr.a(prep_c.c.obj)
 .debug_frame   0x00000000000004cc       0x2c zephyr/libzephyr.a(nmi.c.obj)
 .debug_frame   0x00000000000004f8      0x188 zephyr/libzephyr.a(printk.c.obj)
 .debug_frame   0x0000000000000680       0x20 zephyr/libzephyr.a(configs.c.obj)
 .debug_frame   0x00000000000006a0       0x54 zephyr/libzephyr.a(uart_console.c.obj)
 .debug_frame   0x00000000000006f4       0x5c zephyr/libzephyr.a(uart_sam.c.obj)
 .debug_frame   0x0000000000000750       0x78 zephyr/libzephyr.a(wdt_sam.c.obj)
 .debug_frame   0x00000000000007c8       0x58 zephyr/libzephyr.a(cortex_m_systick.c.obj)
 .debug_frame   0x0000000000000820       0x3c zephyr/boards/boards/arm/arduino_due/libboards__arm__arduino_due.a(pinmux.c.obj)
 .debug_frame   0x000000000000085c       0x68 zephyr/kernel/libkernel.a(device.c.obj)
 .debug_frame   0x00000000000008c4       0x20 zephyr/kernel/libkernel.a(errno.c.obj)
 .debug_frame   0x00000000000008e4       0x88 zephyr/kernel/libkernel.a(init.c.obj)
 .debug_frame   0x000000000000096c      0x22c zephyr/kernel/libkernel.a(sched.c.obj)
 .debug_frame   0x0000000000000b98       0xb8 zephyr/kernel/libkernel.a(sys_clock.c.obj)
 .debug_frame   0x0000000000000c50      0x23c zephyr/kernel/libkernel.a(thread.c.obj)
 .debug_frame   0x0000000000000e8c       0x38 zephyr/kernel/libkernel.a(idle.c.obj)
 .debug_frame   0x0000000000000ec4       0x20 zephyr/CMakeFiles/offsets.dir/arch/arm/core/offsets/offsets.c.obj
