Archive member included to satisfy reference by file (symbol)

libapp.a(atoi.c.obj)          (--whole-archive)
libapp.a(strtol.c.obj)        (--whole-archive)
libapp.a(strtoul.c.obj)       (--whole-archive)
libapp.a(strncasecmp.c.obj)   (--whole-archive)
libapp.a(strstr.c.obj)        (--whole-archive)
libapp.a(string.c.obj)        (--whole-archive)
libapp.a(prf.c.obj)           (--whole-archive)
libapp.a(stdout_console.c.obj)
                              (--whole-archive)
libapp.a(sprintf.c.obj)       (--whole-archive)
libapp.a(fprintf.c.obj)       (--whole-archive)
libapp.a(main.c.obj)          (--whole-archive)
zephyr/libzephyr.a(isr_tables.c.obj)
                              (--whole-archive)
zephyr/libzephyr.a(mpu_regions.c.obj)
                              (--whole-archive)
zephyr/libzephyr.a(power.c.obj)
                              (--whole-archive)
zephyr/libzephyr.a(soc.c.obj)
                              (--whole-archive)
zephyr/libzephyr.a(exc_exit.S.obj)
                              (--whole-archive)
zephyr/libzephyr.a(irq_init.c.obj)
                              (--whole-archive)
zephyr/libzephyr.a(swap.c.obj)
                              (--whole-archive)
zephyr/libzephyr.a(swap_helper.S.obj)
                              (--whole-archive)
zephyr/libzephyr.a(fault.c.obj)
                              (--whole-archive)
zephyr/libzephyr.a(irq_manage.c.obj)
                              (--whole-archive)
zephyr/libzephyr.a(thread.c.obj)
                              (--whole-archive)
zephyr/libzephyr.a(cpu_idle.S.obj)
                              (--whole-archive)
zephyr/libzephyr.a(fault_s.S.obj)
                              (--whole-archive)
zephyr/libzephyr.a(fatal.c.obj)
                              (--whole-archive)
zephyr/libzephyr.a(sys_fatal_error_handler.c.obj)
                              (--whole-archive)
zephyr/libzephyr.a(thread_abort.c.obj)
                              (--whole-archive)
zephyr/libzephyr.a(isr_wrapper.S.obj)
                              (--whole-archive)
zephyr/libzephyr.a(vector_table.S.obj)
                              (--whole-archive)
zephyr/libzephyr.a(reset.S.obj)
                              (--whole-archive)
zephyr/libzephyr.a(nmi_on_reset.S.obj)
                              (--whole-archive)
zephyr/libzephyr.a(prep_c.c.obj)
                              (--whole-archive)
zephyr/libzephyr.a(scb.c.obj)
                              (--whole-archive)
zephyr/libzephyr.a(nmi.c.obj)
                              (--whole-archive)
zephyr/libzephyr.a(exc_manage.c.obj)
                              (--whole-archive)
zephyr/libzephyr.a(arm_core_mpu.c.obj)
                              (--whole-archive)
zephyr/libzephyr.a(arm_mpu.c.obj)
                              (--whole-archive)
zephyr/libzephyr.a(crc16_sw.c.obj)
                              (--whole-archive)
zephyr/libzephyr.a(crc8_sw.c.obj)
                              (--whole-archive)
zephyr/libzephyr.a(printk.c.obj)
                              (--whole-archive)
zephyr/libzephyr.a(configs.c.obj)
                              (--whole-archive)
zephyr/libzephyr.a(SEGGER_RTT.c.obj)
                              (--whole-archive)
zephyr/libzephyr.a(rand32_entropy_device.c.obj)
                              (--whole-archive)
zephyr/libzephyr.a(rtt_console.c.obj)
                              (--whole-archive)
zephyr/libzephyr.a(nrf5_power_clock.c.obj)
                              (--whole-archive)
zephyr/libzephyr.a(gpio_nrf5.c.obj)
                              (--whole-archive)
zephyr/libzephyr.a(uart_nrf5.c.obj)
                              (--whole-archive)
zephyr/libzephyr.a(entropy_nrf5.c.obj)
                              (--whole-archive)
zephyr/libzephyr.a(sys_clock_init.c.obj)
                              (--whole-archive)
zephyr/libzephyr.a(nrf_rtc_timer.c.obj)
                              (--whole-archive)
zephyr/subsys/bluetooth/common/libsubsys__bluetooth__common.a(dummy.c.obj)
                              (--whole-archive)
zephyr/subsys/bluetooth/host/libsubsys__bluetooth__host.a(uuid.c.obj)
                              (--whole-archive)
zephyr/subsys/bluetooth/host/libsubsys__bluetooth__host.a(hci_core.c.obj)
                              (--whole-archive)
zephyr/subsys/bluetooth/controller/libsubsys__bluetooth__controller.a(mem.c.obj)
                              (--whole-archive)
zephyr/subsys/bluetooth/controller/libsubsys__bluetooth__controller.a(memq.c.obj)
                              (--whole-archive)
zephyr/subsys/bluetooth/controller/libsubsys__bluetooth__controller.a(mayfly.c.obj)
                              (--whole-archive)
zephyr/subsys/bluetooth/controller/libsubsys__bluetooth__controller.a(util.c.obj)
                              (--whole-archive)
zephyr/subsys/bluetooth/controller/libsubsys__bluetooth__controller.a(ticker.c.obj)
                              (--whole-archive)
[...]
Memory Configuration

Name             Origin             Length             Attributes
FLASH            0x0000000000000000 0x0000000000100000 xr
SRAM             0x0000000020000000 0x0000000000040000 xw
IDT_LIST         0x0000000020040000 0x0000000000000800 xw
*default*        0x0000000000000000 0xffffffffffffffff

Linker script and memory map

LOAD zephyr/CMakeFiles/kernel_elf.dir/misc/empty_file.c.obj
LOAD zephyr/CMakeFiles/kernel_elf.dir/isr_tables.c.obj
START GROUP
LOAD libapp.a
LOAD zephyr/libzephyr.a
LOAD zephyr/subsys/bluetooth/common/libsubsys__bluetooth__common.a
LOAD zephyr/subsys/bluetooth/host/libsubsys__bluetooth__host.a
LOAD zephyr/subsys/bluetooth/controller/libsubsys__bluetooth__controller.a
LOAD zephyr/subsys/net/libsubsys__net.a
LOAD zephyr/kernel/libkernel.a
LOAD zephyr/CMakeFiles/offsets.dir/arch/arm/core/offsets/offsets.c.obj
END GROUP
LOAD /home/swap/gcc-arm-none-eabi-7-2017-q4-major/bin/../lib/gcc/arm-none-eabi/7.2.1/thumb/v7e-m/libgcc.a
                0x0000000000000000                _image_rom_start = 0x0

text            0x0000000000000000     0xa474
                0x0000000000000000                . = 0x0
                0x0000000000000000                _vector_start = .
 *(.exc_vector_table)
 *(.exc_vector_table.*)
 .exc_vector_table._vector_table_section
                0x0000000000000000       0x40 zephyr/libzephyr.a(vector_table.S.obj)
                0x0000000000000000                _vector_table
 *(.gnu.linkonce.irq_vector_table)
 .gnu.linkonce.irq_vector_table
                0x0000000000000040       0xb8 zephyr/CMakeFiles/kernel_elf.dir/isr_tables.c.obj
                0x0000000000000040                _irq_vector_table
 *(.openocd_dbg)
 *(.openocd_dbg.*)
 *(.kinetis_flash_config)
 *(.kinetis_flash_config.*)
 *(.gnu.linkonce.sw_isr_table)
 .gnu.linkonce.sw_isr_table
                0x00000000000000f8      0x170 zephyr/CMakeFiles/kernel_elf.dir/isr_tables.c.obj
                0x00000000000000f8                _sw_isr_table
                0x0000000000000268                _vector_end = .
                0x0000000000000268                _image_text_start = .
 *(.text)
 .text          0x0000000000000268       0x30 /home/swap/gcc-arm-none-eabi-7-2017-q4-major/bin/../lib/gcc/arm-none-eabi/7.2.1/thumb/v7e-m/libgcc.a(_aeabi_uldivmod.o)
                0x0000000000000268                __aeabi_uldivmod
 .text          0x0000000000000298       0x28 /home/swap/gcc-arm-none-eabi-7-2017-q4-major/bin/../lib/gcc/arm-none-eabi/7.2.1/thumb/v7e-m/libgcc.a(_popcountsi2.o)
                0x0000000000000298                __popcountsi2
 .text          0x00000000000002c0      0x2cc /home/swap/gcc-arm-none-eabi-7-2017-q4-major/bin/../lib/gcc/arm-none-eabi/7.2.1/thumb/v7e-m/libgcc.a(_udivmoddi4.o)
                0x00000000000002c0                __udivmoddi4
 .text          0x000000000000058c        0x4 /home/swap/gcc-arm-none-eabi-7-2017-q4-major/bin/../lib/gcc/arm-none-eabi/7.2.1/thumb/v7e-m/libgcc.a(_dvmd_tls.o)
                0x000000000000058c                __aeabi_ldiv0
                0x000000000000058c                __aeabi_idiv0
 *(.text.*)
 .text.strcpy   0x0000000000000590       0x14 libapp.a(string.c.obj)
                0x0000000000000590                strcpy
 .text.strcmp   0x00000000000005a4       0x1a libapp.a(string.c.obj)
                0x00000000000005a4                strcmp
 .text.memcmp   0x00000000000005be       0x20 libapp.a(string.c.obj)
                0x00000000000005be                memcmp
 .text.memcpy   0x00000000000005de       0x5a libapp.a(string.c.obj)
                0x00000000000005de                memcpy
 .text.memset   0x0000000000000638       0x42 libapp.a(string.c.obj)
                0x0000000000000638                memset
 .text._stdout_hook_default
                0x000000000000067a        0x6 libapp.a(stdout_console.c.obj)
 .text.__stdout_hook_install
                0x0000000000000680        0xc libapp.a(stdout_console.c.obj)
                0x0000000000000680                __stdout_hook_install
 .text.main     0x000000000000068c       0x10 libapp.a(main.c.obj)
                0x000000000000068c                main
 .text.errata_36
                0x000000000000069c       0x20 zephyr/libzephyr.a(soc.c.obj)
 .text.nordicsemi_nrf52_init
                0x00000000000006bc      0x13c zephyr/libzephyr.a(soc.c.obj)
 .text._HandlerModeExit
                0x00000000000007f8       0x2c zephyr/libzephyr.a(exc_exit.S.obj)
                0x00000000000007f8                _ExcExit
                0x00000000000007f8                _IntExit
 .text._IntLibInit
                0x0000000000000824       0x18 zephyr/libzephyr.a(irq_init.c.obj)
                0x0000000000000824                _IntLibInit
 .text.__swap   0x000000000000083c       0x30 zephyr/libzephyr.a(swap.c.obj)
                0x000000000000083c                __swap
 .text.__pendsv
                0x000000000000086c       0x44 zephyr/libzephyr.a(swap_helper.S.obj)
                0x000000000000086c                __pendsv
 .text.__svc    0x00000000000008b0       0x3c zephyr/libzephyr.a(swap_helper.S.obj)
                0x00000000000008b0                __svc
 .text._FaultThreadShow.isra.2
                0x00000000000008ec       0x1c zephyr/libzephyr.a(fault.c.obj)
 .text._UsageFault
                0x0000000000000908       0x90 zephyr/libzephyr.a(fault.c.obj)
 .text._MpuFault
                0x0000000000000998       0x8c zephyr/libzephyr.a(fault.c.obj)
 .text._BusFault
                0x0000000000000a24       0xa0 zephyr/libzephyr.a(fault.c.obj)
 .text._Fault   0x0000000000000ac4       0xcc zephyr/libzephyr.a(fault.c.obj)
                0x0000000000000ac4                _Fault
 .text._FaultInit
                0x0000000000000b90       0x10 zephyr/libzephyr.a(fault.c.obj)
                0x0000000000000b90                _FaultInit
 .text._arch_irq_enable
                0x0000000000000ba0       0x20 zephyr/libzephyr.a(irq_manage.c.obj)
                0x0000000000000ba0                _arch_irq_enable
 .text._arch_irq_disable
                0x0000000000000bc0       0x28 zephyr/libzephyr.a(irq_manage.c.obj)
                0x0000000000000bc0                _arch_irq_disable
 .text._arch_irq_is_enabled
                0x0000000000000be8       0x1c zephyr/libzephyr.a(irq_manage.c.obj)
                0x0000000000000be8                _arch_irq_is_enabled
 .text._irq_priority_set
                0x0000000000000c04       0x30 zephyr/libzephyr.a(irq_manage.c.obj)
                0x0000000000000c04                _irq_priority_set
 .text._irq_spurious
                0x0000000000000c34        0x4 zephyr/libzephyr.a(irq_manage.c.obj)
                0x0000000000000c34                _irq_spurious
 .text._arch_isr_direct_pm
                0x0000000000000c38       0x1c zephyr/libzephyr.a(irq_manage.c.obj)
                0x0000000000000c38                _arch_isr_direct_pm
 .text._new_thread
                0x0000000000000c54       0x50 zephyr/libzephyr.a(thread.c.obj)
                0x0000000000000c54                _new_thread
 .text._CpuIdleInit
                0x0000000000000ca4        0xc zephyr/libzephyr.a(cpu_idle.S.obj)
                0x0000000000000ca4                _CpuIdleInit
 .text.k_cpu_idle
                0x0000000000000cb0        0xc zephyr/libzephyr.a(cpu_idle.S.obj)
                0x0000000000000cb0                k_cpu_idle
 .text.__fault  0x0000000000000cbc       0x28 zephyr/libzephyr.a(fault_s.S.obj)
                0x0000000000000cbc                __usage_fault
                0x0000000000000cbc                __reserved
                0x0000000000000cbc                __bus_fault
                0x0000000000000cbc                __debug_monitor
                0x0000000000000cbc                __mpu_fault
                0x0000000000000cbc                __hard_fault
 .text._NanoFatalErrorHandler
                0x0000000000000ce4       0x58 zephyr/libzephyr.a(fatal.c.obj)
                0x0000000000000ce4                _NanoFatalErrorHandler
 .text._do_kernel_oops
                0x0000000000000d3c        0x8 zephyr/libzephyr.a(fatal.c.obj)
                0x0000000000000d3c                _do_kernel_oops
 .text._SysFatalErrorHandler
                0x0000000000000d44       0x58 zephyr/libzephyr.a(sys_fatal_error_handler.c.obj)
                0x0000000000000d44                _SysFatalErrorHandler
 .text._impl_k_thread_abort
                0x0000000000000d9c       0x4c zephyr/libzephyr.a(thread_abort.c.obj)
                0x0000000000000d9c                _impl_k_thread_abort
 .text._isr_wrapper
                0x0000000000000de8       0x3c zephyr/libzephyr.a(isr_wrapper.S.obj)
                0x0000000000000de8                _isr_wrapper
 .text._reset_section
                0x0000000000000e24       0x20 zephyr/libzephyr.a(reset.S.obj)
                0x0000000000000e24                __reset
                0x0000000000000e24                __start
 .text._SysNmiOnReset
                0x0000000000000e44        0x8 zephyr/libzephyr.a(nmi_on_reset.S.obj)
                0x0000000000000e44                _SysNmiOnReset
 .text._PrepC   0x0000000000000e4c       0x28 zephyr/libzephyr.a(prep_c.c.obj)
                0x0000000000000e4c                _PrepC
 .text.__nmi    0x0000000000000e74        0xe zephyr/libzephyr.a(nmi.c.obj)
                0x0000000000000e74                __nmi
 *fill*         0x0000000000000e82        0x2 
 .text.arm_mpu_init
                0x0000000000000e84       0x64 zephyr/libzephyr.a(arm_mpu.c.obj)
 .text._nop_char_out
                0x0000000000000ee8        0x4 zephyr/libzephyr.a(printk.c.obj)
 .text.char_out
                0x0000000000000eec       0x10 zephyr/libzephyr.a(printk.c.obj)
 .text._printk_dec_ulong
                0x0000000000000efc       0xa0 zephyr/libzephyr.a(printk.c.obj)
 .text.str_out  0x0000000000000f9c       0x26 zephyr/libzephyr.a(printk.c.obj)
 *fill*         0x0000000000000fc2        0x2 
 .text.__printk_hook_install
                0x0000000000000fc4        0xc zephyr/libzephyr.a(printk.c.obj)
                0x0000000000000fc4                __printk_hook_install
 .text._vprintk
                0x0000000000000fd0      0x262 zephyr/libzephyr.a(printk.c.obj)
                0x0000000000000fd0                _vprintk
 *fill*         0x0000000000001232        0x2 
 .text.vprintk  0x0000000000001234       0x20 zephyr/libzephyr.a(printk.c.obj)
                0x0000000000001234                vprintk
 .text.printk   0x0000000000001254       0x1a zephyr/libzephyr.a(printk.c.obj)
                0x0000000000001254                printk
 *fill*         0x000000000000126e        0x2 
 .text.snprintk
                0x0000000000001270       0x38 zephyr/libzephyr.a(printk.c.obj)
                0x0000000000001270                snprintk
 .text._ConfigAbsSyms
                0x00000000000012a8        0x2 zephyr/libzephyr.a(configs.c.obj)
                0x00000000000012a8                _ConfigAbsSyms
 .text._GetAvailWriteSpace
                0x00000000000012aa       0x1c zephyr/libzephyr.a(SEGGER_RTT.c.obj)
 .text._WriteNoCheck
                0x00000000000012c6       0x3a zephyr/libzephyr.a(SEGGER_RTT.c.obj)
 .text._WriteBlocking
                0x0000000000001300       0x52 zephyr/libzephyr.a(SEGGER_RTT.c.obj)
 *fill*         0x0000000000001352        0x2 
 .text._DoInit  0x0000000000001354       0x60 zephyr/libzephyr.a(SEGGER_RTT.c.obj)
 .text.SEGGER_RTT_WriteNoLock
                0x00000000000013b4       0x68 zephyr/libzephyr.a(SEGGER_RTT.c.obj)
                0x00000000000013b4                SEGGER_RTT_WriteNoLock
 .text.SEGGER_RTT_Init
                0x000000000000141c        0x4 zephyr/libzephyr.a(SEGGER_RTT.c.obj)
                0x000000000000141c                SEGGER_RTT_Init
 .text.sys_rand32_get
                0x0000000000001420       0x50 zephyr/libzephyr.a(rand32_entropy_device.c.obj)
                0x0000000000001420                sys_rand32_get
 .text.rtt_console_init
                0x0000000000001470       0x1c zephyr/libzephyr.a(rtt_console.c.obj)
 .text.rtt_console_out
                0x000000000000148c       0x28 zephyr/libzephyr.a(rtt_console.c.obj)
 .text._m16src_stop
                0x00000000000014b4       0x5c zephyr/libzephyr.a(nrf5_power_clock.c.obj)
 .text._clock_control_init
                0x0000000000001510       0x16 zephyr/libzephyr.a(nrf5_power_clock.c.obj)
 *fill*         0x0000000000001526        0x2 
 .text._m16src_start
                0x0000000000001528       0xb0 zephyr/libzephyr.a(nrf5_power_clock.c.obj)
 .text._power_clock_isr
                0x00000000000015d8       0x9c zephyr/libzephyr.a(nrf5_power_clock.c.obj)
 .text._k32src_start
                0x0000000000001674       0xcc zephyr/libzephyr.a(nrf5_power_clock.c.obj)
 .text.gpiote_find_channel
                0x0000000000001740       0x32 zephyr/libzephyr.a(gpio_nrf5.c.obj)
 .text.gpio_nrf5_read
                0x0000000000001772       0x20 zephyr/libzephyr.a(gpio_nrf5.c.obj)
 .text.gpio_nrf5_write
                0x0000000000001792       0x24 zephyr/libzephyr.a(gpio_nrf5.c.obj)
 .text.gpio_nrf5_manage_callback
                0x00000000000017b6       0x42 zephyr/libzephyr.a(gpio_nrf5.c.obj)
 .text.gpio_nrf5_enable_callback
                0x00000000000017f8       0x40 zephyr/libzephyr.a(gpio_nrf5.c.obj)
 .text.gpio_nrf5_disable_callback
                0x0000000000001838       0x3a zephyr/libzephyr.a(gpio_nrf5.c.obj)
 .text.gpio_nrf5_P0_init
                0x0000000000001872       0x16 zephyr/libzephyr.a(gpio_nrf5.c.obj)
 .text.gpio_nrf5_port_isr
                0x0000000000001888       0x66 zephyr/libzephyr.a(gpio_nrf5.c.obj)
 *fill*         0x00000000000018ee        0x2 
 .text.gpio_nrf5_config
                0x00000000000018f0      0x10c zephyr/libzephyr.a(gpio_nrf5.c.obj)
 .text.uart_nrf5_poll_in
                0x00000000000019fc       0x20 zephyr/libzephyr.a(uart_nrf5.c.obj)
 .text.uart_nrf5_poll_out
                0x0000000000001a1c       0x1c zephyr/libzephyr.a(uart_nrf5.c.obj)
 .text.uart_nrf5_err_check
                0x0000000000001a38       0x1a zephyr/libzephyr.a(uart_nrf5.c.obj)
 *fill*         0x0000000000001a52        0x2 
 .text.uart_nrf5_init
                0x0000000000001a54       0x74 zephyr/libzephyr.a(uart_nrf5.c.obj)
 .text.get      0x0000000000001ac8       0xc4 zephyr/libzephyr.a(entropy_nrf5.c.obj)
 .text.isr      0x0000000000001b8c       0x48 zephyr/libzephyr.a(entropy_nrf5.c.obj)
 .text.entropy_nrf5_init
                0x0000000000001bd4       0x74 zephyr/libzephyr.a(entropy_nrf5.c.obj)
 .text.isr_rand
                0x0000000000001c48       0x54 zephyr/libzephyr.a(entropy_nrf5.c.obj)
 .text.entropy_nrf5_get_entropy
                0x0000000000001c9c       0x54 zephyr/libzephyr.a(entropy_nrf5.c.obj)
 .text.entropy_get_entropy_isr
                0x0000000000001cf0       0x10 zephyr/libzephyr.a(entropy_nrf5.c.obj)
                0x0000000000001cf0                entropy_get_entropy_isr
 .text.rtc_compare_set
                0x0000000000001d00       0x30 zephyr/libzephyr.a(nrf_rtc_timer.c.obj)
 .text.rtc_announce_set_next
                0x0000000000001d30       0x5c zephyr/libzephyr.a(nrf_rtc_timer.c.obj)
 .text.rtc1_nrf5_isr
                0x0000000000001d8c       0x10 zephyr/libzephyr.a(nrf_rtc_timer.c.obj)
 .text._timer_idle_enter
                0x0000000000001d9c       0x28 zephyr/libzephyr.a(nrf_rtc_timer.c.obj)
                0x0000000000001d9c                _timer_idle_enter
 .text._timer_idle_exit
                0x0000000000001dc4       0x2c zephyr/libzephyr.a(nrf_rtc_timer.c.obj)
                0x0000000000001dc4                _timer_idle_exit
 .text._sys_clock_driver_init
                0x0000000000001df0       0x78 zephyr/libzephyr.a(nrf_rtc_timer.c.obj)
                0x0000000000001df0                _sys_clock_driver_init
 .text._timer_cycle_get_32
                0x0000000000001e68       0x3c zephyr/libzephyr.a(nrf_rtc_timer.c.obj)
                0x0000000000001e68                _timer_cycle_get_32
 .text.atomic_or
                0x0000000000001ea4       0x1e zephyr/subsys/bluetooth/host/libsubsys__bluetooth__host.a(hci_core.c.obj)
 .text.atomic_and
                0x0000000000001ec2       0x1e zephyr/subsys/bluetooth/host/libsubsys__bluetooth__host.a(hci_core.c.obj)
 .text.hci_cmd_done.isra.9
                0x0000000000001ee0       0x50 zephyr/subsys/bluetooth/host/libsubsys__bluetooth__host.a(hci_core.c.obj)
 .text.atomic_test_bit.constprop.24
                0x0000000000001f30       0x1c zephyr/subsys/bluetooth/host/libsubsys__bluetooth__host.a(hci_core.c.obj)
 .text.bt_hci_cmd_create
                0x0000000000001f4c       0x60 zephyr/subsys/bluetooth/host/libsubsys__bluetooth__host.a(hci_core.c.obj)
                0x0000000000001f4c                bt_hci_cmd_create
 .text.bt_hci_cmd_send_sync
                0x0000000000001fac       0x7c zephyr/subsys/bluetooth/host/libsubsys__bluetooth__host.a(hci_core.c.obj)
                0x0000000000001fac                bt_hci_cmd_send_sync
 .text.set_random_address
                0x0000000000002028       0x5c zephyr/subsys/bluetooth/host/libsubsys__bluetooth__host.a(hci_core.c.obj)
 .text.set_le_scan_enable
                0x0000000000002084       0x68 zephyr/subsys/bluetooth/host/libsubsys__bluetooth__host.a(hci_core.c.obj)
 .text.bt_le_scan_update
                0x00000000000020ec       0x22 zephyr/subsys/bluetooth/host/libsubsys__bluetooth__host.a(hci_core.c.obj)
                0x00000000000020ec                bt_le_scan_update
 .text.bt_addr_le_create_static
                0x000000000000210e       0x1c zephyr/subsys/bluetooth/host/libsubsys__bluetooth__host.a(hci_core.c.obj)
                0x000000000000210e                bt_addr_le_create_static
 *fill*         0x000000000000212a        0x2 
 .text.hci_init
                0x000000000000212c      0x390 zephyr/subsys/bluetooth/host/libsubsys__bluetooth__host.a(hci_core.c.obj)
 .text.init_work
                0x00000000000024bc       0x30 zephyr/subsys/bluetooth/host/libsubsys__bluetooth__host.a(hci_core.c.obj)
 .text.bt_recv  0x00000000000024ec      0x160 zephyr/subsys/bluetooth/host/libsubsys__bluetooth__host.a(hci_core.c.obj)
                0x00000000000024ec                bt_recv
 .text.bt_recv_prio
                0x000000000000264c       0x8c zephyr/subsys/bluetooth/host/libsubsys__bluetooth__host.a(hci_core.c.obj)
                0x000000000000264c                bt_recv_prio
 .text.bt_hci_driver_register
                0x00000000000026d8       0x28 zephyr/subsys/bluetooth/host/libsubsys__bluetooth__host.a(hci_core.c.obj)
                0x00000000000026d8                bt_hci_driver_register
 .text.bt_buf_get_rx
                0x0000000000002700       0x20 zephyr/subsys/bluetooth/host/libsubsys__bluetooth__host.a(hci_core.c.obj)
                0x0000000000002700                bt_buf_get_rx
 .text.bt_buf_get_cmd_complete
                0x0000000000002720       0x44 zephyr/subsys/bluetooth/host/libsubsys__bluetooth__host.a(hci_core.c.obj)
                0x0000000000002720                bt_buf_get_cmd_complete
 .text.mem_init
                0x0000000000002764       0x48 zephyr/subsys/bluetooth/controller/libsubsys__bluetooth__controller.a(mem.c.obj)
                0x0000000000002764                mem_init
 .text.mem_acquire
                0x00000000000027ac       0x32 zephyr/subsys/bluetooth/controller/libsubsys__bluetooth__controller.a(mem.c.obj)
                0x00000000000027ac                mem_acquire
 .text.mem_release
                0x00000000000027de       0x2a zephyr/subsys/bluetooth/controller/libsubsys__bluetooth__controller.a(mem.c.obj)
                0x00000000000027de                mem_release
 .text.mem_get  0x0000000000002808        0x6 zephyr/subsys/bluetooth/controller/libsubsys__bluetooth__controller.a(mem.c.obj)
                0x0000000000002808                mem_get
 .text.mem_index_get
                0x000000000000280e        0xa zephyr/subsys/bluetooth/controller/libsubsys__bluetooth__controller.a(mem.c.obj)
                0x000000000000280e                mem_index_get
 .text.mem_rcopy
                0x0000000000002818       0x1e zephyr/subsys/bluetooth/controller/libsubsys__bluetooth__controller.a(mem.c.obj)
                0x0000000000002818                mem_rcopy
 .text.memq_init
                0x0000000000002836        0x6 zephyr/subsys/bluetooth/controller/libsubsys__bluetooth__controller.a(memq.c.obj)
                0x0000000000002836                memq_init
 .text.memq_enqueue
                0x000000000000283c        0xe zephyr/subsys/bluetooth/controller/libsubsys__bluetooth__controller.a(memq.c.obj)
                0x000000000000283c                memq_enqueue
 .text.memq_peek
                0x000000000000284a       0x10 zephyr/subsys/bluetooth/controller/libsubsys__bluetooth__controller.a(memq.c.obj)
                0x000000000000284a                memq_peek
 .text.memq_dequeue
                0x000000000000285a       0x1a zephyr/subsys/bluetooth/controller/libsubsys__bluetooth__controller.a(memq.c.obj)
                0x000000000000285a                memq_dequeue
 .text.mayfly_init
                0x0000000000002874       0x54 zephyr/subsys/bluetooth/controller/libsubsys__bluetooth__controller.a(mayfly.c.obj)
                0x0000000000002874                mayfly_init
 .text.mayfly_enable
                0x00000000000028c8       0x50 zephyr/subsys/bluetooth/controller/libsubsys__bluetooth__controller.a(mayfly.c.obj)
                0x00000000000028c8                mayfly_enable
 .text.mayfly_enqueue
                0x0000000000002918       0x9c zephyr/subsys/bluetooth/controller/libsubsys__bluetooth__controller.a(mayfly.c.obj)
                0x0000000000002918                mayfly_enqueue
 .text.mayfly_run
                0x00000000000029b4      0x124 zephyr/subsys/bluetooth/controller/libsubsys__bluetooth__controller.a(mayfly.c.obj)
                0x00000000000029b4                mayfly_run
 .text.util_ones_count_get
                0x0000000000002ad8       0x22 zephyr/subsys/bluetooth/controller/libsubsys__bluetooth__controller.a(util.c.obj)
                0x0000000000002ad8                util_ones_count_get
 .text.ticker_dequeue
                0x0000000000002afa       0x56 zephyr/subsys/bluetooth/controller/libsubsys__bluetooth__controller.a(ticker.c.obj)
 .text.ticks_to_expire_prep
                0x0000000000002b50       0x3c zephyr/subsys/bluetooth/controller/libsubsys__bluetooth__controller.a(ticker.c.obj)
 .text.ticker_job_op_cb
                0x0000000000002b8c       0x14 zephyr/subsys/bluetooth/controller/libsubsys__bluetooth__controller.a(ticker.c.obj)
 .text.ticker_worker
                0x0000000000002ba0       0xa8 zephyr/subsys/bluetooth/controller/libsubsys__bluetooth__controller.a(ticker.c.obj)
                0x0000000000002ba0                ticker_worker
 .text.ticker_job
                0x0000000000002c48      0x770 zephyr/subsys/bluetooth/controller/libsubsys__bluetooth__controller.a(ticker.c.obj)
                0x0000000000002c48                ticker_job
 .text.ticker_init
                0x00000000000033b8       0x78 zephyr/subsys/bluetooth/controller/libsubsys__bluetooth__controller.a(ticker.c.obj)
                0x00000000000033b8                ticker_init
 .text.ticker_trigger
                0x0000000000003430       0x24 zephyr/subsys/bluetooth/controller/libsubsys__bluetooth__controller.a(ticker.c.obj)
                0x0000000000003430                ticker_trigger
 .text.ticker_start
                0x0000000000003454       0x94 zephyr/subsys/bluetooth/controller/libsubsys__bluetooth__controller.a(ticker.c.obj)
                0x0000000000003454                ticker_start
 .text.ticker_update
                0x00000000000034e8       0x94 zephyr/subsys/bluetooth/controller/libsubsys__bluetooth__controller.a(ticker.c.obj)
                0x00000000000034e8                ticker_update
 .text.ticker_stop
                0x000000000000357c       0x74 zephyr/subsys/bluetooth/controller/libsubsys__bluetooth__controller.a(ticker.c.obj)
                0x000000000000357c                ticker_stop
 .text.ticker_next_slot_get
                0x00000000000035f0       0x7c zephyr/subsys/bluetooth/controller/libsubsys__bluetooth__controller.a(ticker.c.obj)
                0x00000000000035f0                ticker_next_slot_get
 .text.ticker_job_idle_get
                0x000000000000366c       0x74 zephyr/subsys/bluetooth/controller/libsubsys__bluetooth__controller.a(ticker.c.obj)
                0x000000000000366c                ticker_job_idle_get
 .text.ticker_job_sched
                0x00000000000036e0       0x2c zephyr/subsys/bluetooth/controller/libsubsys__bluetooth__controller.a(ticker.c.obj)
                0x00000000000036e0                ticker_job_sched
 .text.ticker_ticks_now_get
                0x000000000000370c        0x4 zephyr/subsys/bluetooth/controller/libsubsys__bluetooth__controller.a(ticker.c.obj)
                0x000000000000370c                ticker_ticks_now_get
 .text.ticker_ticks_diff_get
                0x0000000000003710        0x8 zephyr/subsys/bluetooth/controller/libsubsys__bluetooth__controller.a(ticker.c.obj)
                0x0000000000003710                ticker_ticks_diff_get
 .text.ll_addr_get
                0x0000000000003718       0x34 zephyr/subsys/bluetooth/controller/libsubsys__bluetooth__controller.a(ll_addr.c.obj)
                0x0000000000003718                ll_addr_get
 .text.ll_addr_set
                0x000000000000374c       0x38 zephyr/subsys/bluetooth/controller/libsubsys__bluetooth__controller.a(ll_addr.c.obj)
                0x000000000000374c                ll_addr_set
 .text.ll_tx_pwr_get
                0x0000000000003784        0x8 zephyr/subsys/bluetooth/controller/libsubsys__bluetooth__controller.a(ll_tx_pwr.c.obj)
                0x0000000000003784                ll_tx_pwr_get
 .text.bt_rand  0x000000000000378c       0x34 zephyr/subsys/bluetooth/controller/libsubsys__bluetooth__controller.a(crypto.c.obj)
                0x000000000000378c                bt_rand
 .text._hci_driver_init
                0x00000000000037c0       0x10 zephyr/subsys/bluetooth/controller/libsubsys__bluetooth__controller.a(hci_driver.c.obj)
 .text.hci_driver_send
                0x00000000000037d0       0x26 zephyr/subsys/bluetooth/controller/libsubsys__bluetooth__controller.a(hci_driver.c.obj)
 *fill*         0x00000000000037f6        0x2 
 .text.recv_thread
                0x00000000000037f8       0x78 zephyr/subsys/bluetooth/controller/libsubsys__bluetooth__controller.a(hci_driver.c.obj)
 .text.prio_recv_thread
                0x0000000000003870       0x3c zephyr/subsys/bluetooth/controller/libsubsys__bluetooth__controller.a(hci_driver.c.obj)
 .text.hci_driver_open
                0x00000000000038ac       0x70 zephyr/subsys/bluetooth/controller/libsubsys__bluetooth__controller.a(hci_driver.c.obj)
 .text.sys_put_le32
                0x000000000000391c       0x12 zephyr/subsys/bluetooth/controller/libsubsys__bluetooth__controller.a(hci.c.obj)
 .text.evt_create
                0x000000000000392e       0x14 zephyr/subsys/bluetooth/controller/libsubsys__bluetooth__controller.a(hci.c.obj)
 *fill*         0x0000000000003942        0x2 
 .text.cmd_complete
                0x0000000000003944       0x44 zephyr/subsys/bluetooth/controller/libsubsys__bluetooth__controller.a(hci.c.obj)
 .text.meta_evt
                0x0000000000003988       0x2a zephyr/subsys/bluetooth/controller/libsubsys__bluetooth__controller.a(hci.c.obj)
 *fill*         0x00000000000039b2        0x2 
 .text.le_remote_feat_complete
                0x00000000000039b4       0x68 zephyr/subsys/bluetooth/controller/libsubsys__bluetooth__controller.a(hci.c.obj)
 .text.bt_addr_le_to_str.constprop.43
                0x0000000000003a1c       0x78 zephyr/subsys/bluetooth/controller/libsubsys__bluetooth__controller.a(hci.c.obj)
 .text.le_adv_ext_report.isra.38.part.39
                0x0000000000003a94       0x36 zephyr/subsys/bluetooth/controller/libsubsys__bluetooth__controller.a(hci.c.obj)
 .text.sys_get_le64
                0x0000000000003aca        0x8 zephyr/subsys/bluetooth/controller/libsubsys__bluetooth__controller.a(hci.c.obj)
 *fill*         0x0000000000003ad2        0x2 
 .text.hci_cmd_handle
                0x0000000000003ad4      0x5d0 zephyr/subsys/bluetooth/controller/libsubsys__bluetooth__controller.a(hci.c.obj)
                0x0000000000003ad4                hci_cmd_handle
 .text.hci_evt_encode
                0x00000000000040a4      0x1d0 zephyr/subsys/bluetooth/controller/libsubsys__bluetooth__controller.a(hci.c.obj)
                0x00000000000040a4                hci_evt_encode
 .text.hci_get_class
                0x0000000000004274       0x40 zephyr/subsys/bluetooth/controller/libsubsys__bluetooth__controller.a(hci.c.obj)
                0x0000000000004274                hci_get_class
 .text.hci_init
                0x00000000000042b4       0x24 zephyr/subsys/bluetooth/controller/libsubsys__bluetooth__controller.a(hci.c.obj)
                0x00000000000042b4                hci_init
 .text.cpu_sleep
                0x00000000000042d8        0x8 zephyr/subsys/bluetooth/controller/libsubsys__bluetooth__controller.a(ctrl.c.obj)
 .text.pdu_len_cmp
                0x00000000000042e0       0x3c zephyr/subsys/bluetooth/controller/libsubsys__bluetooth__controller.a(ctrl.c.obj)
 .text.ticker_if_done
                0x000000000000431c        0x4 zephyr/subsys/bluetooth/controller/libsubsys__bluetooth__controller.a(ctrl.c.obj)
 .text.prepare_reduced
                0x0000000000004320        0xc zephyr/subsys/bluetooth/controller/libsubsys__bluetooth__controller.a(ctrl.c.obj)
 .text.prepare_normal
                0x000000000000432c        0xc zephyr/subsys/bluetooth/controller/libsubsys__bluetooth__controller.a(ctrl.c.obj)
 .text.chan_sel_remap
                0x0000000000004338       0x36 zephyr/subsys/bluetooth/controller/libsubsys__bluetooth__controller.a(ctrl.c.obj)
 *fill*         0x000000000000436e        0x2 
 .text.packet_rx_reserve_get
                0x0000000000004370       0x38 zephyr/subsys/bluetooth/controller/libsubsys__bluetooth__controller.a(ctrl.c.obj)
 .text.conn_update_req
                0x00000000000043a8       0x68 zephyr/subsys/bluetooth/controller/libsubsys__bluetooth__controller.a(ctrl.c.obj)
 .text.tx_cmplt_get
                0x0000000000004410       0x94 zephyr/subsys/bluetooth/controller/libsubsys__bluetooth__controller.a(ctrl.c.obj)
 .text.connection_get
                0x00000000000044a4       0x2c zephyr/subsys/bluetooth/controller/libsubsys__bluetooth__controller.a(ctrl.c.obj)
 .text.role_disable
                0x00000000000044d0      0x1f0 zephyr/subsys/bluetooth/controller/libsubsys__bluetooth__controller.a(ctrl.c.obj)
 .text.sched_after_mstr_free_slot_get
                0x00000000000046c0      0x124 zephyr/subsys/bluetooth/controller/libsubsys__bluetooth__controller.a(ctrl.c.obj)
 .text.isr_adv_ci_adva_check
                0x00000000000047e4       0x48 zephyr/subsys/bluetooth/controller/libsubsys__bluetooth__controller.a(ctrl.c.obj)
 .text.rx_fc_lock
                0x000000000000482c       0x34 zephyr/subsys/bluetooth/controller/libsubsys__bluetooth__controller.a(ctrl.c.obj)
 .text.ticker_success_assert.part.5
                0x0000000000004860        0xc zephyr/subsys/bluetooth/controller/libsubsys__bluetooth__controller.a(ctrl.c.obj)
 .text.ticker_success_assert
                0x000000000000486c        0xa zephyr/subsys/bluetooth/controller/libsubsys__bluetooth__controller.a(ctrl.c.obj)
 *fill*         0x0000000000004876        0x2 
 .text.ticker_stop_adv_assert
                0x0000000000004878       0x30 zephyr/subsys/bluetooth/controller/libsubsys__bluetooth__controller.a(ctrl.c.obj)
 .text.ticker_stop_scan_assert
                0x00000000000048a8       0x30 zephyr/subsys/bluetooth/controller/libsubsys__bluetooth__controller.a(ctrl.c.obj)
 .text.ticker_update_adv_assert
                0x00000000000048d8       0x18 zephyr/subsys/bluetooth/controller/libsubsys__bluetooth__controller.a(ctrl.c.obj)
 .text.ticker_update_slave_assert
                0x00000000000048f0       0x18 zephyr/subsys/bluetooth/controller/libsubsys__bluetooth__controller.a(ctrl.c.obj)
 .text.ticker_job_disable
                0x0000000000004908       0x18 zephyr/subsys/bluetooth/controller/libsubsys__bluetooth__controller.a(ctrl.c.obj)
 .text.hdr_conn_get
                0x0000000000004920       0x3c zephyr/subsys/bluetooth/controller/libsubsys__bluetooth__controller.a(ctrl.c.obj)
 .text.mayfly_xtal_retain.part.16
                0x000000000000495c       0x34 zephyr/subsys/bluetooth/controller/libsubsys__bluetooth__controller.a(ctrl.c.obj)
 .text.event_active
                0x0000000000004990       0x1c zephyr/subsys/bluetooth/controller/libsubsys__bluetooth__controller.a(ctrl.c.obj)
 .text.event_xtal
                0x00000000000049ac       0x1c zephyr/subsys/bluetooth/controller/libsubsys__bluetooth__controller.a(ctrl.c.obj)
 .text.mayfly_radio_active
                0x00000000000049c8       0x30 zephyr/subsys/bluetooth/controller/libsubsys__bluetooth__controller.a(ctrl.c.obj)
 .text.mayfly_radio_inactive
                0x00000000000049f8        0x6 zephyr/subsys/bluetooth/controller/libsubsys__bluetooth__controller.a(ctrl.c.obj)
 *fill*         0x00000000000049fe        0x2 
 .text.mayfly_radio_stop
                0x0000000000004a00       0x34 zephyr/subsys/bluetooth/controller/libsubsys__bluetooth__controller.a(ctrl.c.obj)
 .text.rx_packet_set
                0x0000000000004a34       0x42 zephyr/subsys/bluetooth/controller/libsubsys__bluetooth__controller.a(ctrl.c.obj)
 *fill*         0x0000000000004a76        0x2 
 .text.pdu_node_tx_release
                0x0000000000004a78       0x48 zephyr/subsys/bluetooth/controller/libsubsys__bluetooth__controller.a(ctrl.c.obj)
 .text.packet_tx_enqueue
                0x0000000000004ac0       0xa0 zephyr/subsys/bluetooth/controller/libsubsys__bluetooth__controller.a(ctrl.c.obj)
 .text.connection_release
                0x0000000000004b60      0x108 zephyr/subsys/bluetooth/controller/libsubsys__bluetooth__controller.a(ctrl.c.obj)
 .text.tx_packet_set
                0x0000000000004c68       0x40 zephyr/subsys/bluetooth/controller/libsubsys__bluetooth__controller.a(ctrl.c.obj)
 .text.chan_set
                0x0000000000004ca8       0x3e zephyr/subsys/bluetooth/controller/libsubsys__bluetooth__controller.a(ctrl.c.obj)
 *fill*         0x0000000000004ce6        0x2 
 .text.adv_setup
                0x0000000000004ce8       0xb0 zephyr/subsys/bluetooth/controller/libsubsys__bluetooth__controller.a(ctrl.c.obj)
 .text.sched_after_mstr_free_offset_get
                0x0000000000004d98       0x74 zephyr/subsys/bluetooth/controller/libsubsys__bluetooth__controller.a(ctrl.c.obj)
 .text.mayfly_sched_win_offset_use
                0x0000000000004e0c       0x2e zephyr/subsys/bluetooth/controller/libsubsys__bluetooth__controller.a(ctrl.c.obj)
 *fill*         0x0000000000004e3a        0x2 
 .text.ticker_stop_adv_stop
                0x0000000000004e3c      0x114 zephyr/subsys/bluetooth/controller/libsubsys__bluetooth__controller.a(ctrl.c.obj)
 .text.isr_scan_tgta_check.isra.31
                0x0000000000004f50       0x60 zephyr/subsys/bluetooth/controller/libsubsys__bluetooth__controller.a(ctrl.c.obj)
 .text.packet_rx_enqueue
                0x0000000000004fb0       0x60 zephyr/subsys/bluetooth/controller/libsubsys__bluetooth__controller.a(ctrl.c.obj)
 .text.mayfly_adv_stop
                0x0000000000005010       0x30 zephyr/subsys/bluetooth/controller/libsubsys__bluetooth__controller.a(ctrl.c.obj)
 .text.terminate_ind_rx_enqueue
                0x0000000000005040       0x50 zephyr/subsys/bluetooth/controller/libsubsys__bluetooth__controller.a(ctrl.c.obj)
 .text.isr_rx_scan_report.isra.38.part.39
                0x0000000000005090        0xc zephyr/subsys/bluetooth/controller/libsubsys__bluetooth__controller.a(ctrl.c.obj)
 .text.isr_rx_scan_report.isra.38
                0x000000000000509c       0x60 zephyr/subsys/bluetooth/controller/libsubsys__bluetooth__controller.a(ctrl.c.obj)
 .text.prepare_normal_set
                0x00000000000050fc       0x48 zephyr/subsys/bluetooth/controller/libsubsys__bluetooth__controller.a(ctrl.c.obj)
 .text.adv_scan_configure.constprop.48
                0x0000000000005144       0x54 zephyr/subsys/bluetooth/controller/libsubsys__bluetooth__controller.a(ctrl.c.obj)
 .text.event_stop.constprop.49
                0x0000000000005198       0x1c zephyr/subsys/bluetooth/controller/libsubsys__bluetooth__controller.a(ctrl.c.obj)
 .text.event_common_prepare
                0x00000000000051b4      0x174 zephyr/subsys/bluetooth/controller/libsubsys__bluetooth__controller.a(ctrl.c.obj)
 .text.radio_event_adv_prepare
                0x0000000000005328       0x38 zephyr/subsys/bluetooth/controller/libsubsys__bluetooth__controller.a(ctrl.c.obj)
                0x0000000000005328                radio_event_adv_prepare
 .text.event_adv_stop
                0x0000000000005360       0x30 zephyr/subsys/bluetooth/controller/libsubsys__bluetooth__controller.a(ctrl.c.obj)
                0x0000000000005360                event_adv_stop
 .text.packet_rx_allocate.constprop.50
                0x0000000000005390       0x94 zephyr/subsys/bluetooth/controller/libsubsys__bluetooth__controller.a(ctrl.c.obj)
 .text.common_init
                0x0000000000005424       0xcc zephyr/subsys/bluetooth/controller/libsubsys__bluetooth__controller.a(ctrl.c.obj)
 .text.mayfly_xtal_start
                0x00000000000054f0       0x10 zephyr/subsys/bluetooth/controller/libsubsys__bluetooth__controller.a(ctrl.c.obj)
 .text.mayfly_xtal_stop
                0x0000000000005500       0x10 zephyr/subsys/bluetooth/controller/libsubsys__bluetooth__controller.a(ctrl.c.obj)
 .text.chan_sel_2
                0x0000000000005510       0x86 zephyr/subsys/bluetooth/controller/libsubsys__bluetooth__controller.a(ctrl.c.obj)
 *fill*         0x0000000000005596        0x2 
 .text.preempt_calc
                0x0000000000005598       0x44 zephyr/subsys/bluetooth/controller/libsubsys__bluetooth__controller.a(ctrl.c.obj)
 .text.event_adv
                0x00000000000055dc       0xb4 zephyr/subsys/bluetooth/controller/libsubsys__bluetooth__controller.a(ctrl.c.obj)
 .text.connection_configure
                0x0000000000005690       0x3c zephyr/subsys/bluetooth/controller/libsubsys__bluetooth__controller.a(ctrl.c.obj)
 .text.event_slave
                0x00000000000056cc      0x170 zephyr/subsys/bluetooth/controller/libsubsys__bluetooth__controller.a(ctrl.c.obj)
 .text.ctrl_tx_enqueue
                0x000000000000583c       0x5c zephyr/subsys/bluetooth/controller/libsubsys__bluetooth__controller.a(ctrl.c.obj)
 .text.ctrl_tx_sec_enqueue
                0x0000000000005898       0x32 zephyr/subsys/bluetooth/controller/libsubsys__bluetooth__controller.a(ctrl.c.obj)
 *fill*         0x00000000000058ca        0x2 
 .text.feature_rsp_send
                0x00000000000058cc       0x8c zephyr/subsys/bluetooth/controller/libsubsys__bluetooth__controller.a(ctrl.c.obj)
 .text.event_connection_prepare
                0x0000000000005958      0x688 zephyr/subsys/bluetooth/controller/libsubsys__bluetooth__controller.a(ctrl.c.obj)
 .text.event_slave_prepare
                0x0000000000005fe0        0x4 zephyr/subsys/bluetooth/controller/libsubsys__bluetooth__controller.a(ctrl.c.obj)
 .text.event_master_prepare
                0x0000000000005fe4        0x4 zephyr/subsys/bluetooth/controller/libsubsys__bluetooth__controller.a(ctrl.c.obj)
 .text.prepare_pdu_data_tx
                0x0000000000005fe8       0xc4 zephyr/subsys/bluetooth/controller/libsubsys__bluetooth__controller.a(ctrl.c.obj)
 *fill*         0x00000000000060ac        0x4 
 .text.isr      0x00000000000060b0     0x1514 zephyr/subsys/bluetooth/controller/libsubsys__bluetooth__controller.a(ctrl.c.obj)
 *fill*         0x00000000000075c4        0x4 
 .text.mayfly_xtal_stop_calc
                0x00000000000075c8      0x1f8 zephyr/subsys/bluetooth/controller/libsubsys__bluetooth__controller.a(ctrl.c.obj)
 .text.event_master
                0x00000000000077c0      0x134 zephyr/subsys/bluetooth/controller/libsubsys__bluetooth__controller.a(ctrl.c.obj)
 .text.radio_init
                0x00000000000078f4       0xfc zephyr/subsys/bluetooth/controller/libsubsys__bluetooth__controller.a(ctrl.c.obj)
                0x00000000000078f4                radio_init
 .text.ll_reset
                0x00000000000079f0       0x9c zephyr/subsys/bluetooth/controller/libsubsys__bluetooth__controller.a(ctrl.c.obj)
                0x00000000000079f0                ll_reset
 .text.radio_adv_data_get
                0x0000000000007a8c        0x8 zephyr/subsys/bluetooth/controller/libsubsys__bluetooth__controller.a(ctrl.c.obj)
                0x0000000000007a8c                radio_adv_data_get
 .text.radio_scan_data_get
                0x0000000000007a94        0x8 zephyr/subsys/bluetooth/controller/libsubsys__bluetooth__controller.a(ctrl.c.obj)
                0x0000000000007a94                radio_scan_data_get
 .text.ll_adv_is_enabled
                0x0000000000007a9c       0x10 zephyr/subsys/bluetooth/controller/libsubsys__bluetooth__controller.a(ctrl.c.obj)
                0x0000000000007a9c                ll_adv_is_enabled
 .text.radio_adv_filter_pol_get
                0x0000000000007aac       0x18 zephyr/subsys/bluetooth/controller/libsubsys__bluetooth__controller.a(ctrl.c.obj)
                0x0000000000007aac                radio_adv_filter_pol_get
 .text.ll_scan_is_enabled
                0x0000000000007ac4       0x2c zephyr/subsys/bluetooth/controller/libsubsys__bluetooth__controller.a(ctrl.c.obj)
                0x0000000000007ac4                ll_scan_is_enabled
 .text.radio_scan_filter_pol_get
                0x0000000000007af0       0x1c zephyr/subsys/bluetooth/controller/libsubsys__bluetooth__controller.a(ctrl.c.obj)
                0x0000000000007af0                radio_scan_filter_pol_get
 .text.ll_tx_pwr_lvl_get
                0x0000000000007b0c       0x14 zephyr/subsys/bluetooth/controller/libsubsys__bluetooth__controller.a(ctrl.c.obj)
                0x0000000000007b0c                ll_tx_pwr_lvl_get
 .text.ll_rx_get
                0x0000000000007b20       0x70 zephyr/subsys/bluetooth/controller/libsubsys__bluetooth__controller.a(ctrl.c.obj)
                0x0000000000007b20                ll_rx_get
 .text.ll_rx_mem_release
                0x0000000000007b90       0x64 zephyr/subsys/bluetooth/controller/libsubsys__bluetooth__controller.a(ctrl.c.obj)
                0x0000000000007b90                ll_rx_mem_release
 .text.do_radio_rx_fc_set
                0x0000000000007bf4       0x5c zephyr/subsys/bluetooth/controller/libsubsys__bluetooth__controller.a(ctrl.c.obj)
                0x0000000000007bf4                do_radio_rx_fc_set
 .text.radio_rx_fc_set
                0x0000000000007c50       0x58 zephyr/subsys/bluetooth/controller/libsubsys__bluetooth__controller.a(ctrl.c.obj)
                0x0000000000007c50                radio_rx_fc_set
 .text.ll_adv_scan_state_cb
                0x0000000000007ca8        0x2 zephyr/subsys/bluetooth/controller/libsubsys__bluetooth__controller.a(ctrl.c.obj)
                0x0000000000007ca8                ll_adv_scan_state_cb
 *fill*         0x0000000000007caa        0x6 
 .text.radio_adv_enable
                0x0000000000007cb0      0x2ac zephyr/subsys/bluetooth/controller/libsubsys__bluetooth__controller.a(ctrl.c.obj)
                0x0000000000007cb0                radio_adv_enable
 .text.radio_adv_disable
                0x0000000000007f5c       0x5c zephyr/subsys/bluetooth/controller/libsubsys__bluetooth__controller.a(ctrl.c.obj)
                0x0000000000007f5c                radio_adv_disable
 .text.ll_rx_dequeue
                0x0000000000007fb8       0xe0 zephyr/subsys/bluetooth/controller/libsubsys__bluetooth__controller.a(ctrl.c.obj)
                0x0000000000007fb8                ll_rx_dequeue
 .text.rtc0_nrf5_isr
                0x0000000000008098       0x34 zephyr/subsys/bluetooth/controller/libsubsys__bluetooth__controller.a(ll.c.obj)
 .text.swi4_nrf5_isr
                0x00000000000080cc        0x6 zephyr/subsys/bluetooth/controller/libsubsys__bluetooth__controller.a(ll.c.obj)
 .text.radio_nrf5_isr
                0x00000000000080d2       0x1e zephyr/subsys/bluetooth/controller/libsubsys__bluetooth__controller.a(ll.c.obj)
                0x00000000000080d2                radio_nrf5_isr
 .text.radio_active_callback
                0x00000000000080f0        0x2 zephyr/subsys/bluetooth/controller/libsubsys__bluetooth__controller.a(ll.c.obj)
                0x00000000000080f0                radio_active_callback
 *fill*         0x00000000000080f2        0x2 
 .text.radio_event_callback
                0x00000000000080f4        0xc zephyr/subsys/bluetooth/controller/libsubsys__bluetooth__controller.a(ll.c.obj)
                0x00000000000080f4                radio_event_callback
 .text.ll_init  0x0000000000008100      0x110 zephyr/subsys/bluetooth/controller/libsubsys__bluetooth__controller.a(ll.c.obj)
                0x0000000000008100                ll_init
 .text.ll_adv_params_set
                0x0000000000008210      0x1e4 zephyr/subsys/bluetooth/controller/libsubsys__bluetooth__controller.a(ll_adv.c.obj)
                0x0000000000008210                ll_adv_params_set
 .text.ll_adv_data_set
                0x00000000000083f4       0xb0 zephyr/subsys/bluetooth/controller/libsubsys__bluetooth__controller.a(ll_adv.c.obj)
                0x00000000000083f4                ll_adv_data_set
 .text.ll_scan_data_set
                0x00000000000084a4       0x8c zephyr/subsys/bluetooth/controller/libsubsys__bluetooth__controller.a(ll_adv.c.obj)
                0x00000000000084a4                ll_scan_data_set
 .text.ll_adv_enable
                0x0000000000008530       0xc0 zephyr/subsys/bluetooth/controller/libsubsys__bluetooth__controller.a(ll_adv.c.obj)
                0x0000000000008530                ll_adv_enable
 .text.ctrl_filter_get
                0x00000000000085f0       0x18 zephyr/subsys/bluetooth/controller/libsubsys__bluetooth__controller.a(ll_filter.c.obj)
                0x00000000000085f0                ctrl_filter_get
 .text.ll_wl_size_get
                0x0000000000008608        0x4 zephyr/subsys/bluetooth/controller/libsubsys__bluetooth__controller.a(ll_filter.c.obj)
                0x0000000000008608                ll_wl_size_get
 .text.ll_wl_clear
                0x000000000000860c       0x2c zephyr/subsys/bluetooth/controller/libsubsys__bluetooth__controller.a(ll_filter.c.obj)
                0x000000000000860c                ll_wl_clear
 .text.ll_wl_add
                0x0000000000008638       0x70 zephyr/subsys/bluetooth/controller/libsubsys__bluetooth__controller.a(ll_filter.c.obj)
                0x0000000000008638                ll_wl_add
 .text.ll_wl_remove
                0x00000000000086a8       0x8c zephyr/subsys/bluetooth/controller/libsubsys__bluetooth__controller.a(ll_filter.c.obj)
                0x00000000000086a8                ll_wl_remove
 .text.ll_filter_reset
                0x0000000000008734       0x18 zephyr/subsys/bluetooth/controller/libsubsys__bluetooth__controller.a(ll_filter.c.obj)
                0x0000000000008734                ll_filter_reset
 .text.cntr_init
                0x000000000000874c       0x1c zephyr/subsys/bluetooth/controller/libsubsys__bluetooth__controller.a(cntr.c.obj)
                0x000000000000874c                cntr_init
 .text.cntr_start
                0x0000000000008768       0x1c zephyr/subsys/bluetooth/controller/libsubsys__bluetooth__controller.a(cntr.c.obj)
                0x0000000000008768                cntr_start
 .text.cntr_stop
                0x0000000000008784       0x30 zephyr/subsys/bluetooth/controller/libsubsys__bluetooth__controller.a(cntr.c.obj)
                0x0000000000008784                cntr_stop
 .text.cntr_cnt_get
                0x00000000000087b4        0xc zephyr/subsys/bluetooth/controller/libsubsys__bluetooth__controller.a(cntr.c.obj)
                0x00000000000087b4                cntr_cnt_get
 .text.cntr_cmp_set
                0x00000000000087c0       0x10 zephyr/subsys/bluetooth/controller/libsubsys__bluetooth__controller.a(cntr.c.obj)
                0x00000000000087c0                cntr_cmp_set
 .text.do_ecb   0x00000000000087d0       0x4c zephyr/subsys/bluetooth/controller/libsubsys__bluetooth__controller.a(ecb.c.obj)
 .text.ecb_encrypt
                0x000000000000881c       0x42 zephyr/subsys/bluetooth/controller/libsubsys__bluetooth__controller.a(ecb.c.obj)
                0x000000000000881c                ecb_encrypt
 *fill*         0x000000000000885e        0x2 
 .text.hal_radio_enable_on_tick_ppi_config_and_enable
                0x0000000000008860       0x30 zephyr/subsys/bluetooth/controller/libsubsys__bluetooth__controller.a(radio.c.obj)
 .text.sw_switch.isra.10
                0x0000000000008890       0xc8 zephyr/subsys/bluetooth/controller/libsubsys__bluetooth__controller.a(radio.c.obj)
 .text.isr_radio
                0x0000000000008958       0x10 zephyr/subsys/bluetooth/controller/libsubsys__bluetooth__controller.a(radio.c.obj)
                0x0000000000008958                isr_radio
 .text.radio_isr_set
                0x0000000000008968       0x28 zephyr/subsys/bluetooth/controller/libsubsys__bluetooth__controller.a(radio.c.obj)
                0x0000000000008968                radio_isr_set
 .text.radio_setup
                0x0000000000008990       0x44 zephyr/subsys/bluetooth/controller/libsubsys__bluetooth__controller.a(radio.c.obj)
                0x0000000000008990                radio_setup
 .text.radio_reset
                0x00000000000089d4       0x34 zephyr/subsys/bluetooth/controller/libsubsys__bluetooth__controller.a(radio.c.obj)
                0x00000000000089d4                radio_reset
 .text.radio_phy_set
                0x0000000000008a08       0x20 zephyr/subsys/bluetooth/controller/libsubsys__bluetooth__controller.a(radio.c.obj)
                0x0000000000008a08                radio_phy_set
 .text.radio_tx_power_set
                0x0000000000008a28        0xc zephyr/subsys/bluetooth/controller/libsubsys__bluetooth__controller.a(radio.c.obj)
                0x0000000000008a28                radio_tx_power_set
 .text.radio_freq_chan_set
                0x0000000000008a34        0xc zephyr/subsys/bluetooth/controller/libsubsys__bluetooth__controller.a(radio.c.obj)
                0x0000000000008a34                radio_freq_chan_set
 .text.radio_whiten_iv_set
                0x0000000000008a40       0x24 zephyr/subsys/bluetooth/controller/libsubsys__bluetooth__controller.a(radio.c.obj)
                0x0000000000008a40                radio_whiten_iv_set
 .text.radio_aa_set
                0x0000000000008a64       0x30 zephyr/subsys/bluetooth/controller/libsubsys__bluetooth__controller.a(radio.c.obj)
                0x0000000000008a64                radio_aa_set
 .text.radio_pkt_configure
                0x0000000000008a94       0x5c zephyr/subsys/bluetooth/controller/libsubsys__bluetooth__controller.a(radio.c.obj)
                0x0000000000008a94                radio_pkt_configure
 .text.radio_pkt_rx_set
                0x0000000000008af0        0xc zephyr/subsys/bluetooth/controller/libsubsys__bluetooth__controller.a(radio.c.obj)
                0x0000000000008af0                radio_pkt_rx_set
 .text.radio_pkt_tx_set
                0x0000000000008afc        0xc zephyr/subsys/bluetooth/controller/libsubsys__bluetooth__controller.a(radio.c.obj)
                0x0000000000008afc                radio_pkt_tx_set
 .text.radio_tx_ready_delay_get
                0x0000000000008b08        0xa zephyr/subsys/bluetooth/controller/libsubsys__bluetooth__controller.a(radio.c.obj)
                0x0000000000008b08                radio_tx_ready_delay_get
 .text.radio_tx_chain_delay_get
                0x0000000000008b12        0x4 zephyr/subsys/bluetooth/controller/libsubsys__bluetooth__controller.a(radio.c.obj)
                0x0000000000008b12                radio_tx_chain_delay_get
 .text.radio_rx_ready_delay_get
                0x0000000000008b16        0x4 zephyr/subsys/bluetooth/controller/libsubsys__bluetooth__controller.a(radio.c.obj)
                0x0000000000008b16                radio_rx_ready_delay_get
 .text.radio_rx_chain_delay_get
                0x0000000000008b1a        0xa zephyr/subsys/bluetooth/controller/libsubsys__bluetooth__controller.a(radio.c.obj)
                0x0000000000008b1a                radio_rx_chain_delay_get
 .text.radio_rx_enable
                0x0000000000008b24        0xc zephyr/subsys/bluetooth/controller/libsubsys__bluetooth__controller.a(radio.c.obj)
                0x0000000000008b24                radio_rx_enable
 .text.radio_tx_enable
                0x0000000000008b30        0xc zephyr/subsys/bluetooth/controller/libsubsys__bluetooth__controller.a(radio.c.obj)
                0x0000000000008b30                radio_tx_enable
 .text.radio_disable
                0x0000000000008b3c       0x24 zephyr/subsys/bluetooth/controller/libsubsys__bluetooth__controller.a(radio.c.obj)
                0x0000000000008b3c                radio_disable
 .text.radio_status_reset
                0x0000000000008b60       0x18 zephyr/subsys/bluetooth/controller/libsubsys__bluetooth__controller.a(radio.c.obj)
                0x0000000000008b60                radio_status_reset
 .text.radio_is_ready
                0x0000000000008b78       0x14 zephyr/subsys/bluetooth/controller/libsubsys__bluetooth__controller.a(radio.c.obj)
                0x0000000000008b78                radio_is_ready
 .text.radio_is_done
                0x0000000000008b8c       0x14 zephyr/subsys/bluetooth/controller/libsubsys__bluetooth__controller.a(radio.c.obj)
                0x0000000000008b8c                radio_is_done
 .text.radio_is_idle
                0x0000000000008ba0       0x14 zephyr/subsys/bluetooth/controller/libsubsys__bluetooth__controller.a(radio.c.obj)
                0x0000000000008ba0                radio_is_idle
 .text.radio_crc_configure
                0x0000000000008bb4       0x18 zephyr/subsys/bluetooth/controller/libsubsys__bluetooth__controller.a(radio.c.obj)
                0x0000000000008bb4                radio_crc_configure
 .text.radio_crc_is_valid
                0x0000000000008bcc       0x14 zephyr/subsys/bluetooth/controller/libsubsys__bluetooth__controller.a(radio.c.obj)
                0x0000000000008bcc                radio_crc_is_valid
 .text.radio_pkt_empty_get
                0x0000000000008be0        0x8 zephyr/subsys/bluetooth/controller/libsubsys__bluetooth__controller.a(radio.c.obj)
                0x0000000000008be0                radio_pkt_empty_get
 .text.radio_pkt_scratch_get
                0x0000000000008be8        0x8 zephyr/subsys/bluetooth/controller/libsubsys__bluetooth__controller.a(radio.c.obj)
                0x0000000000008be8                radio_pkt_scratch_get
 .text.radio_switch_complete_and_rx
                0x0000000000008bf0       0x18 zephyr/subsys/bluetooth/controller/libsubsys__bluetooth__controller.a(radio.c.obj)
                0x0000000000008bf0                radio_switch_complete_and_rx
 .text.radio_switch_complete_and_tx
                0x0000000000008c08       0x14 zephyr/subsys/bluetooth/controller/libsubsys__bluetooth__controller.a(radio.c.obj)
                0x0000000000008c08                radio_switch_complete_and_tx
 .text.radio_switch_complete_and_disable
                0x0000000000008c1c       0x1c zephyr/subsys/bluetooth/controller/libsubsys__bluetooth__controller.a(radio.c.obj)
                0x0000000000008c1c                radio_switch_complete_and_disable
 .text.radio_rssi_measure
                0x0000000000008c38       0x14 zephyr/subsys/bluetooth/controller/libsubsys__bluetooth__controller.a(radio.c.obj)
                0x0000000000008c38                radio_rssi_measure
 .text.radio_rssi_get
                0x0000000000008c4c        0xc zephyr/subsys/bluetooth/controller/libsubsys__bluetooth__controller.a(radio.c.obj)
                0x0000000000008c4c                radio_rssi_get
 .text.radio_rssi_status_reset
                0x0000000000008c58       0x10 zephyr/subsys/bluetooth/controller/libsubsys__bluetooth__controller.a(radio.c.obj)
                0x0000000000008c58                radio_rssi_status_reset
 .text.radio_rssi_is_ready
                0x0000000000008c68       0x14 zephyr/subsys/bluetooth/controller/libsubsys__bluetooth__controller.a(radio.c.obj)
                0x0000000000008c68                radio_rssi_is_ready
 .text.radio_filter_configure
                0x0000000000008c7c       0x34 zephyr/subsys/bluetooth/controller/libsubsys__bluetooth__controller.a(radio.c.obj)
                0x0000000000008c7c                radio_filter_configure
 .text.radio_filter_disable
                0x0000000000008cb0       0x14 zephyr/subsys/bluetooth/controller/libsubsys__bluetooth__controller.a(radio.c.obj)
                0x0000000000008cb0                radio_filter_disable
 .text.radio_filter_status_reset
                0x0000000000008cc4       0x10 zephyr/subsys/bluetooth/controller/libsubsys__bluetooth__controller.a(radio.c.obj)
                0x0000000000008cc4                radio_filter_status_reset
 .text.radio_filter_has_match
                0x0000000000008cd4       0x14 zephyr/subsys/bluetooth/controller/libsubsys__bluetooth__controller.a(radio.c.obj)
                0x0000000000008cd4                radio_filter_has_match
 .text.radio_filter_match_get
                0x0000000000008ce8        0xc zephyr/subsys/bluetooth/controller/libsubsys__bluetooth__controller.a(radio.c.obj)
                0x0000000000008ce8                radio_filter_match_get
 .text.radio_tmr_status_reset
                0x0000000000008cf4       0x1c zephyr/subsys/bluetooth/controller/libsubsys__bluetooth__controller.a(radio.c.obj)
                0x0000000000008cf4                radio_tmr_status_reset
 .text.radio_tmr_tifs_set
                0x0000000000008d10       0x18 zephyr/subsys/bluetooth/controller/libsubsys__bluetooth__controller.a(radio.c.obj)
                0x0000000000008d10                radio_tmr_tifs_set
 .text.radio_tmr_start
                0x0000000000008d28       0xe4 zephyr/subsys/bluetooth/controller/libsubsys__bluetooth__controller.a(radio.c.obj)
                0x0000000000008d28                radio_tmr_start
 .text.radio_tmr_stop
                0x0000000000008e0c       0x18 zephyr/subsys/bluetooth/controller/libsubsys__bluetooth__controller.a(radio.c.obj)
                0x0000000000008e0c                radio_tmr_stop
 .text.radio_tmr_hcto_configure
                0x0000000000008e24       0x3c zephyr/subsys/bluetooth/controller/libsubsys__bluetooth__controller.a(radio.c.obj)
                0x0000000000008e24                radio_tmr_hcto_configure
 .text.radio_tmr_aa_capture
                0x0000000000008e60       0x38 zephyr/subsys/bluetooth/controller/libsubsys__bluetooth__controller.a(radio.c.obj)
                0x0000000000008e60                radio_tmr_aa_capture
 .text.radio_tmr_aa_get
                0x0000000000008e98        0xc zephyr/subsys/bluetooth/controller/libsubsys__bluetooth__controller.a(radio.c.obj)
                0x0000000000008e98                radio_tmr_aa_get
 .text.radio_tmr_aa_save
                0x0000000000008ea4        0xc zephyr/subsys/bluetooth/controller/libsubsys__bluetooth__controller.a(radio.c.obj)
                0x0000000000008ea4                radio_tmr_aa_save
 .text.radio_tmr_aa_restore
                0x0000000000008eb0        0xc zephyr/subsys/bluetooth/controller/libsubsys__bluetooth__controller.a(radio.c.obj)
                0x0000000000008eb0                radio_tmr_aa_restore
 .text.radio_tmr_ready_get
                0x0000000000008ebc        0xc zephyr/subsys/bluetooth/controller/libsubsys__bluetooth__controller.a(radio.c.obj)
                0x0000000000008ebc                radio_tmr_ready_get
 .text.radio_tmr_end_capture
                0x0000000000008ec8       0x24 zephyr/subsys/bluetooth/controller/libsubsys__bluetooth__controller.a(radio.c.obj)
                0x0000000000008ec8                radio_tmr_end_capture
 .text.radio_tmr_end_get
                0x0000000000008eec        0xc zephyr/subsys/bluetooth/controller/libsubsys__bluetooth__controller.a(radio.c.obj)
                0x0000000000008eec                radio_tmr_end_get
 .text.radio_tmr_tifs_base_get
                0x0000000000008ef8        0xc zephyr/subsys/bluetooth/controller/libsubsys__bluetooth__controller.a(radio.c.obj)
                0x0000000000008ef8                radio_tmr_tifs_base_get
 .text.radio_ccm_rx_pkt_set
                0x0000000000008f04       0x78 zephyr/subsys/bluetooth/controller/libsubsys__bluetooth__controller.a(radio.c.obj)
                0x0000000000008f04                radio_ccm_rx_pkt_set
 .text.radio_ccm_tx_pkt_set
                0x0000000000008f7c       0x4c zephyr/subsys/bluetooth/controller/libsubsys__bluetooth__controller.a(radio.c.obj)
                0x0000000000008f7c                radio_ccm_tx_pkt_set
 .text.radio_ccm_is_done
                0x0000000000008fc8       0x3c zephyr/subsys/bluetooth/controller/libsubsys__bluetooth__controller.a(radio.c.obj)
                0x0000000000008fc8                radio_ccm_is_done
 .text.radio_ccm_mic_is_valid
                0x0000000000009004       0x14 zephyr/subsys/bluetooth/controller/libsubsys__bluetooth__controller.a(radio.c.obj)
                0x0000000000009004                radio_ccm_mic_is_valid
 .text.radio_ar_match_get
                0x0000000000009018        0xc zephyr/subsys/bluetooth/controller/libsubsys__bluetooth__controller.a(radio.c.obj)
                0x0000000000009018                radio_ar_match_get
 .text.radio_ar_status_reset
                0x0000000000009024       0x18 zephyr/subsys/bluetooth/controller/libsubsys__bluetooth__controller.a(radio.c.obj)
                0x0000000000009024                radio_ar_status_reset
 .text.radio_ar_has_match
                0x000000000000903c       0x28 zephyr/subsys/bluetooth/controller/libsubsys__bluetooth__controller.a(radio.c.obj)
                0x000000000000903c                radio_ar_has_match
 .text.mayfly_enable_cb
                0x0000000000009064       0x1c zephyr/subsys/bluetooth/controller/libsubsys__bluetooth__controller.a(mayfly.c.obj)
                0x0000000000009064                mayfly_enable_cb
 .text.mayfly_is_enabled
                0x0000000000009080       0x1c zephyr/subsys/bluetooth/controller/libsubsys__bluetooth__controller.a(mayfly.c.obj)
                0x0000000000009080                mayfly_is_enabled
 .text.mayfly_prio_is_equal
                0x000000000000909c       0x22 zephyr/subsys/bluetooth/controller/libsubsys__bluetooth__controller.a(mayfly.c.obj)
                0x000000000000909c                mayfly_prio_is_equal
 *fill*         0x00000000000090be        0x2 
 .text.mayfly_pend
                0x00000000000090c0       0x28 zephyr/subsys/bluetooth/controller/libsubsys__bluetooth__controller.a(mayfly.c.obj)
                0x00000000000090c0                mayfly_pend
 .text.hal_ticker_instance0_caller_id_get
                0x00000000000090e8       0x20 zephyr/subsys/bluetooth/controller/libsubsys__bluetooth__controller.a(ticker.c.obj)
                0x00000000000090e8                hal_ticker_instance0_caller_id_get
 .text.hal_ticker_instance0_sched
                0x0000000000009108       0x78 zephyr/subsys/bluetooth/controller/libsubsys__bluetooth__controller.a(ticker.c.obj)
                0x0000000000009108                hal_ticker_instance0_sched
 .text.hal_ticker_instance0_trigger_set
                0x0000000000009180        0x8 zephyr/subsys/bluetooth/controller/libsubsys__bluetooth__controller.a(ticker.c.obj)
                0x0000000000009180                hal_ticker_instance0_trigger_set
 .text.fixed_data_unref
                0x0000000000009188        0x2 zephyr/subsys/net/libsubsys__net.a(buf.c.obj)
 *fill*         0x000000000000918a        0x2 
 .text.net_buf_pool_get
                0x000000000000918c        0xc zephyr/subsys/net/libsubsys__net.a(buf.c.obj)
                0x000000000000918c                net_buf_pool_get
 .text.net_buf_id
                0x0000000000009198       0x1c zephyr/subsys/net/libsubsys__net.a(buf.c.obj)
                0x0000000000009198                net_buf_id
 .text.fixed_data_alloc
                0x00000000000091b4       0x2c zephyr/subsys/net/libsubsys__net.a(buf.c.obj)
 .text.net_buf_alloc_len
                0x00000000000091e0       0xd4 zephyr/subsys/net/libsubsys__net.a(buf.c.obj)
                0x00000000000091e0                net_buf_alloc_len
 .text.net_buf_alloc_fixed
                0x00000000000092b4        0xc zephyr/subsys/net/libsubsys__net.a(buf.c.obj)
                0x00000000000092b4                net_buf_alloc_fixed
 .text.net_buf_simple_reserve
                0x00000000000092c0        0x8 zephyr/subsys/net/libsubsys__net.a(buf.c.obj)
                0x00000000000092c0                net_buf_simple_reserve
 .text.net_buf_put
                0x00000000000092c8       0x1a zephyr/subsys/net/libsubsys__net.a(buf.c.obj)
                0x00000000000092c8                net_buf_put
 *fill*         0x00000000000092e2        0x2 
 .text.net_buf_unref
                0x00000000000092e4       0x5c zephyr/subsys/net/libsubsys__net.a(buf.c.obj)
                0x00000000000092e4                net_buf_unref
 .text.net_buf_ref
                0x0000000000009340        0x8 zephyr/subsys/net/libsubsys__net.a(buf.c.obj)
                0x0000000000009340                net_buf_ref
 .text.net_buf_simple_add
                0x0000000000009348        0xc zephyr/subsys/net/libsubsys__net.a(buf.c.obj)
                0x0000000000009348                net_buf_simple_add
 .text.net_buf_simple_add_mem
                0x0000000000009354       0x12 zephyr/subsys/net/libsubsys__net.a(buf.c.obj)
                0x0000000000009354                net_buf_simple_add_mem
 .text.net_buf_simple_pull
                0x0000000000009366       0x10 zephyr/subsys/net/libsubsys__net.a(buf.c.obj)
                0x0000000000009366                net_buf_simple_pull
 .text.net_buf_simple_pull_u8
                0x0000000000009376       0x10 zephyr/subsys/net/libsubsys__net.a(buf.c.obj)
                0x0000000000009376                net_buf_simple_pull_u8
 .text.net_buf_simple_headroom
                0x0000000000009386        0x8 zephyr/subsys/net/libsubsys__net.a(buf.c.obj)
                0x0000000000009386                net_buf_simple_headroom
 *fill*         0x000000000000938e        0x2 
 .text._sys_device_do_config_level
                0x0000000000009390       0x28 zephyr/kernel/libkernel.a(device.c.obj)
                0x0000000000009390                _sys_device_do_config_level
 .text.device_get_binding
                0x00000000000093b8       0x4c zephyr/kernel/libkernel.a(device.c.obj)
                0x00000000000093b8                device_get_binding
 .text._sys_power_save_idle_exit
                0x0000000000009404       0x18 zephyr/kernel/libkernel.a(idle.c.obj)
                0x0000000000009404                _sys_power_save_idle_exit
 .text.idle     0x000000000000941c       0x48 zephyr/kernel/libkernel.a(idle.c.obj)
                0x000000000000941c                idle
 .text._bss_zero
                0x0000000000009464       0x14 zephyr/kernel/libkernel.a(init.c.obj)
                0x0000000000009464                _bss_zero
 .text._data_copy
                0x0000000000009478       0x18 zephyr/kernel/libkernel.a(init.c.obj)
                0x0000000000009478                _data_copy
 .text.bg_thread_main
                0x0000000000009490       0x38 zephyr/kernel/libkernel.a(init.c.obj)
 .text._Cstart  0x00000000000094c8       0xf8 zephyr/kernel/libkernel.a(init.c.obj)
                0x00000000000094c8                _Cstart
 .text.get_bit_ptr
                0x00000000000095c0       0x28 zephyr/kernel/libkernel.a(mempool.c.obj)
 .text.set_free_bit
                0x00000000000095e8       0x1c zephyr/kernel/libkernel.a(mempool.c.obj)
 .text.init_static_pools
                0x0000000000009604       0xcc zephyr/kernel/libkernel.a(mempool.c.obj)
                0x0000000000009604                init_static_pools
 .text.k_queue_init
                0x00000000000096d0       0x10 zephyr/kernel/libkernel.a(queue.c.obj)
                0x00000000000096d0                k_queue_init
 .text.k_queue_insert
                0x00000000000096e0       0x52 zephyr/kernel/libkernel.a(queue.c.obj)
                0x00000000000096e0                k_queue_insert
 .text.k_queue_append
                0x0000000000009732        0x8 zephyr/kernel/libkernel.a(queue.c.obj)
                0x0000000000009732                k_queue_append
 .text.k_queue_prepend
                0x000000000000973a        0x8 zephyr/kernel/libkernel.a(queue.c.obj)
                0x000000000000973a                k_queue_prepend
 .text.k_queue_append_list
                0x0000000000009742       0x38 zephyr/kernel/libkernel.a(queue.c.obj)
                0x0000000000009742                k_queue_append_list
 .text.k_queue_get
                0x000000000000977a       0x7a zephyr/kernel/libkernel.a(queue.c.obj)
                0x000000000000977a                k_queue_get
 .text._add_thread_to_ready_q
                0x00000000000097f4       0x50 zephyr/kernel/libkernel.a(sched.c.obj)
                0x00000000000097f4                _add_thread_to_ready_q
 .text._ready_thread
                0x0000000000009844       0x1a zephyr/kernel/libkernel.a(sched.c.obj)
 *fill*         0x000000000000985e        0x2 
 .text._add_timeout
                0x0000000000009860       0x9c zephyr/kernel/libkernel.a(sched.c.obj)
 .text._remove_thread_from_ready_q
                0x00000000000098fc       0x68 zephyr/kernel/libkernel.a(sched.c.obj)
                0x00000000000098fc                _remove_thread_from_ready_q
 .text._pend_thread
                0x0000000000009964       0x62 zephyr/kernel/libkernel.a(sched.c.obj)
                0x0000000000009964                _pend_thread
 *fill*         0x00000000000099c6        0x2 
 .text._pend_current_thread
                0x00000000000099c8       0x20 zephyr/kernel/libkernel.a(sched.c.obj)
                0x00000000000099c8                _pend_current_thread
 .text.__must_switch_threads
                0x00000000000099e8       0x2c zephyr/kernel/libkernel.a(sched.c.obj)
                0x00000000000099e8                __must_switch_threads
 .text._reschedule_threads
                0x0000000000009a14       0x34 zephyr/kernel/libkernel.a(sched.c.obj)
                0x0000000000009a14                _reschedule_threads
 .text.k_sched_unlock
                0x0000000000009a48       0x20 zephyr/kernel/libkernel.a(sched.c.obj)
                0x0000000000009a48                k_sched_unlock
 .text._move_thread_to_end_of_prio_q
                0x0000000000009a68       0x54 zephyr/kernel/libkernel.a(sched.c.obj)
                0x0000000000009a68                _move_thread_to_end_of_prio_q
 .text._impl_k_yield
                0x0000000000009abc       0x3c zephyr/kernel/libkernel.a(sched.c.obj)
                0x0000000000009abc                _impl_k_yield
 .text._impl_k_current_get
                0x0000000000009af8        0xc zephyr/kernel/libkernel.a(sched.c.obj)
                0x0000000000009af8                _impl_k_current_get
 .text._is_thread_time_slicing
                0x0000000000009b04       0x48 zephyr/kernel/libkernel.a(sched.c.obj)
                0x0000000000009b04                _is_thread_time_slicing
 .text._update_time_slice_before_swap
                0x0000000000009b4c        0xc zephyr/kernel/libkernel.a(sched.c.obj)
                0x0000000000009b4c                _update_time_slice_before_swap
 .text._find_first_thread_to_unpend.constprop.8
                0x0000000000009b58       0x34 zephyr/kernel/libkernel.a(sem.c.obj)
 .text._impl_k_sem_init
                0x0000000000009b8c       0x12 zephyr/kernel/libkernel.a(sem.c.obj)
                0x0000000000009b8c                _impl_k_sem_init
 *fill*         0x0000000000009b9e        0x2 
 .text._impl_k_sem_give
                0x0000000000009ba0       0xc8 zephyr/kernel/libkernel.a(sem.c.obj)
                0x0000000000009ba0                _impl_k_sem_give
 .text._impl_k_sem_take
                0x0000000000009c68       0x3c zephyr/kernel/libkernel.a(sem.c.obj)
                0x0000000000009c68                _impl_k_sem_take
 .text._impl_k_uptime_get_32
                0x0000000000009ca4       0x14 zephyr/kernel/libkernel.a(sys_clock.c.obj)
                0x0000000000009ca4                _impl_k_uptime_get_32
 .text._nano_sys_clock_tick_announce
                0x0000000000009cb8      0x1ac zephyr/kernel/libkernel.a(sys_clock.c.obj)
                0x0000000000009cb8                _nano_sys_clock_tick_announce
 .text.k_sys_work_q_init
                0x0000000000009e64       0x20 zephyr/kernel/libkernel.a(system_work_q.c.obj)
 .text._is_thread_ready
                0x0000000000009e84       0x14 zephyr/kernel/libkernel.a(thread.c.obj)
 .text._abort_timeout
                0x0000000000009e98       0x30 zephyr/kernel/libkernel.a(thread.c.obj)
 .text.schedule_new_thread.part.13
                0x0000000000009ec8       0x74 zephyr/kernel/libkernel.a(thread.c.obj)
 .text.k_is_in_isr
                0x0000000000009f3c       0x20 zephyr/kernel/libkernel.a(thread.c.obj)
                0x0000000000009f3c                k_is_in_isr
 .text._is_thread_essential
                0x0000000000009f5c       0x10 zephyr/kernel/libkernel.a(thread.c.obj)
                0x0000000000009f5c                _is_thread_essential
 .text._thread_entry
                0x0000000000009f6c       0x14 zephyr/kernel/libkernel.a(thread.c.obj)
                0x0000000000009f6c                _thread_entry
 .text._impl_k_thread_start
                0x0000000000009f80       0x54 zephyr/kernel/libkernel.a(thread.c.obj)
                0x0000000000009f80                _impl_k_thread_start
 .text._setup_new_thread
                0x0000000000009fd4        0x4 zephyr/kernel/libkernel.a(thread.c.obj)
                0x0000000000009fd4                _setup_new_thread
 .text._impl_k_thread_create
                0x0000000000009fd8       0x3c zephyr/kernel/libkernel.a(thread.c.obj)
                0x0000000000009fd8                _impl_k_thread_create
 .text._k_thread_single_abort
                0x000000000000a014       0x4a zephyr/kernel/libkernel.a(thread.c.obj)
                0x000000000000a014                _k_thread_single_abort
 *fill*         0x000000000000a05e        0x2 
 .text._init_static_threads
                0x000000000000a060       0x94 zephyr/kernel/libkernel.a(thread.c.obj)
                0x000000000000a060                _init_static_threads
 .text._init_thread_base
                0x000000000000a0f4       0x18 zephyr/kernel/libkernel.a(thread.c.obj)
                0x000000000000a0f4                _init_thread_base
 .text.work_q_main
                0x000000000000a10c       0x3e zephyr/kernel/libkernel.a(work_q.c.obj)
 *fill*         0x000000000000a14a        0x2 
 .text.k_work_q_start
                0x000000000000a14c       0x34 zephyr/kernel/libkernel.a(work_q.c.obj)
                0x000000000000a14c                k_work_q_start
 .text.sys_dlist_remove
                0x000000000000a180        0xc zephyr/kernel/libkernel.a(poll.c.obj)
 .text.clear_event_registrations
                0x000000000000a18c       0x40 zephyr/kernel/libkernel.a(poll.c.obj)
 .text.signal_poll_event
                0x000000000000a1cc       0xc8 zephyr/kernel/libkernel.a(poll.c.obj)
 .text.add_event
                0x000000000000a294       0x4e zephyr/kernel/libkernel.a(poll.c.obj)
 .text.k_poll_event_init
                0x000000000000a2e2       0x26 zephyr/kernel/libkernel.a(poll.c.obj)
                0x000000000000a2e2                k_poll_event_init
 .text.k_poll   0x000000000000a308      0x148 zephyr/kernel/libkernel.a(poll.c.obj)
                0x000000000000a308                k_poll
 .text._handle_obj_poll_events
                0x000000000000a450       0x22 zephyr/kernel/libkernel.a(poll.c.obj)
                0x000000000000a450                _handle_obj_poll_events
 .text._OffsetAbsSyms
                0x000000000000a472        0x2 zephyr/CMakeFiles/offsets.dir/arch/arm/core/offsets/offsets.c.obj
                0x000000000000a472                _OffsetAbsSyms
 *(.gnu.linkonce.t.*)
                0x000000000000a474                _image_text_end = .

.glue_7         0x000000000000a474        0x0
 .glue_7        0x000000000000a474        0x0 linker stubs

.glue_7t        0x000000000000a474        0x0
 .glue_7t       0x000000000000a474        0x0 linker stubs

.vfp11_veneer   0x000000000000a474        0x0
 .vfp11_veneer  0x000000000000a474        0x0 linker stubs

.v4_bx          0x000000000000a474        0x0
 .v4_bx         0x000000000000a474        0x0 linker stubs

.iplt           0x000000000000a474        0x0
 .iplt          0x000000000000a474        0x0 zephyr/CMakeFiles/kernel_elf.dir/isr_tables.c.obj

.igot.plt       0x000000000000a474        0x0
 .igot.plt      0x000000000000a474        0x0 zephyr/CMakeFiles/kernel_elf.dir/isr_tables.c.obj

.ARM.exidx      0x000000000000a474        0x8
                0x000000000000a474                __exidx_start = .
 *(.ARM.exidx* gnu.linkonce.armexidx.*)
 .ARM.exidx     0x000000000000a474        0x8 /home/swap/gcc-arm-none-eabi-7-2017-q4-major/bin/../lib/gcc/arm-none-eabi/7.2.1/thumb/v7e-m/libgcc.a(_udivmoddi4.o)
                0x000000000000a47c                __exidx_end = .
                0x000000000000a47c                _image_rodata_start = .

devconfig       0x000000000000a47c       0x90
                0x000000000000a47c                __devconfig_start = .
 *(.devconfig.*)
 .devconfig.init
                0x000000000000a47c        0xc zephyr/libzephyr.a(soc.c.obj)
 .devconfig.init
                0x000000000000a488        0xc zephyr/libzephyr.a(arm_mpu.c.obj)
 .devconfig.init
                0x000000000000a494        0xc zephyr/libzephyr.a(rtt_console.c.obj)
 .devconfig.init
                0x000000000000a4a0       0x18 zephyr/libzephyr.a(nrf5_power_clock.c.obj)
 .devconfig.init
                0x000000000000a4b8        0xc zephyr/libzephyr.a(gpio_nrf5.c.obj)
 .devconfig.init
                0x000000000000a4c4        0xc zephyr/libzephyr.a(uart_nrf5.c.obj)
 .devconfig.init
                0x000000000000a4d0        0xc zephyr/libzephyr.a(entropy_nrf5.c.obj)
 .devconfig.init
                0x000000000000a4dc        0xc zephyr/libzephyr.a(sys_clock_init.c.obj)
 .devconfig.init
                0x000000000000a4e8        0xc zephyr/subsys/bluetooth/controller/libsubsys__bluetooth__controller.a(hci_driver.c.obj)
 .devconfig.init
                0x000000000000a4f4        0xc zephyr/kernel/libkernel.a(mempool.c.obj)
 .devconfig.init
                0x000000000000a500        0xc zephyr/kernel/libkernel.a(system_work_q.c.obj)
 *(SORT_BY_NAME(.devconfig*))
                0x000000000000a50c                __devconfig_end = .

net_l2          0x000000000000a50c        0x0
                0x000000000000a50c                __net_l2_start = .
 *(.net_l2.init)
 *(SORT_BY_NAME(.net_l2.init*))
                0x000000000000a50c                __net_l2_end = .

rodata          0x000000000000a50c      0x6a8
 *(.rodata)
 .rodata        0x000000000000a50c        0x7 zephyr/subsys/bluetooth/host/libsubsys__bluetooth__host.a(hci_core.c.obj)
 .rodata        0x000000000000a513       0x1a zephyr/subsys/bluetooth/controller/libsubsys__bluetooth__controller.a(ctrl.c.obj)
 *(.rodata.*)
 .rodata.main.str1.1
                0x000000000000a52d       0x15 libapp.a(main.c.obj)
 .rodata.str1.1
                0x000000000000a542       0x2c zephyr/libzephyr.a(mpu_regions.c.obj)
 .rodata.str1.1
                0x000000000000a56e       0x2c zephyr/libzephyr.a(soc.c.obj)
                                          0x1 (size before relaxing)
 .rodata._BusFault.str1.1
                0x000000000000a56e       0x66 zephyr/libzephyr.a(fault.c.obj)
 .rodata._Fault.str1.1
                0x000000000000a5d4       0xd3 zephyr/libzephyr.a(fault.c.obj)
 .rodata._FaultThreadShow.isra.2.str1.1
                0x000000000000a6a7       0x4a zephyr/libzephyr.a(fault.c.obj)
 .rodata._MpuFault.str1.1
                0x000000000000a6f1       0xb7 zephyr/libzephyr.a(fault.c.obj)
 .rodata._UsageFault.str1.1
                0x000000000000a7a8       0xd4 zephyr/libzephyr.a(fault.c.obj)
 .rodata._NanoFatalErrorHandler.str1.1
                0x000000000000a87c       0xba zephyr/libzephyr.a(fatal.c.obj)
 .rodata._SysFatalErrorHandler.str1.1
                0x000000000000a936       0x5a zephyr/libzephyr.a(sys_fatal_error_handler.c.obj)
 .rodata.str1.1
                0x000000000000a990        0x1 zephyr/libzephyr.a(arm_mpu.c.obj)
 .rodata._DoInit.str1.1
                0x000000000000a990       0x14 zephyr/libzephyr.a(SEGGER_RTT.c.obj)
 .rodata.sys_rand32_get.str1.1
                0x000000000000a9a4        0xa zephyr/libzephyr.a(rand32_entropy_device.c.obj)
 .rodata.str1.1
                0x000000000000a9ae        0x1 zephyr/libzephyr.a(rtt_console.c.obj)
 *fill*         0x000000000000a9ae        0x2 
 .rodata._k32src_clock_control_api
                0x000000000000a9b0        0xc zephyr/libzephyr.a(nrf5_power_clock.c.obj)
 .rodata._m16src_clock_control_api
                0x000000000000a9bc        0xc zephyr/libzephyr.a(nrf5_power_clock.c.obj)
 .rodata.str1.1
                0x000000000000a9c8       0x16 zephyr/libzephyr.a(nrf5_power_clock.c.obj)
 *fill*         0x000000000000a9de        0x2 
 .rodata.drive_strength.8967
                0x000000000000a9e0       0x40 zephyr/libzephyr.a(gpio_nrf5.c.obj)
 .rodata.gpio_nrf5_P0_cfg
                0x000000000000aa20        0xc zephyr/libzephyr.a(gpio_nrf5.c.obj)
 .rodata.gpio_nrf5_drv_api_funcs
                0x000000000000aa2c       0x1c zephyr/libzephyr.a(gpio_nrf5.c.obj)
 .rodata.str1.1
                0x000000000000aa48        0x7 zephyr/libzephyr.a(gpio_nrf5.c.obj)
 .rodata.str1.1
                0x000000000000aa4f        0x7 zephyr/libzephyr.a(uart_nrf5.c.obj)
 *fill*         0x000000000000aa56        0x2 
 .rodata.uart_nrf5_dev_cfg_0
                0x000000000000aa58        0x8 zephyr/libzephyr.a(uart_nrf5.c.obj)
 .rodata.uart_nrf5_driver_api
                0x000000000000aa60        0xc zephyr/libzephyr.a(uart_nrf5.c.obj)
 .rodata.uart_nrf5_init.str1.1
                0x000000000000aa6c        0x7 zephyr/libzephyr.a(uart_nrf5.c.obj)
 .rodata.entropy_nrf5_api_funcs
                0x000000000000aa6c        0x4 zephyr/libzephyr.a(entropy_nrf5.c.obj)
 .rodata.str1.1
                0x000000000000aa70        0xa zephyr/libzephyr.a(entropy_nrf5.c.obj)
 .rodata.str1.1
                0x000000000000aa70        0xa zephyr/libzephyr.a(sys_clock_init.c.obj)
 .rodata._sys_clock_driver_init.str1.1
                0x000000000000aa7a        0xb zephyr/libzephyr.a(nrf_rtc_timer.c.obj)
 *fill*         0x000000000000aa7a        0x2 
 .rodata.net_buf_fixed_alloc_hci_cmd_pool
                0x000000000000aa7c        0x8 zephyr/subsys/bluetooth/host/libsubsys__bluetooth__host.a(hci_core.c.obj)
 .rodata.net_buf_fixed_alloc_hci_rx_pool
                0x000000000000aa84        0x8 zephyr/subsys/bluetooth/host/libsubsys__bluetooth__host.a(hci_core.c.obj)
 .rodata.net_buf_fixed_hci_cmd_pool
                0x000000000000aa8c        0x8 zephyr/subsys/bluetooth/host/libsubsys__bluetooth__host.a(hci_core.c.obj)
 .rodata.net_buf_fixed_hci_rx_pool
                0x000000000000aa94        0x8 zephyr/subsys/bluetooth/host/libsubsys__bluetooth__host.a(hci_core.c.obj)
 .rodata.drv    0x000000000000aa9c       0x10 zephyr/subsys/bluetooth/controller/libsubsys__bluetooth__controller.a(hci_driver.c.obj)
 .rodata.str1.1
                0x000000000000aaac        0xb zephyr/subsys/bluetooth/controller/libsubsys__bluetooth__controller.a(hci_driver.c.obj)
                                          0xc (size before relaxing)
 .rodata.bt_addr_le_to_str.constprop.43.str1.1
                0x000000000000aab7       0x4c zephyr/subsys/bluetooth/controller/libsubsys__bluetooth__controller.a(hci.c.obj)
 .rodata.hci_cmd_handle.str1.1
                0x000000000000ab03       0x28 zephyr/subsys/bluetooth/controller/libsubsys__bluetooth__controller.a(hci.c.obj)
 *fill*         0x000000000000ab2b        0x1 
 .rodata.gc_lookup_ppm
                0x000000000000ab2c       0x10 zephyr/subsys/bluetooth/controller/libsubsys__bluetooth__controller.a(ctrl.c.obj)
 .rodata.ll_init.str1.1
                0x000000000000ab3c       0x20 zephyr/subsys/bluetooth/controller/libsubsys__bluetooth__controller.a(ll.c.obj)
 .rodata.caller_id_lut
                0x000000000000ab3c        0x4 zephyr/subsys/bluetooth/controller/libsubsys__bluetooth__controller.a(ticker.c.obj)
 .rodata.net_buf_fixed_cb
                0x000000000000ab40        0xc zephyr/subsys/net/libsubsys__net.a(buf.c.obj)
                0x000000000000ab40                net_buf_fixed_cb
 .rodata.config_levels
                0x000000000000ab4c       0x14 zephyr/kernel/libkernel.a(device.c.obj)
 .rodata._k_neg_eagain
                0x000000000000ab60        0x4 zephyr/kernel/libkernel.a(errno.c.obj)
                0x000000000000ab60                _k_neg_eagain
 .rodata._idle_thread
                0x000000000000ab64        0x4 zephyr/kernel/libkernel.a(init.c.obj)
                0x000000000000ab64                _idle_thread
 .rodata.bg_thread_main.str1.1
                0x000000000000ab68       0x49 zephyr/kernel/libkernel.a(init.c.obj)
 .rodata.str1.1
                0x000000000000abb1        0x1 zephyr/kernel/libkernel.a(mempool.c.obj)
 .rodata.str1.1
                0x000000000000abb1        0x1 zephyr/kernel/libkernel.a(system_work_q.c.obj)
 *(.gnu.linkonce.r.*)
                0x000000000000abb4                . = ALIGN (0x4)
 *fill*         0x000000000000abb1        0x3 
                0x000000000000abb4                _image_rodata_end = .
                0x000000000000abb4                _image_rom_end = .

.rel.dyn        0x000000000000abb4        0x0
 .rel.iplt      0x000000000000abb4        0x0 zephyr/CMakeFiles/kernel_elf.dir/isr_tables.c.obj

bss             0x0000000020000000     0x14c0
                0x0000000020000000                . = ALIGN (0x4)
                0x0000000020000000                __bss_start = .
                0x0000000020000000                _image_ram_start = .
                0x0000000020000000                __kernel_ram_start = .
 *(.bss)
 *(.bss.*)
 .bss.arm_mpu_enabled
                0x0000000020000000        0x1 zephyr/libzephyr.a(arm_mpu.c.obj)
 .bss._acDownBuffer
                0x0000000020000001       0x10 zephyr/libzephyr.a(SEGGER_RTT.c.obj)
 .bss._acUpBuffer
                0x0000000020000011      0x400 zephyr/libzephyr.a(SEGGER_RTT.c.obj)
 *fill*         0x0000000020000411        0x3 
 .bss.entropy_driver
                0x0000000020000414        0x4 zephyr/libzephyr.a(rand32_entropy_device.c.obj)
 .bss.k32src_initialized
                0x0000000020000418        0x1 zephyr/libzephyr.a(nrf5_power_clock.c.obj)
 .bss.m16src_grd
                0x0000000020000419        0x1 zephyr/libzephyr.a(nrf5_power_clock.c.obj)
 .bss.m16src_ref
                0x000000002000041a        0x1 zephyr/libzephyr.a(nrf5_power_clock.c.obj)
 *fill*         0x000000002000041b        0x1 
 .bss.gpio_data_P0
                0x000000002000041c       0x10 zephyr/libzephyr.a(gpio_nrf5.c.obj)
 .bss.entropy_nrf5_data
                0x000000002000042c       0x50 zephyr/libzephyr.a(entropy_nrf5.c.obj)
 .bss.expected_sys_ticks
                0x000000002000047c        0x4 zephyr/libzephyr.a(nrf_rtc_timer.c.obj)
 .bss.rtc_past  0x0000000020000480        0x4 zephyr/libzephyr.a(nrf_rtc_timer.c.obj)
 .bss.cmd_data  0x0000000020000484       0x10 zephyr/subsys/bluetooth/host/libsubsys__bluetooth__host.a(hci_core.c.obj)
 .bss.dh_key_cb
                0x0000000020000494        0x4 zephyr/subsys/bluetooth/host/libsubsys__bluetooth__host.a(hci_core.c.obj)
 .bss.pub_key   0x0000000020000498       0x40 zephyr/subsys/bluetooth/host/libsubsys__bluetooth__host.a(hci_core.c.obj)
 .bss.pub_key_cb
                0x00000000200004d8        0x4 zephyr/subsys/bluetooth/host/libsubsys__bluetooth__host.a(hci_core.c.obj)
 .bss.ready_cb  0x00000000200004dc        0x4 zephyr/subsys/bluetooth/host/libsubsys__bluetooth__host.a(hci_core.c.obj)
 .bss.scan_dev_found_cb
                0x00000000200004e0        0x4 zephyr/subsys/bluetooth/host/libsubsys__bluetooth__host.a(hci_core.c.obj)
 .bss.mfl       0x00000000200004e4       0x80 zephyr/subsys/bluetooth/controller/libsubsys__bluetooth__controller.a(mayfly.c.obj)
 .bss.mft       0x0000000020000564       0xc0 zephyr/subsys/bluetooth/controller/libsubsys__bluetooth__controller.a(mayfly.c.obj)
 .bss._instance
                0x0000000020000624       0x58 zephyr/subsys/bluetooth/controller/libsubsys__bluetooth__controller.a(ticker.c.obj)
 .bss.pub_addr  0x000000002000067c        0x6 zephyr/subsys/bluetooth/controller/libsubsys__bluetooth__controller.a(ll_addr.c.obj)
 .bss.rnd_addr  0x0000000020000682        0x6 zephyr/subsys/bluetooth/controller/libsubsys__bluetooth__controller.a(ll_addr.c.obj)
 .bss._opcode   0x0000000020000688        0x2 zephyr/subsys/bluetooth/controller/libsubsys__bluetooth__controller.a(hci.c.obj)
 *fill*         0x000000002000068a        0x2 
 .bss._radio    0x000000002000068c      0x184 zephyr/subsys/bluetooth/controller/libsubsys__bluetooth__controller.a(ctrl.c.obj)
 .bss.link_inact.11669
                0x0000000020000810        0x8 zephyr/subsys/bluetooth/controller/libsubsys__bluetooth__controller.a(ctrl.c.obj)
 .bss.link_inact.11984
                0x0000000020000818        0x8 zephyr/subsys/bluetooth/controller/libsubsys__bluetooth__controller.a(ctrl.c.obj)
 .bss.link_radio.11683
                0x0000000020000820        0x8 zephyr/subsys/bluetooth/controller/libsubsys__bluetooth__controller.a(ctrl.c.obj)
 .bss.link_radio.11992
                0x0000000020000828        0x8 zephyr/subsys/bluetooth/controller/libsubsys__bluetooth__controller.a(ctrl.c.obj)
 .bss.link_xtal.11676
                0x0000000020000830        0x8 zephyr/subsys/bluetooth/controller/libsubsys__bluetooth__controller.a(ctrl.c.obj)
 .bss.link_xtal.11988
                0x0000000020000838        0x8 zephyr/subsys/bluetooth/controller/libsubsys__bluetooth__controller.a(ctrl.c.obj)
 .bss.s_active.11360
                0x0000000020000840        0x1 zephyr/subsys/bluetooth/controller/libsubsys__bluetooth__controller.a(ctrl.c.obj)
 *fill*         0x0000000020000841        0x3 
 .bss.s_link.11367
                0x0000000020000844        0x8 zephyr/subsys/bluetooth/controller/libsubsys__bluetooth__controller.a(ctrl.c.obj)
 .bss.s_link.11379
                0x000000002000084c        0x8 zephyr/subsys/bluetooth/controller/libsubsys__bluetooth__controller.a(ctrl.c.obj)
 .bss.s_link.11391
                0x0000000020000854        0x8 zephyr/subsys/bluetooth/controller/libsubsys__bluetooth__controller.a(ctrl.c.obj)
 .bss.s_link.11402
                0x000000002000085c        0x8 zephyr/subsys/bluetooth/controller/libsubsys__bluetooth__controller.a(ctrl.c.obj)
 .bss.s_link.11405
                0x0000000020000864       0x10 zephyr/subsys/bluetooth/controller/libsubsys__bluetooth__controller.a(ctrl.c.obj)
 .bss.s_link.11523
                0x0000000020000874        0x8 zephyr/subsys/bluetooth/controller/libsubsys__bluetooth__controller.a(ctrl.c.obj)
 .bss.s_link.11543
                0x000000002000087c        0x8 zephyr/subsys/bluetooth/controller/libsubsys__bluetooth__controller.a(ctrl.c.obj)
 .bss.s_link.11689
                0x0000000020000884        0x8 zephyr/subsys/bluetooth/controller/libsubsys__bluetooth__controller.a(ctrl.c.obj)
 .bss.s_link.11737
                0x000000002000088c        0x8 zephyr/subsys/bluetooth/controller/libsubsys__bluetooth__controller.a(ctrl.c.obj)
 .bss.s_xtal_retained.11401
                0x0000000020000894        0x1 zephyr/subsys/bluetooth/controller/libsubsys__bluetooth__controller.a(ctrl.c.obj)
 *fill*         0x0000000020000895        0x3 
 .bss._radio    0x0000000020000898      0x1f0 zephyr/subsys/bluetooth/controller/libsubsys__bluetooth__controller.a(ll.c.obj)
 .bss._ticker_nodes
                0x0000000020000a88      0x118 zephyr/subsys/bluetooth/controller/libsubsys__bluetooth__controller.a(ll.c.obj)
 .bss._ticker_user_ops
                0x0000000020000ba0      0x270 zephyr/subsys/bluetooth/controller/libsubsys__bluetooth__controller.a(ll.c.obj)
 .bss._ticker_users
                0x0000000020000e10       0x20 zephyr/subsys/bluetooth/controller/libsubsys__bluetooth__controller.a(ll.c.obj)
 .bss.sem_recv  0x0000000020000e30        0x4 zephyr/subsys/bluetooth/controller/libsubsys__bluetooth__controller.a(ll.c.obj)
 .bss.ll_adv    0x0000000020000e34        0x8 zephyr/subsys/bluetooth/controller/libsubsys__bluetooth__controller.a(ll_adv.c.obj)
 .bss.wl_filter
                0x0000000020000e3c       0x32 zephyr/subsys/bluetooth/controller/libsubsys__bluetooth__controller.a(ll_filter.c.obj)
 .bss._refcount
                0x0000000020000e6e        0x1 zephyr/subsys/bluetooth/controller/libsubsys__bluetooth__controller.a(cntr.c.obj)
 *fill*         0x0000000020000e6f        0x1 
 .bss._ccm_scratch
                0x0000000020000e70      0x10b zephyr/subsys/bluetooth/controller/libsubsys__bluetooth__controller.a(radio.c.obj)
 *fill*         0x0000000020000f7b        0x1 
 .bss._pkt_empty
                0x0000000020000f7c        0x3 zephyr/subsys/bluetooth/controller/libsubsys__bluetooth__controller.a(radio.c.obj)
 *fill*         0x0000000020000f7f        0x1 
 .bss._pkt_scratch
                0x0000000020000f80      0x102 zephyr/subsys/bluetooth/controller/libsubsys__bluetooth__controller.a(radio.c.obj)
 *fill*         0x0000000020001082        0x2 
 .bss.radio_tmr_aa
                0x0000000020001084        0x4 zephyr/subsys/bluetooth/controller/libsubsys__bluetooth__controller.a(radio.c.obj)
 .bss.sfp_radio_isr
                0x0000000020001088        0x4 zephyr/subsys/bluetooth/controller/libsubsys__bluetooth__controller.a(radio.c.obj)
 .bss.sw_tifs_toggle